Component: ARM Compiler 5.06 update 6 (build 750) Tool: armlink [4d35ed]

==============================================================================

Section Cross References

    system_stm32f10x.o(.text) refers to system_stm32f10x.o(.data) for SystemCoreClock
    minibalance.o(.text) refers to _printf_percent.o(.ARM.Collect$$_printf_percent$$00000000) for _printf_percent
    minibalance.o(.text) refers to _printf_d.o(.ARM.Collect$$_printf_percent$$00000009) for _printf_d
    minibalance.o(.text) refers to _printf_dec.o(.text) for _printf_int_dec
    minibalance.o(.text) refers to delay.o(.text) for delay_init
    minibalance.o(.text) refers to usart.o(.text) for uart_init
    minibalance.o(.text) refers to sys.o(.text) for JTAG_Set
    minibalance.o(.text) refers to led.o(.text) for LED_Init
    minibalance.o(.text) refers to key.o(.text) for KEY_Init
    minibalance.o(.text) refers to adc.o(.text) for Adc_Init
    minibalance.o(.text) refers to oled.o(.text) for OLED_Init
    minibalance.o(.text) refers to timer.o(.text) for TIM2_Int_Init
    minibalance.o(.text) refers to motor.o(.text) for TIM1_PWM_Init
    minibalance.o(.text) refers to pstwo.o(.text) for PS2_Init
    minibalance.o(.text) refers to stmflash.o(.text) for Flash_Write
    minibalance.o(.text) refers to show.o(.text) for oled_show
    minibalance.o(.text) refers to noretval__2printf.o(.text) for __2printf
    minibalance.o(.text) refers to minibalance.o(.data) for PS2_LX
    startup_stm32f10x_md.o(STACK) refers (Special) to heapauxi.o(.text) for __use_two_region_memory
    startup_stm32f10x_md.o(HEAP) refers (Special) to heapauxi.o(.text) for __use_two_region_memory
    startup_stm32f10x_md.o(RESET) refers (Special) to heapauxi.o(.text) for __use_two_region_memory
    startup_stm32f10x_md.o(RESET) refers to startup_stm32f10x_md.o(STACK) for __initial_sp
    startup_stm32f10x_md.o(RESET) refers to startup_stm32f10x_md.o(.text) for Reset_Handler
    startup_stm32f10x_md.o(RESET) refers to stm32f10x_it.o(.text) for NMI_Handler
    startup_stm32f10x_md.o(RESET) refers to control.o(.text) for TIM2_IRQHandler
    startup_stm32f10x_md.o(RESET) refers to usart3.o(.text) for USART3_IRQHandler
    startup_stm32f10x_md.o(.text) refers (Special) to heapauxi.o(.text) for __use_two_region_memory
    startup_stm32f10x_md.o(.text) refers to system_stm32f10x.o(.text) for SystemInit
    startup_stm32f10x_md.o(.text) refers to __main.o(!!!main) for __main
    startup_stm32f10x_md.o(.text) refers to startup_stm32f10x_md.o(HEAP) for Heap_Mem
    startup_stm32f10x_md.o(.text) refers to startup_stm32f10x_md.o(STACK) for Stack_Mem
    stm32f10x_adc.o(.text) refers to stm32f10x_rcc.o(.text) for RCC_APB2PeriphResetCmd
    stm32f10x_bkp.o(.text) refers to stm32f10x_rcc.o(.text) for RCC_BackupResetCmd
    stm32f10x_can.o(.text) refers to stm32f10x_rcc.o(.text) for RCC_APB1PeriphResetCmd
    stm32f10x_cec.o(.text) refers to stm32f10x_rcc.o(.text) for RCC_APB1PeriphResetCmd
    stm32f10x_dac.o(.text) refers to stm32f10x_rcc.o(.text) for RCC_APB1PeriphResetCmd
    stm32f10x_gpio.o(.text) refers to stm32f10x_rcc.o(.text) for RCC_APB2PeriphResetCmd
    stm32f10x_i2c.o(.text) refers to stm32f10x_rcc.o(.text) for RCC_APB1PeriphResetCmd
    stm32f10x_pwr.o(.text) refers to stm32f10x_rcc.o(.text) for RCC_APB1PeriphResetCmd
    stm32f10x_rcc.o(.text) refers to stm32f10x_rcc.o(.data) for APBAHBPrescTable
    stm32f10x_spi.o(.text) refers to stm32f10x_rcc.o(.text) for RCC_APB2PeriphResetCmd
    stm32f10x_tim.o(.text) refers to stm32f10x_rcc.o(.text) for RCC_APB2PeriphResetCmd
    stm32f10x_usart.o(.text) refers to stm32f10x_rcc.o(.text) for RCC_APB2PeriphResetCmd
    stm32f10x_wwdg.o(.text) refers to stm32f10x_rcc.o(.text) for RCC_APB1PeriphResetCmd
    delay.o(.text) refers to misc.o(.text) for SysTick_CLKSourceConfig
    delay.o(.text) refers to system_stm32f10x.o(.data) for SystemCoreClock
    delay.o(.text) refers to delay.o(.data) for fac_us
    sys.o(.text) refers to sys.o(.emb_text) for WFI_SET
    usart.o(.text) refers (Special) to use_no_semi_2.o(.text) for __use_no_semihosting
    usart.o(.text) refers to stm32f10x_rcc.o(.text) for RCC_APB2PeriphClockCmd
    usart.o(.text) refers to stm32f10x_gpio.o(.text) for GPIO_Init
    usart.o(.text) refers to stm32f10x_usart.o(.text) for USART_Init
    usart.o(.data) refers (Special) to use_no_semi_2.o(.text) for __use_no_semihosting
    led.o(.text) refers to stm32f10x_rcc.o(.text) for RCC_APB2PeriphClockCmd
    led.o(.text) refers to stm32f10x_gpio.o(.text) for GPIO_Init
    led.o(.text) refers to led.o(.data) for temp
    key.o(.text) refers to stm32f10x_rcc.o(.text) for RCC_APB2PeriphClockCmd
    key.o(.text) refers to stm32f10x_gpio.o(.text) for GPIO_Init
    key.o(.text) refers to stm32f10x_pwr.o(.text) for PWR_BackupAccessCmd
    key.o(.text) refers to stm32f10x_bkp.o(.text) for BKP_TamperPinCmd
    key.o(.text) refers to key.o(.data) for Forever_count
[...]
    Last_Bias                                0x2000016c   Data           4  control.o(.data)
    Bias                                     0x20000170   Data           4  control.o(.data)
    Pwm                                      0x20000174   Data           4  control.o(.data)
    Integral_bias                            0x20000178   Data           4  control.o(.data)
    Last_Bias                                0x2000017c   Data           4  control.o(.data)
    Bias                                     0x20000180   Data           4  control.o(.data)
    Pwm                                      0x20000184   Data           4  control.o(.data)
    Integral_bias                            0x20000188   Data           4  control.o(.data)
    Last_Bias                                0x2000018c   Data           4  control.o(.data)
    Bias                                     0x20000190   Data           4  control.o(.data)
    Pwm                                      0x20000194   Data           4  control.o(.data)
    Integral_bias                            0x20000198   Data           4  control.o(.data)
    Last_Bias                                0x2000019c   Data           4  control.o(.data)
    Bias                                     0x200001a0   Data           4  control.o(.data)
    Pwm                                      0x200001a4   Data           4  control.o(.data)
    Integral_bias                            0x200001a8   Data           4  control.o(.data)
    Last_Bias                                0x200001ac   Data           4  control.o(.data)
    .data                                    0x200001b0   Section        9  show.o(.data)
    flag                                     0x200001b8   Data           1  show.o(.data)
    .bss                                     0x200001bc   Section       40  minibalance.o(.bss)
    .bss                                     0x200001e4   Section     1024  oled.o(.bss)
    .bss                                     0x200005e4   Section     1024  stmflash.o(.bss)
    .bss                                     0x200009e4   Section        9  pstwo.o(.bss)
    .bss                                     0x200009ed   Section       42  datascope_dp.o(.bss)
    .bss                                     0x20000a18   Section       96  libspace.o(.bss)
    HEAP                                     0x20000a78   Section      512  startup_stm32f10x_md.o(HEAP)
    Heap_Mem                                 0x20000a78   Data         512  startup_stm32f10x_md.o(HEAP)
    STACK                                    0x20000c78   Section     1024  startup_stm32f10x_md.o(STACK)
    Stack_Mem                                0x20000c78   Data        1024  startup_stm32f10x_md.o(STACK)
    __initial_sp                             0x20001078   Data           0  startup_stm32f10x_md.o(STACK)

    Global Symbols

    Symbol Name                              Value     Ov Type        Size  Object(Section)

    BuildAttributes$$THM_ISAv4$P$D$K$B$S$PE$A:L22UL41UL21$X:L11$S22US41US21$IEEE1$IW$USESV6$~STKCKD$USESV7$~SHL$OTIME$ROPI$IEEEX$EBA8$UX$STANDARDLIB$REQ8$PRES8$EABIv2 0x00000000   Number         0  anon$$obj.o ABSOLUTE
    __ARM_use_no_argv                        0x00000000   Number         0  minibalance.o ABSOLUTE
    __ARM_exceptions_init                     - Undefined Weak Reference
    __alloca_initialize                       - Undefined Weak Reference
    __arm_preinit_                            - Undefined Weak Reference
    __cpp_initialize__aeabi_                  - Undefined Weak Reference
    __cxa_finalize                            - Undefined Weak Reference
    __rt_locale                               - Undefined Weak Reference
    __sigvec_lookup                           - Undefined Weak Reference
    _atexit_init                              - Undefined Weak Reference
    _call_atexit_fns                          - Undefined Weak Reference
    _clock_init                               - Undefined Weak Reference
    _fp_trap_init                             - Undefined Weak Reference
    _fp_trap_shutdown                         - Undefined Weak Reference
    _get_lc_collate                           - Undefined Weak Reference
    _get_lc_ctype                             - Undefined Weak Reference
    _get_lc_monetary                          - Undefined Weak Reference
    _get_lc_numeric                           - Undefined Weak Reference
    _get_lc_time                              - Undefined Weak Reference
    _getenv_init                              - Undefined Weak Reference
    _handle_redirection                       - Undefined Weak Reference
    _init_alloc                               - Undefined Weak Reference
    _init_user_alloc                          - Undefined Weak Reference
    _initio                                   - Undefined Weak Reference
    _mutex_acquire                            - Undefined Weak Reference
    _mutex_release                            - Undefined Weak Reference
    _printf_post_padding                      - Undefined Weak Reference
    _printf_pre_padding                       - Undefined Weak Reference
    _printf_truncate_signed                   - Undefined Weak Reference
    _printf_truncate_unsigned                 - Undefined Weak Reference
    _rand_init                                - Undefined Weak Reference
    _signal_finish                            - Undefined Weak Reference
    _signal_init                              - Undefined Weak Reference
    _terminate_alloc                          - Undefined Weak Reference
    _terminate_user_alloc                     - Undefined Weak Reference
    _terminateio                              - Undefined Weak Reference
    __Vectors_Size                           0x000000ec   Number         0  startup_stm32f10x_md.o ABSOLUTE
    __Vectors                                0x08000000   Data           4  startup_stm32f10x_md.o(RESET)
    __Vectors_End                            0x080000ec   Data           0  startup_stm32f10x_md.o(RESET)
    __main                                   0x080000ed   Thumb Code     8  __main.o(!!!main)
    __scatterload                            0x080000f5   Thumb Code     0  __scatter.o(!!!scatter)
    __scatterload_rt2                        0x080000f5   Thumb Code    44  __scatter.o(!!!scatter)
    __scatterload_rt2_thumb_only             0x080000f5   Thumb Code     0  __scatter.o(!!!scatter)
    __scatterload_null                       0x08000103   Thumb Code     0  __scatter.o(!!!scatter)
    __decompress                             0x08000129   Thumb Code    90  __dczerorl2.o(!!dczerorl2)
    __decompress1                            0x08000129   Thumb Code     0  __dczerorl2.o(!!dczerorl2)
    __scatterload_zeroinit                   0x08000185   Thumb Code    28  __scatter_zi.o(!!handler_zi)
    _printf_d                                0x080001a1   Thumb Code     0  _printf_d.o(.ARM.Collect$$_printf_percent$$00000009)
    _printf_percent                          0x080001a1   Thumb Code     0  _printf_percent.o(.ARM.Collect$$_printf_percent$$00000000)
    _printf_percent_end                      0x080001a7   Thumb Code     0  _printf_percent_end.o(.ARM.Collect$$_printf_percent$$00000017)
    __rt_lib_init                            0x080001ab   Thumb Code     0  libinit.o(.ARM.Collect$$libinit$$00000000)
    __rt_lib_init_alloca_1                   0x080001ad   Thumb Code     0  libinit2.o(.ARM.Collect$$libinit$$0000002E)
    __rt_lib_init_argv_1                     0x080001ad   Thumb Code     0  libinit2.o(.ARM.Collect$$libinit$$0000002C)
    __rt_lib_init_atexit_1                   0x080001ad   Thumb Code     0  libinit2.o(.ARM.Collect$$libinit$$0000001B)
    __rt_lib_init_clock_1                    0x080001ad   Thumb Code     0  libinit2.o(.ARM.Collect$$libinit$$00000021)
    __rt_lib_init_cpp_1                      0x080001ad   Thumb Code     0  libinit2.o(.ARM.Collect$$libinit$$00000032)
    __rt_lib_init_exceptions_1               0x080001ad   Thumb Code     0  libinit2.o(.ARM.Collect$$libinit$$00000030)
    __rt_lib_init_fp_1                       0x080001ad   Thumb Code     0  libinit2.o(.ARM.Collect$$libinit$$00000002)
    __rt_lib_init_fp_trap_1                  0x080001ad   Thumb Code     0  libinit2.o(.ARM.Collect$$libinit$$0000001F)
    __rt_lib_init_getenv_1                   0x080001ad   Thumb Code     0  libinit2.o(.ARM.Collect$$libinit$$00000023)
    __rt_lib_init_heap_1                     0x080001ad   Thumb Code     0  libinit2.o(.ARM.Collect$$libinit$$0000000A)
    __rt_lib_init_lc_collate_1               0x080001ad   Thumb Code     0  libinit2.o(.ARM.Collect$$libinit$$00000011)
    __rt_lib_init_lc_ctype_1                 0x080001ad   Thumb Code     0  libinit2.o(.ARM.Collect$$libinit$$00000013)
    __rt_lib_init_lc_monetary_1              0x080001ad   Thumb Code     0  libinit2.o(.ARM.Collect$$libinit$$00000015)
    __rt_lib_init_lc_numeric_1               0x080001ad   Thumb Code     0  libinit2.o(.ARM.Collect$$libinit$$00000017)
    __rt_lib_init_lc_time_1                  0x080001ad   Thumb Code     0  libinit2.o(.ARM.Collect$$libinit$$00000019)
    __rt_lib_init_preinit_1                  0x080001ad   Thumb Code     0  libinit2.o(.ARM.Collect$$libinit$$00000004)
    __rt_lib_init_rand_1                     0x080001ad   Thumb Code     0  libinit2.o(.ARM.Collect$$libinit$$0000000E)
    __rt_lib_init_return                     0x080001ad   Thumb Code     0  libinit2.o(.ARM.Collect$$libinit$$00000033)
    __rt_lib_init_signal_1                   0x080001ad   Thumb Code     0  libinit2.o(.ARM.Collect$$libinit$$0000001D)
    __rt_lib_init_stdio_1                    0x080001ad   Thumb Code     0  libinit2.o(.ARM.Collect$$libinit$$00000025)
    __rt_lib_init_user_alloc_1               0x080001ad   Thumb Code     0  libinit2.o(.ARM.Collect$$libinit$$0000000C)
    __rt_lib_shutdown                        0x080001af   Thumb Code     0  libshutdown.o(.ARM.Collect$$libshutdown$$00000000)
    __rt_lib_shutdown_cpp_1                  0x080001b1   Thumb Code     0  libshutdown2.o(.ARM.Collect$$libshutdown$$00000002)
    __rt_lib_shutdown_fp_trap_1              0x080001b1   Thumb Code     0  libshutdown2.o(.ARM.Collect$$libshutdown$$00000007)
    __rt_lib_shutdown_heap_1                 0x080001b1   Thumb Code     0  libshutdown2.o(.ARM.Collect$$libshutdown$$0000000F)
    __rt_lib_shutdown_return                 0x080001b1   Thumb Code     0  libshutdown2.o(.ARM.Collect$$libshutdown$$00000010)
    __rt_lib_shutdown_signal_1               0x080001b1   Thumb Code     0  libshutdown2.o(.ARM.Collect$$libshutdown$$0000000A)
    __rt_lib_shutdown_stdio_1                0x080001b1   Thumb Code     0  libshutdown2.o(.ARM.Collect$$libshutdown$$00000004)
    __rt_lib_shutdown_user_alloc_1           0x080001b1   Thumb Code     0  libshutdown2.o(.ARM.Collect$$libshutdown$$0000000C)
    __rt_entry                               0x080001b3   Thumb Code     0  __rtentry.o(.ARM.Collect$$rtentry$$00000000)
    __rt_entry_presh_1                       0x080001b3   Thumb Code     0  __rtentry2.o(.ARM.Collect$$rtentry$$00000002)
    __rt_entry_sh                            0x080001b3   Thumb Code     0  __rtentry4.o(.ARM.Collect$$rtentry$$00000004)
    __rt_entry_li                            0x080001b9   Thumb Code     0  __rtentry2.o(.ARM.Collect$$rtentry$$0000000A)
    __rt_entry_postsh_1                      0x080001b9   Thumb Code     0  __rtentry2.o(.ARM.Collect$$rtentry$$00000009)
    __rt_entry_main                          0x080001bd   Thumb Code     0  __rtentry2.o(.ARM.Collect$$rtentry$$0000000D)
    __rt_entry_postli_1                      0x080001bd   Thumb Code     0  __rtentry2.o(.ARM.Collect$$rtentry$$0000000C)
    __rt_exit                                0x080001c5   Thumb Code     0  rtexit.o(.ARM.Collect$$rtexit$$00000000)
    __rt_exit_ls                             0x080001c7   Thumb Code     0  rtexit2.o(.ARM.Collect$$rtexit$$00000003)
    __rt_exit_prels_1                        0x080001c7   Thumb Code     0  rtexit2.o(.ARM.Collect$$rtexit$$00000002)
    __rt_exit_exit                           0x080001cb   Thumb Code     0  rtexit2.o(.ARM.Collect$$rtexit$$00000004)
    WFI_SET                                  0x080001d1   Thumb Code     2  sys.o(.emb_text)
    INTX_DISABLE                             0x080001d3   Thumb Code     2  sys.o(.emb_text)
    INTX_ENABLE                              0x080001d5   Thumb Code     2  sys.o(.emb_text)
    MSR_MSP                                  0x080001d7   Thumb Code     6  sys.o(.emb_text)
    NMI_Handler                              0x080001dd   Thumb Code     2  stm32f10x_it.o(.text)
    HardFault_Handler                        0x080001df   Thumb Code     4  stm32f10x_it.o(.text)
    MemManage_Handler                        0x080001e3   Thumb Code     4  stm32f10x_it.o(.text)
    BusFault_Handler                         0x080001e7   Thumb Code     4  stm32f10x_it.o(.text)
    UsageFault_Handler                       0x080001eb   Thumb Code     4  stm32f10x_it.o(.text)
    SVC_Handler                              0x080001ef   Thumb Code     2  stm32f10x_it.o(.text)
    DebugMon_Handler                         0x080001f1   Thumb Code     2  stm32f10x_it.o(.text)
    PendSV_Handler                           0x080001f3   Thumb Code     2  stm32f10x_it.o(.text)
    SysTick_Handler                          0x080001f5   Thumb Code     2  stm32f10x_it.o(.text)
    SystemInit                               0x080002d7   Thumb Code    78  system_stm32f10x.o(.text)
    SystemCoreClockUpdate                    0x08000325   Thumb Code   142  system_stm32f10x.o(.text)
    main                                     0x080003d9   Thumb Code   194  minibalance.o(.text)
    Reset_Handler                            0x080004c1   Thumb Code     8  startup_stm32f10x_md.o(.text)
    ADC1_2_IRQHandler                        0x080004db   Thumb Code     0  startup_stm32f10x_md.o(.text)
    CAN1_RX1_IRQHandler                      0x080004db   Thumb Code     0  startup_stm32f10x_md.o(.text)
    CAN1_SCE_IRQHandler                      0x080004db   Thumb Code     0  startup_stm32f10x_md.o(.text)
    DMA1_Channel1_IRQHandler                 0x080004db   Thumb Code     0  startup_stm32f10x_md.o(.text)
    DMA1_Channel2_IRQHandler                 0x080004db   Thumb Code     0  startup_stm32f10x_md.o(.text)
    DMA1_Channel3_IRQHandler                 0x080004db   Thumb Code     0  startup_stm32f10x_md.o(.text)
    DMA1_Channel4_IRQHandler                 0x080004db   Thumb Code     0  startup_stm32f10x_md.o(.text)
    DMA1_Channel5_IRQHandler                 0x080004db   Thumb Code     0  startup_stm32f10x_md.o(.text)
    DMA1_Channel6_IRQHandler                 0x080004db   Thumb Code     0  startup_stm32f10x_md.o(.text)
    DMA1_Channel7_IRQHandler                 0x080004db   Thumb Code     0  startup_stm32f10x_md.o(.text)
    EXTI0_IRQHandler                         0x080004db   Thumb Code     0  startup_stm32f10x_md.o(.text)
    EXTI15_10_IRQHandler                     0x080004db   Thumb Code     0  startup_stm32f10x_md.o(.text)
    EXTI1_IRQHandler                         0x080004db   Thumb Code     0  startup_stm32f10x_md.o(.text)
    EXTI2_IRQHandler                         0x080004db   Thumb Code     0  startup_stm32f10x_md.o(.text)
    EXTI3_IRQHandler                         0x080004db   Thumb Code     0  startup_stm32f10x_md.o(.text)
    EXTI4_IRQHandler                         0x080004db   Thumb Code     0  startup_stm32f10x_md.o(.text)
    EXTI9_5_IRQHandler                       0x080004db   Thumb Code     0  startup_stm32f10x_md.o(.text)
    FLASH_IRQHandler                         0x080004db   Thumb Code     0  startup_stm32f10x_md.o(.text)
    I2C1_ER_IRQHandler                       0x080004db   Thumb Code     0  startup_stm32f10x_md.o(.text)
    I2C1_EV_IRQHandler                       0x080004db   Thumb Code     0  startup_stm32f10x_md.o(.text)
    I2C2_ER_IRQHandler                       0x080004db   Thumb Code     0  startup_stm32f10x_md.o(.text)
    I2C2_EV_IRQHandler                       0x080004db   Thumb Code     0  startup_stm32f10x_md.o(.text)
    PVD_IRQHandler                           0x080004db   Thumb Code     0  startup_stm32f10x_md.o(.text)
    RCC_IRQHandler                           0x080004db   Thumb Code     0  startup_stm32f10x_md.o(.text)
    RTCAlarm_IRQHandler                      0x080004db   Thumb Code     0  startup_stm32f10x_md.o(.text)
    RTC_IRQHandler                           0x080004db   Thumb Code     0  startup_stm32f10x_md.o(.text)
    SPI1_IRQHandler                          0x080004db   Thumb Code     0  startup_stm32f10x_md.o(.text)
    SPI2_IRQHandler                          0x080004db   Thumb Code     0  startup_stm32f10x_md.o(.text)
    TAMPER_IRQHandler                        0x080004db   Thumb Code     0  startup_stm32f10x_md.o(.text)
    TIM1_BRK_IRQHandler                      0x080004db   Thumb Code     0  startup_stm32f10x_md.o(.text)
    TIM1_CC_IRQHandler                       0x080004db   Thumb Code     0  startup_stm32f10x_md.o(.text)
    TIM1_TRG_COM_IRQHandler                  0x080004db   Thumb Code     0  startup_stm32f10x_md.o(.text)
    TIM1_UP_IRQHandler                       0x080004db   Thumb Code     0  startup_stm32f10x_md.o(.text)
    TIM3_IRQHandler                          0x080004db   Thumb Code     0  startup_stm32f10x_md.o(.text)
    TIM4_IRQHandler                          0x080004db   Thumb Code     0  startup_stm32f10x_md.o(.text)
    USART1_IRQHandler                        0x080004db   Thumb Code     0  startup_stm32f10x_md.o(.text)
    USART2_IRQHandler                        0x080004db   Thumb Code     0  startup_stm32f10x_md.o(.text)
    USBWakeUp_IRQHandler                     0x080004db   Thumb Code     0  startup_stm32f10x_md.o(.text)
    USB_HP_CAN1_TX_IRQHandler                0x080004db   Thumb Code     0  startup_stm32f10x_md.o(.text)
    USB_LP_CAN1_RX0_IRQHandler               0x080004db   Thumb Code     0  startup_stm32f10x_md.o(.text)
    WWDG_IRQHandler                          0x080004db   Thumb Code     0  startup_stm32f10x_md.o(.text)
    __user_initial_stackheap                 0x080004dd   Thumb Code     0  startup_stm32f10x_md.o(.text)
    NVIC_PriorityGroupConfig                 0x08000501   Thumb Code    10  misc.o(.text)
    NVIC_Init                                0x0800050b   Thumb Code   100  misc.o(.text)
    NVIC_SetVectorTable                      0x0800056f   Thumb Code    14  misc.o(.text)
    NVIC_SystemLPConfig                      0x0800057d   Thumb Code    34  misc.o(.text)
    SysTick_CLKSourceConfig                  0x0800059f   Thumb Code    40  misc.o(.text)
    ADC_DeInit                               0x080005dd   Thumb Code    78  stm32f10x_adc.o(.text)
    ADC_Init                                 0x0800062b   Thumb Code    70  stm32f10x_adc.o(.text)
    ADC_StructInit                           0x08000671   Thumb Code    18  stm32f10x_adc.o(.text)
    ADC_Cmd                                  0x08000683   Thumb Code    22  stm32f10x_adc.o(.text)
    ADC_DMACmd                               0x08000699   Thumb Code    22  stm32f10x_adc.o(.text)
    ADC_ITConfig                             0x080006af   Thumb Code    24  stm32f10x_adc.o(.text)
    ADC_ResetCalibration                     0x080006c7   Thumb Code    10  stm32f10x_adc.o(.text)
    ADC_GetResetCalibrationStatus            0x080006d1   Thumb Code    20  stm32f10x_adc.o(.text)
    ADC_StartCalibration                     0x080006e5   Thumb Code    10  stm32f10x_adc.o(.text)
    ADC_GetCalibrationStatus                 0x080006ef   Thumb Code    20  stm32f10x_adc.o(.text)
    ADC_SoftwareStartConvCmd                 0x08000703   Thumb Code    22  stm32f10x_adc.o(.text)
    ADC_GetSoftwareStartConvStatus           0x08000719   Thumb Code    20  stm32f10x_adc.o(.text)
    ADC_DiscModeChannelCountConfig           0x0800072d   Thumb Code    24  stm32f10x_adc.o(.text)
    ADC_DiscModeCmd                          0x08000745   Thumb Code    22  stm32f10x_adc.o(.text)
    ADC_RegularChannelConfig                 0x0800075b   Thumb Code   184  stm32f10x_adc.o(.text)
    ADC_ExternalTrigConvCmd                  0x08000813   Thumb Code    22  stm32f10x_adc.o(.text)
    ADC_GetConversionValue                   0x08000829   Thumb Code     8  stm32f10x_adc.o(.text)
    ADC_GetDualModeConversionValue           0x08000831   Thumb Code     8  stm32f10x_adc.o(.text)
    ADC_AutoInjectedConvCmd                  0x08000839   Thumb Code    22  stm32f10x_adc.o(.text)
    ADC_InjectedDiscModeCmd                  0x0800084f   Thumb Code    22  stm32f10x_adc.o(.text)
    ADC_ExternalTrigInjectedConvConfig       0x08000865   Thumb Code    16  stm32f10x_adc.o(.text)
    ADC_ExternalTrigInjectedConvCmd          0x08000875   Thumb Code    22  stm32f10x_adc.o(.text)
    ADC_SoftwareStartInjectedConvCmd         0x0800088b   Thumb Code    22  stm32f10x_adc.o(.text)
    ADC_GetSoftwareStartInjectedConvCmdStatus 0x080008a1   Thumb Code    20  stm32f10x_adc.o(.text)
    ADC_InjectedChannelConfig                0x080008b5   Thumb Code   130  stm32f10x_adc.o(.text)
    ADC_InjectedSequencerLengthConfig        0x08000937   Thumb Code    24  stm32f10x_adc.o(.text)
    ADC_SetInjectedOffset                    0x0800094f   Thumb Code    20  stm32f10x_adc.o(.text)
    ADC_GetInjectedConversionValue           0x08000963   Thumb Code    28  stm32f10x_adc.o(.text)
    ADC_AnalogWatchdogCmd                    0x0800097f   Thumb Code    16  stm32f10x_adc.o(.text)
    ADC_AnalogWatchdogThresholdsConfig       0x0800098f   Thumb Code     6  stm32f10x_adc.o(.text)
    ADC_AnalogWatchdogSingleChannelConfig    0x08000995   Thumb Code    16  stm32f10x_adc.o(.text)
    ADC_TempSensorVrefintCmd                 0x080009a5   Thumb Code    64  stm32f10x_adc.o(.text)
    ADC_GetFlagStatus                        0x080009e5   Thumb Code    18  stm32f10x_adc.o(.text)
    ADC_ClearFlag                            0x080009f7   Thumb Code     6  stm32f10x_adc.o(.text)
    ADC_GetITStatus                          0x080009fd   Thumb Code    36  stm32f10x_adc.o(.text)
    ADC_ClearITPendingBit                    0x08000a21   Thumb Code    10  stm32f10x_adc.o(.text)
    BKP_DeInit                               0x08000a2d   Thumb Code    16  stm32f10x_bkp.o(.text)
    BKP_TamperPinLevelConfig                 0x08000a3d   Thumb Code     6  stm32f10x_bkp.o(.text)
    BKP_TamperPinCmd                         0x08000a43   Thumb Code     8  stm32f10x_bkp.o(.text)
    BKP_ITConfig                             0x08000a4b   Thumb Code     8  stm32f10x_bkp.o(.text)
    BKP_RTCOutputConfig                      0x08000a53   Thumb Code    22  stm32f10x_bkp.o(.text)
    BKP_SetRTCCalibrationValue               0x08000a69   Thumb Code    22  stm32f10x_bkp.o(.text)
    BKP_WriteBackupRegister                  0x08000a7f   Thumb Code    24  stm32f10x_bkp.o(.text)
    BKP_ReadBackupRegister                   0x08000a97   Thumb Code    26  stm32f10x_bkp.o(.text)
    BKP_GetFlagStatus                        0x08000ab1   Thumb Code    10  stm32f10x_bkp.o(.text)
    BKP_ClearFlag                            0x08000abb   Thumb Code    18  stm32f10x_bkp.o(.text)
    BKP_GetITStatus                          0x08000acd   Thumb Code    10  stm32f10x_bkp.o(.text)
    BKP_ClearITPendingBit                    0x08000ad7   Thumb Code    18  stm32f10x_bkp.o(.text)
    GPIO_DeInit                              0x08000af1   Thumb Code   172  stm32f10x_gpio.o(.text)
    GPIO_AFIODeInit                          0x08000b9d   Thumb Code    20  stm32f10x_gpio.o(.text)
    GPIO_Init                                0x08000bb1   Thumb Code   278  stm32f10x_gpio.o(.text)
    GPIO_StructInit                          0x08000cc7   Thumb Code    16  stm32f10x_gpio.o(.text)
    GPIO_ReadInputDataBit                    0x08000cd7   Thumb Code    18  stm32f10x_gpio.o(.text)
    GPIO_ReadInputData                       0x08000ce9   Thumb Code     8  stm32f10x_gpio.o(.text)
    GPIO_ReadOutputDataBit                   0x08000cf1   Thumb Code    18  stm32f10x_gpio.o(.text)
    GPIO_ReadOutputData                      0x08000d03   Thumb Code     8  stm32f10x_gpio.o(.text)
    GPIO_SetBits                             0x08000d0b   Thumb Code     4  stm32f10x_gpio.o(.text)
    GPIO_ResetBits                           0x08000d0f   Thumb Code     4  stm32f10x_gpio.o(.text)
    GPIO_WriteBit                            0x08000d13   Thumb Code    10  stm32f10x_gpio.o(.text)
    GPIO_Write                               0x08000d1d   Thumb Code     4  stm32f10x_gpio.o(.text)
    GPIO_PinLockConfig                       0x08000d21   Thumb Code    18  stm32f10x_gpio.o(.text)
    GPIO_EventOutputConfig                   0x08000d33   Thumb Code    26  stm32f10x_gpio.o(.text)
    GPIO_EventOutputCmd                      0x08000d4d   Thumb Code     6  stm32f10x_gpio.o(.text)
    GPIO_PinRemapConfig                      0x08000d53   Thumb Code   138  stm32f10x_gpio.o(.text)
    GPIO_EXTILineConfig                      0x08000ddd   Thumb Code    66  stm32f10x_gpio.o(.text)
    GPIO_ETH_MediaInterfaceConfig            0x08000e1f   Thumb Code     8  stm32f10x_gpio.o(.text)
    PWR_DeInit                               0x08000e4d   Thumb Code    22  stm32f10x_pwr.o(.text)
    PWR_BackupAccessCmd                      0x08000e63   Thumb Code     6  stm32f10x_pwr.o(.text)
    PWR_PVDCmd                               0x08000e69   Thumb Code     6  stm32f10x_pwr.o(.text)
    PWR_PVDLevelConfig                       0x08000e6f   Thumb Code    18  stm32f10x_pwr.o(.text)
    PWR_WakeUpPinCmd                         0x08000e81   Thumb Code     8  stm32f10x_pwr.o(.text)
    PWR_EnterSTOPMode                        0x08000e89   Thumb Code    54  stm32f10x_pwr.o(.text)
    PWR_EnterSTANDBYMode                     0x08000ebf   Thumb Code    42  stm32f10x_pwr.o(.text)
    PWR_GetFlagStatus                        0x08000ee9   Thumb Code    20  stm32f10x_pwr.o(.text)
    PWR_ClearFlag                            0x08000efd   Thumb Code    14  stm32f10x_pwr.o(.text)
    RCC_DeInit                               0x08000f19   Thumb Code    64  stm32f10x_rcc.o(.text)
    RCC_HSEConfig                            0x08000f59   Thumb Code    70  stm32f10x_rcc.o(.text)
    RCC_GetFlagStatus                        0x08000f9f   Thumb Code    56  stm32f10x_rcc.o(.text)
    RCC_WaitForHSEStartUp                    0x08000fd7   Thumb Code    56  stm32f10x_rcc.o(.text)
    RCC_AdjustHSICalibrationValue            0x0800100f   Thumb Code    20  stm32f10x_rcc.o(.text)
    RCC_HSICmd                               0x08001023   Thumb Code     6  stm32f10x_rcc.o(.text)
    RCC_PLLConfig                            0x08001029   Thumb Code    24  stm32f10x_rcc.o(.text)
    RCC_PLLCmd                               0x08001041   Thumb Code     6  stm32f10x_rcc.o(.text)
    RCC_SYSCLKConfig                         0x08001047   Thumb Code    18  stm32f10x_rcc.o(.text)
    RCC_GetSYSCLKSource                      0x08001059   Thumb Code    10  stm32f10x_rcc.o(.text)
    RCC_HCLKConfig                           0x08001063   Thumb Code    18  stm32f10x_rcc.o(.text)
    RCC_PCLK1Config                          0x08001075   Thumb Code    18  stm32f10x_rcc.o(.text)
    RCC_PCLK2Config                          0x08001087   Thumb Code    20  stm32f10x_rcc.o(.text)
    RCC_ITConfig                             0x0800109b   Thumb Code    26  stm32f10x_rcc.o(.text)
    RCC_USBCLKConfig                         0x080010b5   Thumb Code     8  stm32f10x_rcc.o(.text)
    RCC_ADCCLKConfig                         0x080010bd   Thumb Code    18  stm32f10x_rcc.o(.text)
    RCC_LSEConfig                            0x080010cf   Thumb Code    50  stm32f10x_rcc.o(.text)
    RCC_LSICmd                               0x08001101   Thumb Code     6  stm32f10x_rcc.o(.text)
    RCC_RTCCLKConfig                         0x08001107   Thumb Code    12  stm32f10x_rcc.o(.text)
    RCC_RTCCLKCmd                            0x08001113   Thumb Code     8  stm32f10x_rcc.o(.text)
    RCC_GetClocksFreq                        0x0800111b   Thumb Code   192  stm32f10x_rcc.o(.text)
    RCC_AHBPeriphClockCmd                    0x080011db   Thumb Code    26  stm32f10x_rcc.o(.text)
    RCC_APB2PeriphClockCmd                   0x080011f5   Thumb Code    26  stm32f10x_rcc.o(.text)
    RCC_APB1PeriphClockCmd                   0x0800120f   Thumb Code    26  stm32f10x_rcc.o(.text)
    RCC_APB2PeriphResetCmd                   0x08001229   Thumb Code    26  stm32f10x_rcc.o(.text)
    RCC_APB1PeriphResetCmd                   0x08001243   Thumb Code    26  stm32f10x_rcc.o(.text)
    RCC_BackupResetCmd                       0x0800125d   Thumb Code     8  stm32f10x_rcc.o(.text)
    RCC_ClockSecuritySystemCmd               0x08001265   Thumb Code     6  stm32f10x_rcc.o(.text)
    RCC_MCOConfig                            0x0800126b   Thumb Code     6  stm32f10x_rcc.o(.text)
    RCC_ClearFlag                            0x08001271   Thumb Code    14  stm32f10x_rcc.o(.text)
    RCC_GetITStatus                          0x0800127f   Thumb Code    20  stm32f10x_rcc.o(.text)
    RCC_ClearITPendingBit                    0x08001293   Thumb Code     6  stm32f10x_rcc.o(.text)
    TIM_DeInit                               0x080012bd   Thumb Code   424  stm32f10x_tim.o(.text)
    TIM_TimeBaseInit                         0x08001465   Thumb Code   122  stm32f10x_tim.o(.text)
    TIM_OC1Init                              0x080014df   Thumb Code   132  stm32f10x_tim.o(.text)
    TIM_OC2Init                              0x08001563   Thumb Code   154  stm32f10x_tim.o(.text)
    TIM_OC3Init                              0x080015fd   Thumb Code   150  stm32f10x_tim.o(.text)
    TIM_OC4Init                              0x08001693   Thumb Code   182  stm32f10x_tim.o(.text)
    TIM_SetIC4Prescaler                      0x08001749   Thumb Code    26  stm32f10x_tim.o(.text)
    TIM_SetIC3Prescaler                      0x080017e5   Thumb Code    18  stm32f10x_tim.o(.text)
    TIM_SetIC2Prescaler                      0x08001871   Thumb Code    26  stm32f10x_tim.o(.text)
    TIM_SetIC1Prescaler                      0x0800190d   Thumb Code    18  stm32f10x_tim.o(.text)
    TIM_ICInit                               0x0800198b   Thumb Code   150  stm32f10x_tim.o(.text)
    TIM_PWMIConfig                           0x08001a21   Thumb Code   124  stm32f10x_tim.o(.text)
    TIM_BDTRConfig                           0x08001a9d   Thumb Code    32  stm32f10x_tim.o(.text)
    TIM_TimeBaseStructInit                   0x08001abd   Thumb Code    18  stm32f10x_tim.o(.text)
    TIM_OCStructInit                         0x08001acf   Thumb Code    20  stm32f10x_tim.o(.text)
    TIM_ICStructInit                         0x08001ae3   Thumb Code    18  stm32f10x_tim.o(.text)
    TIM_BDTRStructInit                       0x08001af5   Thumb Code    40  stm32f10x_tim.o(.text)
    TIM_Cmd                                  0x08001b1d   Thumb Code    24  stm32f10x_tim.o(.text)
    TIM_CtrlPWMOutputs                       0x08001b35   Thumb Code    30  stm32f10x_tim.o(.text)
    TIM_ITConfig                             0x08001b53   Thumb Code    18  stm32f10x_tim.o(.text)
    TIM_GenerateEvent                        0x08001b65   Thumb Code     4  stm32f10x_tim.o(.text)
    TIM_DMAConfig                            0x08001b69   Thumb Code    10  stm32f10x_tim.o(.text)
    TIM_DMACmd                               0x08001b73   Thumb Code    18  stm32f10x_tim.o(.text)
    TIM_InternalClockConfig                  0x08001b85   Thumb Code    12  stm32f10x_tim.o(.text)
    TIM_SelectInputTrigger                   0x08001b91   Thumb Code    18  stm32f10x_tim.o(.text)
    TIM_ITRxExternalClockConfig              0x08001ba3   Thumb Code    24  stm32f10x_tim.o(.text)
    TIM_TIxExternalClockConfig               0x08001bbb   Thumb Code    62  stm32f10x_tim.o(.text)
    TIM_ETRConfig                            0x08001bf9   Thumb Code    28  stm32f10x_tim.o(.text)
    TIM_ETRClockMode1Config                  0x08001c15   Thumb Code    54  stm32f10x_tim.o(.text)
    TIM_ETRClockMode2Config                  0x08001c4b   Thumb Code    32  stm32f10x_tim.o(.text)
    TIM_PrescalerConfig                      0x08001c6b   Thumb Code     6  stm32f10x_tim.o(.text)
    TIM_CounterModeConfig                    0x08001c71   Thumb Code    18  stm32f10x_tim.o(.text)
    TIM_EncoderInterfaceConfig               0x08001c83   Thumb Code    66  stm32f10x_tim.o(.text)
    TIM_ForcedOC1Config                      0x08001cc5   Thumb Code    18  stm32f10x_tim.o(.text)
    TIM_ForcedOC2Config                      0x08001cd7   Thumb Code    26  stm32f10x_tim.o(.text)
    TIM_ForcedOC3Config                      0x08001cf1   Thumb Code    18  stm32f10x_tim.o(.text)
    TIM_ForcedOC4Config                      0x08001d03   Thumb Code    26  stm32f10x_tim.o(.text)
    TIM_ARRPreloadConfig                     0x08001d1d   Thumb Code    24  stm32f10x_tim.o(.text)
    TIM_SelectCOM                            0x08001d35   Thumb Code    24  stm32f10x_tim.o(.text)
    TIM_SelectCCDMA                          0x08001d4d   Thumb Code    24  stm32f10x_tim.o(.text)
    TIM_CCPreloadControl                     0x08001d65   Thumb Code    24  stm32f10x_tim.o(.text)
    TIM_OC1PreloadConfig                     0x08001d7d   Thumb Code    18  stm32f10x_tim.o(.text)
    TIM_OC2PreloadConfig                     0x08001d8f   Thumb Code    26  stm32f10x_tim.o(.text)
    TIM_OC3PreloadConfig                     0x08001da9   Thumb Code    18  stm32f10x_tim.o(.text)
    TIM_OC4PreloadConfig                     0x08001dbb   Thumb Code    26  stm32f10x_tim.o(.text)
    TIM_OC1FastConfig                        0x08001dd5   Thumb Code    18  stm32f10x_tim.o(.text)
    TIM_OC2FastConfig                        0x08001de7   Thumb Code    26  stm32f10x_tim.o(.text)
    TIM_OC3FastConfig                        0x08001e01   Thumb Code    18  stm32f10x_tim.o(.text)
    TIM_OC4FastConfig                        0x08001e13   Thumb Code    26  stm32f10x_tim.o(.text)
    TIM_ClearOC1Ref                          0x08001e2d   Thumb Code    18  stm32f10x_tim.o(.text)
    TIM_ClearOC2Ref                          0x08001e3f   Thumb Code    24  stm32f10x_tim.o(.text)
    TIM_ClearOC3Ref                          0x08001e57   Thumb Code    18  stm32f10x_tim.o(.text)
    TIM_ClearOC4Ref                          0x08001e69   Thumb Code    24  stm32f10x_tim.o(.text)
    TIM_OC1PolarityConfig                    0x08001e81   Thumb Code    18  stm32f10x_tim.o(.text)
    TIM_OC1NPolarityConfig                   0x08001e93   Thumb Code    18  stm32f10x_tim.o(.text)
    TIM_OC2PolarityConfig                    0x08001ea5   Thumb Code    26  stm32f10x_tim.o(.text)
    TIM_OC2NPolarityConfig                   0x08001ebf   Thumb Code    26  stm32f10x_tim.o(.text)
    TIM_OC3PolarityConfig                    0x08001ed9   Thumb Code    26  stm32f10x_tim.o(.text)
    TIM_OC3NPolarityConfig                   0x08001ef3   Thumb Code    26  stm32f10x_tim.o(.text)
    TIM_OC4PolarityConfig                    0x08001f0d   Thumb Code    26  stm32f10x_tim.o(.text)
    TIM_CCxCmd                               0x08001f27   Thumb Code    30  stm32f10x_tim.o(.text)
    TIM_CCxNCmd                              0x08001f45   Thumb Code    30  stm32f10x_tim.o(.text)
    TIM_SelectOCxM                           0x08001f63   Thumb Code    82  stm32f10x_tim.o(.text)
    TIM_UpdateDisableConfig                  0x08001fb5   Thumb Code    24  stm32f10x_tim.o(.text)
    TIM_UpdateRequestConfig                  0x08001fcd   Thumb Code    24  stm32f10x_tim.o(.text)
    TIM_SelectHallSensor                     0x08001fe5   Thumb Code    24  stm32f10x_tim.o(.text)
    TIM_SelectOnePulseMode                   0x08001ffd   Thumb Code    18  stm32f10x_tim.o(.text)
    TIM_SelectOutputTrigger                  0x0800200f   Thumb Code    18  stm32f10x_tim.o(.text)
    TIM_SelectSlaveMode                      0x08002021   Thumb Code    18  stm32f10x_tim.o(.text)
    TIM_SelectMasterSlaveMode                0x08002033   Thumb Code    18  stm32f10x_tim.o(.text)
    TIM_SetCounter                           0x08002045   Thumb Code     4  stm32f10x_tim.o(.text)
    TIM_SetAutoreload                        0x08002049   Thumb Code     4  stm32f10x_tim.o(.text)
    TIM_SetCompare1                          0x0800204d   Thumb Code     4  stm32f10x_tim.o(.text)
    TIM_SetCompare2                          0x08002051   Thumb Code     4  stm32f10x_tim.o(.text)
    TIM_SetCompare3                          0x08002055   Thumb Code     4  stm32f10x_tim.o(.text)
    TIM_SetCompare4                          0x08002059   Thumb Code     6  stm32f10x_tim.o(.text)
    TIM_SetClockDivision                     0x0800205f   Thumb Code    18  stm32f10x_tim.o(.text)
    TIM_GetCapture1                          0x08002071   Thumb Code     6  stm32f10x_tim.o(.text)
    TIM_GetCapture2                          0x08002077   Thumb Code     6  stm32f10x_tim.o(.text)
    TIM_GetCapture3                          0x0800207d   Thumb Code     6  stm32f10x_tim.o(.text)
    TIM_GetCapture4                          0x08002083   Thumb Code     8  stm32f10x_tim.o(.text)
    TIM_GetCounter                           0x0800208b   Thumb Code     6  stm32f10x_tim.o(.text)
    TIM_GetPrescaler                         0x08002091   Thumb Code     6  stm32f10x_tim.o(.text)
    TIM_GetFlagStatus                        0x08002097   Thumb Code    18  stm32f10x_tim.o(.text)
    TIM_ClearFlag                            0x080020a9   Thumb Code     6  stm32f10x_tim.o(.text)
    TIM_GetITStatus                          0x080020af   Thumb Code    34  stm32f10x_tim.o(.text)
    TIM_ClearITPendingBit                    0x080020d1   Thumb Code     6  stm32f10x_tim.o(.text)
    USART_DeInit                             0x080020d9   Thumb Code   134  stm32f10x_usart.o(.text)
    USART_Init                               0x0800215f   Thumb Code   210  stm32f10x_usart.o(.text)
    USART_StructInit                         0x08002231   Thumb Code    24  stm32f10x_usart.o(.text)
    USART_ClockInit                          0x08002249   Thumb Code    34  stm32f10x_usart.o(.text)
    USART_ClockStructInit                    0x0800226b   Thumb Code    12  stm32f10x_usart.o(.text)
    USART_Cmd                                0x08002277   Thumb Code    24  stm32f10x_usart.o(.text)
    USART_ITConfig                           0x0800228f   Thumb Code    74  stm32f10x_usart.o(.text)
    USART_DMACmd                             0x080022d9   Thumb Code    18  stm32f10x_usart.o(.text)
    USART_SetAddress                         0x080022eb   Thumb Code    18  stm32f10x_usart.o(.text)
    USART_WakeUpConfig                       0x080022fd   Thumb Code    18  stm32f10x_usart.o(.text)
    USART_ReceiverWakeUpCmd                  0x0800230f   Thumb Code    24  stm32f10x_usart.o(.text)
    USART_LINBreakDetectLengthConfig         0x08002327   Thumb Code    18  stm32f10x_usart.o(.text)
    USART_LINCmd                             0x08002339   Thumb Code    24  stm32f10x_usart.o(.text)
    USART_SendData                           0x08002351   Thumb Code     8  stm32f10x_usart.o(.text)
    USART_ReceiveData                        0x08002359   Thumb Code    10  stm32f10x_usart.o(.text)
    USART_SendBreak                          0x08002363   Thumb Code    10  stm32f10x_usart.o(.text)
    USART_SetGuardTime                       0x0800236d   Thumb Code    16  stm32f10x_usart.o(.text)
    USART_SetPrescaler                       0x0800237d   Thumb Code    16  stm32f10x_usart.o(.text)
    USART_SmartCardCmd                       0x0800238d   Thumb Code    24  stm32f10x_usart.o(.text)
    USART_SmartCardNACKCmd                   0x080023a5   Thumb Code    24  stm32f10x_usart.o(.text)
    USART_HalfDuplexCmd                      0x080023bd   Thumb Code    24  stm32f10x_usart.o(.text)
    USART_OverSampling8Cmd                   0x080023d5   Thumb Code    22  stm32f10x_usart.o(.text)
    USART_OneBitMethodCmd                    0x080023eb   Thumb Code    24  stm32f10x_usart.o(.text)
    USART_IrDAConfig                         0x08002403   Thumb Code    18  stm32f10x_usart.o(.text)
    USART_IrDACmd                            0x08002415   Thumb Code    24  stm32f10x_usart.o(.text)
    USART_GetFlagStatus                      0x0800242d   Thumb Code    26  stm32f10x_usart.o(.text)
    USART_ClearFlag                          0x08002447   Thumb Code    18  stm32f10x_usart.o(.text)
    USART_GetITStatus                        0x08002459   Thumb Code    84  stm32f10x_usart.o(.text)
    USART_ClearITPendingBit                  0x080024ad   Thumb Code    52  stm32f10x_usart.o(.text)
    delay_init                               0x080024e1   Thumb Code    50  delay.o(.text)
    delay_us                                 0x08002513   Thumb Code    72  delay.o(.text)
    delay_ms                                 0x0800255b   Thumb Code    72  delay.o(.text)
    MY_NVIC_SetVectorTable                   0x080025b5   Thumb Code    12  sys.o(.text)
    MY_NVIC_PriorityGroupConfig              0x080025c1   Thumb Code    36  sys.o(.text)
    MY_NVIC_Init                             0x080025e5   Thumb Code   116  sys.o(.text)
    Ex_NVIC_Config                           0x08002659   Thumb Code   146  sys.o(.text)
    MYRCC_DeInit                             0x080026eb   Thumb Code    90  sys.o(.text)
    Sys_Standby                              0x08002745   Thumb Code    68  sys.o(.text)
    Sys_Soft_Reset                           0x08002789   Thumb Code    12  sys.o(.text)
    JTAG_Set                                 0x08002795   Thumb Code    42  sys.o(.text)
    Stm32_Clock_Init                         0x080027bf   Thumb Code   134  sys.o(.text)
    _sys_exit                                0x08002871   Thumb Code     6  usart.o(.text)
    fputc                                    0x08002877   Thumb Code    24  usart.o(.text)
    uart_init                                0x0800288f   Thumb Code   124  usart.o(.text)
    LED_Init                                 0x08002915   Thumb Code    36  led.o(.text)
    Led_Flash                                0x08002939   Thumb Code    44  led.o(.text)
    KEY_Init                                 0x08002975   Thumb Code    86  key.o(.text)
    click_N_Double                           0x080029cb   Thumb Code   184  key.o(.text)
    click                                    0x08002a83   Thumb Code   162  key.o(.text)
    Long_Press                               0x08002b25   Thumb Code    72  key.o(.text)
    OLED_WR_Byte                             0x08002b9d   Thumb Code    78  oled.o(.text)
    OLED_Refresh_Gram                        0x08002beb   Thumb Code    70  oled.o(.text)
    OLED_Display_On                          0x08002c31   Thumb Code    28  oled.o(.text)
    OLED_Display_Off                         0x08002c4d   Thumb Code    28  oled.o(.text)
    OLED_Clear                               0x08002c69   Thumb Code    42  oled.o(.text)
    OLED_DrawPoint                           0x08002c93   Thumb Code   100  oled.o(.text)
    OLED_ShowChar                            0x08002cf7   Thumb Code   158  oled.o(.text)
    oled_pow                                 0x08002d95   Thumb Code    22  oled.o(.text)
    OLED_ShowNumber                          0x08002dab   Thumb Code   148  oled.o(.text)
    OLED_ShowString                          0x08002e3f   Thumb Code    68  oled.o(.text)
    OLED_Init                                0x08002e83   Thumb Code   360  oled.o(.text)
    Adc_Init                                 0x08002fed   Thumb Code   132  adc.o(.text)
    Get_Adc                                  0x08003071   Thumb Code    46  adc.o(.text)
    Get_battery_volt                         0x0800309f   Thumb Code    78  adc.o(.text)
    TIM2_Int_Init                            0x08003105   Thumb Code    90  timer.o(.text)
    TIM4_PWM_Init                            0x08003161   Thumb Code   184  motor.o(.text)
    TIM1_PWM_Init                            0x08003219   Thumb Code   172  motor.o(.text)
    uart3_init                               0x080032d9   Thumb Code   158  usart3.o(.text)
    USART3_IRQHandler                        0x08003377   Thumb Code    14  usart3.o(.text)
    STMFLASH_Unlock                          0x0800338d   Thumb Code    12  stmflash.o(.text)
    STMFLASH_Lock                            0x08003399   Thumb Code    14  stmflash.o(.text)
    STMFLASH_GetStatus                       0x080033a7   Thumb Code    38  stmflash.o(.text)
    STMFLASH_WaitDone                        0x080033cd   Thumb Code    42  stmflash.o(.text)
    STMFLASH_ErasePage                       0x080033f7   Thumb Code    72  stmflash.o(.text)
    STMFLASH_WriteHalfWord                   0x0800343f   Thumb Code    58  stmflash.o(.text)
    STMFLASH_ReadHalfWord                    0x08003479   Thumb Code     6  stmflash.o(.text)
    STMFLASH_Write_NoCheck                   0x0800347f   Thumb Code    38  stmflash.o(.text)
    STMFLASH_Read                            0x080034a5   Thumb Code    34  stmflash.o(.text)
    STMFLASH_Write                           0x080034c7   Thumb Code   224  stmflash.o(.text)
    Test_Write                               0x080035a7   Thumb Code    16  stmflash.o(.text)
    Flash_Read                               0x080035b7   Thumb Code   156  stmflash.o(.text)
    Flash_Write                              0x08003653   Thumb Code    92  stmflash.o(.text)
    PS2_Init                                 0x080036f1   Thumb Code    68  pstwo.o(.text)
    PS2_Cmd                                  0x08003735   Thumb Code   128  pstwo.o(.text)
    PS2_RedLight                             0x080037b5   Thumb Code    50  pstwo.o(.text)
    PS2_ReadData                             0x080037e7   Thumb Code   166  pstwo.o(.text)
    PS2_ClearData                            0x0800388d   Thumb Code    20  pstwo.o(.text)
    PS2_DataKey                              0x080038a1   Thumb Code    70  pstwo.o(.text)
    PS2_AnologData                           0x080038e7   Thumb Code     8  pstwo.o(.text)
    PS2_Vibration                            0x080038ef   Thumb Code    90  pstwo.o(.text)
    PS2_ShortPoll                            0x08003949   Thumb Code    62  pstwo.o(.text)
    PS2_EnterConfing                         0x08003987   Thumb Code    86  pstwo.o(.text)
    PS2_TurnOnAnalogMode                     0x080039dd   Thumb Code    80  pstwo.o(.text)
    PS2_VibrationMode                        0x08003a2d   Thumb Code    62  pstwo.o(.text)
    PS2_ExitConfing                          0x08003a6b   Thumb Code    86  pstwo.o(.text)
    PS2_SetInit                              0x08003ac1   Thumb Code    72  pstwo.o(.text)
    Kinematic_Analysis                       0x08003b09   Thumb Code  1260  control.o(.text)
    Set_Pwm                                  0x08003ff5   Thumb Code   184  control.o(.text)
    Xianfu_Pwm2                              0x080040ad   Thumb Code   390  control.o(.text)
    Position_PID6                            0x08004233   Thumb Code   148  control.o(.text)
    Position_PID5                            0x080042c7   Thumb Code   322  control.o(.text)
    Position_PID4                            0x08004409   Thumb Code   148  control.o(.text)
    Position_PID3                            0x0800449d   Thumb Code   148  control.o(.text)
    Position_PID2                            0x08004531   Thumb Code   148  control.o(.text)
    Position_PID1                            0x080045c5   Thumb Code   148  control.o(.text)
    Xianfu_Pwm                               0x08004659   Thumb Code   370  control.o(.text)
    Control                                  0x080047cb   Thumb Code   880  control.o(.text)
    Turn_Off                                 0x08004b3b   Thumb Code    16  control.o(.text)
    Key                                      0x08004b4b   Thumb Code    32  control.o(.text)
    TIM2_IRQHandler                          0x08004b6b   Thumb Code   476  control.o(.text)
    myabs                                    0x08004d47   Thumb Code    14  control.o(.text)
    oled_show                                0x08004d61   Thumb Code  1228  show.o(.text)
    APP_Show                                 0x0800522d   Thumb Code   260  show.o(.text)
    DataScope                                0x08005331   Thumb Code   142  show.o(.text)
    Float2Byte                               0x08005451   Thumb Code    28  datascope_dp.o(.text)
    DataScope_Get_Channel_Data               0x0800546d   Thumb Code   158  datascope_dp.o(.text)
    DataScope_Data_Generate                  0x0800550b   Thumb Code   148  datascope_dp.o(.text)
    __use_no_semihosting                     0x080055a5   Thumb Code     2  use_no_semi_2.o(.text)
    __2printf                                0x080055a9   Thumb Code    20  noretval__2printf.o(.text)
    __printf                                 0x080055c1   Thumb Code   104  __printf.o(.text)
    _printf_int_dec                          0x08005629   Thumb Code   104  _printf_dec.o(.text)
    __use_two_region_memory                  0x080056a1   Thumb Code     2  heapauxi.o(.text)
    __rt_heap_escrow$2region                 0x080056a3   Thumb Code     2  heapauxi.o(.text)
    __rt_heap_expand$2region                 0x080056a5   Thumb Code     2  heapauxi.o(.text)
    __I$use$semihosting                      0x080056a7   Thumb Code     0  use_no_semi.o(.text)
    __use_no_semihosting_swi                 0x080056a7   Thumb Code     2  use_no_semi.o(.text)
    __read_errno                             0x080056a9   Thumb Code    10  _rserrno.o(.text)
    __set_errno                              0x080056b3   Thumb Code    12  _rserrno.o(.text)
    _printf_int_common                       0x080056bf   Thumb Code   178  _printf_intcommon.o(.text)
    _printf_char_file                        0x08005771   Thumb Code    32  _printf_char_file.o(.text)
    __aeabi_errno_addr                       0x08005795   Thumb Code     8  rt_errno_addr_intlibspace.o(.text)
    __errno$intlibspace                      0x08005795   Thumb Code     0  rt_errno_addr_intlibspace.o(.text)
    __rt_errno_addr$intlibspace              0x08005795   Thumb Code     0  rt_errno_addr_intlibspace.o(.text)
    _printf_char_common                      0x080057a7   Thumb Code    32  _printf_char_common.o(.text)
    ferror                                   0x080057cd   Thumb Code     8  ferror.o(.text)
    __user_libspace                          0x080057d5   Thumb Code     8  libspace.o(.text)
    __user_perproc_libspace                  0x080057d5   Thumb Code     0  libspace.o(.text)
    __user_perthread_libspace                0x080057d5   Thumb Code     0  libspace.o(.text)
    __user_setup_stackheap                   0x080057dd   Thumb Code    74  sys_stackheap_outer.o(.text)
    exit                                     0x08005827   Thumb Code    18  exit.o(.text)
    __ARM_fpclassify                         0x08005839   Thumb Code    40  fpclassify.o(i.__ARM_fpclassify)
    __ieee754_rem_pio2                       0x08005861   Thumb Code   828  rred.o(i.__ieee754_rem_pio2)
    __kernel_cos                             0x08005be9   Thumb Code   230  cos_i.o(i.__kernel_cos)
    __kernel_poly                            0x08005ce5   Thumb Code   170  poly.o(i.__kernel_poly)
    __kernel_sin                             0x08005d91   Thumb Code   224  sin_i.o(i.__kernel_sin)
    __mathlib_dbl_infnan                     0x08005e7d   Thumb Code     6  dunder.o(i.__mathlib_dbl_infnan)
    __mathlib_dbl_invalid                    0x08005e83   Thumb Code    12  dunder.o(i.__mathlib_dbl_invalid)
    __mathlib_dbl_underflow                  0x08005e91   Thumb Code    10  dunder.o(i.__mathlib_dbl_underflow)
    asin                                     0x08005ea1   Thumb Code   572  asin.o(i.asin)
    cos                                      0x08006111   Thumb Code   148  cos.o(i.cos)
    sin                                      0x080061ad   Thumb Code   150  sin.o(i.sin)
    sqrt                                     0x0800624d   Thumb Code    76  sqrt.o(i.sqrt)
    __aeabi_d2f                              0x08006299   Thumb Code     0  d2f.o(x$fpl$d2f)
    _d2f                                     0x08006299   Thumb Code    98  d2f.o(x$fpl$d2f)
    __aeabi_dadd                             0x080062fd   Thumb Code     0  daddsub_clz.o(x$fpl$dadd)
    _dadd                                    0x080062fd   Thumb Code   332  daddsub_clz.o(x$fpl$dadd)
    __fpl_dcheck_NaN1                        0x0800644d   Thumb Code    10  dcheck1.o(x$fpl$dcheck1)
    __aeabi_ddiv                             0x0800645d   Thumb Code     0  ddiv.o(x$fpl$ddiv)
    _ddiv                                    0x0800645d   Thumb Code   552  ddiv.o(x$fpl$ddiv)
    __aeabi_d2iz                             0x0800670d   Thumb Code     0  dfix.o(x$fpl$dfix)
    _dfix                                    0x0800670d   Thumb Code    94  dfix.o(x$fpl$dfix)
    __aeabi_i2d                              0x0800676b   Thumb Code     0  dflt_clz.o(x$fpl$dflt)
    _dflt                                    0x0800676b   Thumb Code    46  dflt_clz.o(x$fpl$dflt)
    __aeabi_ui2d                             0x08006799   Thumb Code     0  dflt_clz.o(x$fpl$dfltu)
    _dfltu                                   0x08006799   Thumb Code    38  dflt_clz.o(x$fpl$dfltu)
    __aeabi_dmul                             0x080067c1   Thumb Code     0  dmul.o(x$fpl$dmul)
    _dmul                                    0x080067c1   Thumb Code   332  dmul.o(x$fpl$dmul)
    __fpl_dnaninf                            0x08006915   Thumb Code   156  dnaninf.o(x$fpl$dnaninf)
    __fpl_dretinf                            0x080069b1   Thumb Code    12  dretinf.o(x$fpl$dretinf)
    __aeabi_drsub                            0x080069bd   Thumb Code     0  daddsub_clz.o(x$fpl$drsb)
    _drsb                                    0x080069bd   Thumb Code    22  daddsub_clz.o(x$fpl$drsb)
    _dsqrt                                   0x080069d5   Thumb Code   456  dsqrt_noumaal.o(x$fpl$dsqrt)
    __aeabi_dsub                             0x08006ba1   Thumb Code     0  daddsub_clz.o(x$fpl$dsub)
    _dsub                                    0x08006ba1   Thumb Code   464  daddsub_clz.o(x$fpl$dsub)
    __aeabi_f2d                              0x08006d75   Thumb Code     0  f2d.o(x$fpl$f2d)
    _f2d                                     0x08006d75   Thumb Code    86  f2d.o(x$fpl$f2d)
    __aeabi_fadd                             0x08006dcd   Thumb Code     0  faddsub_clz.o(x$fpl$fadd)
    _fadd                                    0x08006dcd   Thumb Code   196  faddsub_clz.o(x$fpl$fadd)
    __fpl_fcmp_Inf                           0x08006e91   Thumb Code    24  fcmpi.o(x$fpl$fcmpinf)
    __aeabi_fdiv                             0x08006ea9   Thumb Code     0  fdiv.o(x$fpl$fdiv)
    _fdiv                                    0x08006ea9   Thumb Code   384  fdiv.o(x$fpl$fdiv)
    __aeabi_f2iz                             0x0800702d   Thumb Code     0  ffix.o(x$fpl$ffix)
    _ffix                                    0x0800702d   Thumb Code    54  ffix.o(x$fpl$ffix)
    __aeabi_f2uiz                            0x08007065   Thumb Code     0  ffixu.o(x$fpl$ffixu)
    _ffixu                                   0x08007065   Thumb Code    62  ffixu.o(x$fpl$ffixu)
    __aeabi_i2f                              0x080070a5   Thumb Code     0  fflt_clz.o(x$fpl$fflt)
    _fflt                                    0x080070a5   Thumb Code    48  fflt_clz.o(x$fpl$fflt)
    __aeabi_ui2f                             0x080070d5   Thumb Code     0  fflt_clz.o(x$fpl$ffltu)
    _ffltu                                   0x080070d5   Thumb Code    38  fflt_clz.o(x$fpl$ffltu)
    __aeabi_cfcmple                          0x080070fd   Thumb Code     0  fleqf.o(x$fpl$fleqf)
    _fcmple                                  0x080070fd   Thumb Code   104  fleqf.o(x$fpl$fleqf)
    __fpl_fcmple_InfNaN                      0x0800714f   Thumb Code     0  fleqf.o(x$fpl$fleqf)
    __aeabi_fmul                             0x08007165   Thumb Code     0  fmul.o(x$fpl$fmul)
    _fmul                                    0x08007165   Thumb Code   258  fmul.o(x$fpl$fmul)
    __fpl_fnaninf                            0x08007267   Thumb Code   140  fnaninf.o(x$fpl$fnaninf)
    __fpl_fretinf                            0x080072f3   Thumb Code    10  fretinf.o(x$fpl$fretinf)
    __aeabi_cfrcmple                         0x080072fd   Thumb Code     0  frleqf.o(x$fpl$frleqf)
    _frcmple                                 0x080072fd   Thumb Code    98  frleqf.o(x$fpl$frleqf)
    __aeabi_frsub                            0x0800735f   Thumb Code     0  faddsub_clz.o(x$fpl$frsb)
    _frsb                                    0x0800735f   Thumb Code    20  faddsub_clz.o(x$fpl$frsb)
    __aeabi_fsub                             0x08007375   Thumb Code     0  faddsub_clz.o(x$fpl$fsub)
    _fsub                                    0x08007375   Thumb Code   234  faddsub_clz.o(x$fpl$fsub)
    __fpl_return_NaN                         0x0800745f   Thumb Code   100  retnan.o(x$fpl$retnan)
    __ARM_scalbn                             0x080074c3   Thumb Code    92  scalbn.o(x$fpl$scalbn)
    __fpl_cmpreturn                          0x0800751f   Thumb Code    48  trapv.o(x$fpl$trapveneer)
    __I$use$fp                               0x0800754e   Number         0  usenofp.o(x$fpl$usenofp)
    oled_asc2_1206                           0x0800754e   Data        1140  oled.o(.constdata)
    oled_asc2_1608                           0x080079c2   Data        1520  oled.o(.constdata)
    Region$$Table$$Base                      0x08008128   Number         0  anon$$obj.o(Region$$Table)
    Region$$Table$$Limit                     0x08008148   Number         0  anon$$obj.o(Region$$Table)
    SystemCoreClock                          0x20000000   Data           4  system_stm32f10x.o(.data)
    AHBPrescTable                            0x20000004   Data          16  system_stm32f10x.o(.data)
    Flag_Way                                 0x20000014   Data           1  minibalance.o(.data)
    Flag_Show                                0x20000015   Data           1  minibalance.o(.data)
    Servo1                                   0x20000018   Data           4  minibalance.o(.data)
    Servo2                                   0x2000001c   Data           4  minibalance.o(.data)
    Servo3                                   0x20000020   Data           4  minibalance.o(.data)
    Servo4                                   0x20000024   Data           4  minibalance.o(.data)
    Servo5                                   0x20000028   Data           4  minibalance.o(.data)
    Velocity1                                0x2000002c   Data           4  minibalance.o(.data)
    Velocity2                                0x20000030   Data           4  minibalance.o(.data)
    Velocity3                                0x20000034   Data           4  minibalance.o(.data)
    Velocity4                                0x20000038   Data           4  minibalance.o(.data)
    Velocity5                                0x2000003c   Data           4  minibalance.o(.data)
    Velocity6                                0x20000040   Data           4  minibalance.o(.data)
    Position1                                0x20000044   Data           4  minibalance.o(.data)
    Position2                                0x20000048   Data           4  minibalance.o(.data)
    Position3                                0x2000004c   Data           4  minibalance.o(.data)
    Position4                                0x20000050   Data           4  minibalance.o(.data)
    Position5                                0x20000054   Data           4  minibalance.o(.data)
    Position6                                0x20000058   Data           4  minibalance.o(.data)
    Speed                                    0x2000005c   Data           4  minibalance.o(.data)
    Voltage                                  0x20000060   Data           4  minibalance.o(.data)
    delay_50                                 0x20000064   Data           1  minibalance.o(.data)
    delay_flag                               0x20000065   Data           1  minibalance.o(.data)
    Bi_zhang                                 0x20000066   Data           1  minibalance.o(.data)
    PID_Send                                 0x20000067   Data           1  minibalance.o(.data)
    Flash_Send                               0x20000068   Data           1  minibalance.o(.data)
    Balance_Kp                               0x2000006c   Data           4  minibalance.o(.data)
    Balance_Kd                               0x20000070   Data           4  minibalance.o(.data)
    Velocity_Kp                              0x20000074   Data           4  minibalance.o(.data)
    Velocity_Ki                              0x20000078   Data           4  minibalance.o(.data)
    Target_X                                 0x2000007c   Data           4  minibalance.o(.data)
    Target_Y                                 0x20000080   Data           4  minibalance.o(.data)
    Target_Z                                 0x20000084   Data           4  minibalance.o(.data)
    Target1                                  0x20000088   Data           4  minibalance.o(.data)
    Target2                                  0x2000008c   Data           4  minibalance.o(.data)
    Target3                                  0x20000090   Data           4  minibalance.o(.data)
    Target4                                  0x20000094   Data           4  minibalance.o(.data)
    Target5                                  0x20000098   Data           4  minibalance.o(.data)
    Target6                                  0x2000009c   Data           4  minibalance.o(.data)
    TargetX                                  0x200000a0   Data           4  minibalance.o(.data)
    TargetY                                  0x200000a4   Data           4  minibalance.o(.data)
    Target_Beta                              0x200000a8   Data           4  minibalance.o(.data)
    Target_Alpha                             0x200000ac   Data           4  minibalance.o(.data)
    Target_Gamma                             0x200000b0   Data           4  minibalance.o(.data)
    Position_KP                              0x200000b4   Data           4  minibalance.o(.data)
    Position_KI                              0x200000b8   Data           4  minibalance.o(.data)
    Position_KD                              0x200000bc   Data           4  minibalance.o(.data)
    PS2_LX                                   0x200000c0   Data           4  minibalance.o(.data)
    PS2_LY                                   0x200000c4   Data           4  minibalance.o(.data)
    PS2_RX                                   0x200000c8   Data           4  minibalance.o(.data)
    PS2_RY                                   0x200000cc   Data           4  minibalance.o(.data)
    PS2_KEY                                  0x200000d0   Data           4  minibalance.o(.data)
    __stdout                                 0x200000ec   Data           4  usart.o(.data)
    Handkey                                  0x20000102   Data           2  pstwo.o(.data)
    Comd                                     0x20000104   Data           2  pstwo.o(.data)
    MASK                                     0x20000106   Data          32  pstwo.o(.data)
    Balance_Pwm                              0x20000128   Data           4  control.o(.data)
    Velocity_Pwm                             0x2000012c   Data           4  control.o(.data)
    Turn_Pwm                                 0x20000130   Data           4  control.o(.data)
    Flag_Target                              0x20000134   Data           1  control.o(.data)
    Flash_R_Count                            0x20000138   Data           4  control.o(.data)
    Voltage_Temp                             0x2000013c   Data           4  control.o(.data)
    Voltage_Count                            0x20000140   Data           4  control.o(.data)
    Voltage_All                              0x20000144   Data           4  control.o(.data)
    Last_TargetX                             0x20000148   Data           4  control.o(.data)
    Last_TargetY                             0x2000014c   Data           4  control.o(.data)
    i                                        0x200001b0   Data           1  show.o(.data)
    Send_Count                               0x200001b1   Data           1  show.o(.data)
    Vol                                      0x200001b4   Data           4  show.o(.data)
    PID_Parameter                            0x200001bc   Data          20  minibalance.o(.bss)
    Flash_Parameter                          0x200001d0   Data          20  minibalance.o(.bss)
    OLED_GRAM                                0x200001e4   Data        1024  oled.o(.bss)
    STMFLASH_BUF                             0x200005e4   Data        1024  stmflash.o(.bss)
    Data                                     0x200009e4   Data           9  pstwo.o(.bss)
    DataScope_OutPut_Buffer                  0x200009ed   Data          42  datascope_dp.o(.bss)
    __libspace_start                         0x20000a18   Data          96  libspace.o(.bss)
    __temporary_stack_top$libspace           0x20000a78   Data           0  libspace.o(.bss)



==============================================================================

Memory Map of the image

  Image Entry point : 0x080000ed

  Load Region LR_IROM1 (Base: 0x08000000, Size: 0x00008304, Max: 0x00010000, ABSOLUTE, COMPRESSED[0x000081c4])

    Execution Region ER_IROM1 (Exec base: 0x08000000, Load base: 0x08000000, Size: 0x00008148, Max: 0x00010000, ABSOLUTE)

    Exec Addr    Load Addr    Size         Type   Attr      Idx    E Section Name        Object

    0x08000000   0x08000000   0x000000ec   Data   RO          211    RESET               startup_stm32f10x_md.o
    0x080000ec   0x080000ec   0x00000008   Code   RO          801  * !!!main             c_w.l(__main.o)
    0x080000f4   0x080000f4   0x00000034   Code   RO         1125    !!!scatter          c_w.l(__scatter.o)
    0x08000128   0x08000128   0x0000005a   Code   RO         1123    !!dczerorl2         c_w.l(__dczerorl2.o)
    0x08000182   0x08000182   0x00000002   PAD
    0x08000184   0x08000184   0x0000001c   Code   RO         1127    !!handler_zi        c_w.l(__scatter_zi.o)
    0x080001a0   0x080001a0   0x00000000   Code   RO          798    .ARM.Collect$$_printf_percent$$00000000  c_w.l(_printf_percent.o)
    0x080001a0   0x080001a0   0x00000006   Code   RO          797    .ARM.Collect$$_printf_percent$$00000009  c_w.l(_printf_d.o)
    0x080001a6   0x080001a6   0x00000004   Code   RO          902    .ARM.Collect$$_printf_percent$$00000017  c_w.l(_printf_percent_end.o)
    0x080001aa   0x080001aa   0x00000002   Code   RO          996    .ARM.Collect$$libinit$$00000000  c_w.l(libinit.o)
    0x080001ac   0x080001ac   0x00000000   Code   RO         1002    .ARM.Collect$$libinit$$00000002  c_w.l(libinit2.o)
    0x080001ac   0x080001ac   0x00000000   Code   RO         1004    .ARM.Collect$$libinit$$00000004  c_w.l(libinit2.o)
    0x080001ac   0x080001ac   0x00000000   Code   RO         1007    .ARM.Collect$$libinit$$0000000A  c_w.l(libinit2.o)
    0x080001ac   0x080001ac   0x00000000   Code   RO         1009    .ARM.Collect$$libinit$$0000000C  c_w.l(libinit2.o)
    0x080001ac   0x080001ac   0x00000000   Code   RO         1011    .ARM.Collect$$libinit$$0000000E  c_w.l(libinit2.o)
    0x080001ac   0x080001ac   0x00000000   Code   RO         1014    .ARM.Collect$$libinit$$00000011  c_w.l(libinit2.o)
    0x080001ac   0x080001ac   0x00000000   Code   RO         1016    .ARM.Collect$$libinit$$00000013  c_w.l(libinit2.o)
    0x080001ac   0x080001ac   0x00000000   Code   RO         1018    .ARM.Collect$$libinit$$00000015  c_w.l(libinit2.o)
    0x080001ac   0x080001ac   0x00000000   Code   RO         1020    .ARM.Collect$$libinit$$00000017  c_w.l(libinit2.o)
    0x080001ac   0x080001ac   0x00000000   Code   RO         1022    .ARM.Collect$$libinit$$00000019  c_w.l(libinit2.o)
    0x080001ac   0x080001ac   0x00000000   Code   RO         1024    .ARM.Collect$$libinit$$0000001B  c_w.l(libinit2.o)
    0x080001ac   0x080001ac   0x00000000   Code   RO         1026    .ARM.Collect$$libinit$$0000001D  c_w.l(libinit2.o)
    0x080001ac   0x080001ac   0x00000000   Code   RO         1028    .ARM.Collect$$libinit$$0000001F  c_w.l(libinit2.o)
    0x080001ac   0x080001ac   0x00000000   Code   RO         1030    .ARM.Collect$$libinit$$00000021  c_w.l(libinit2.o)
    0x080001ac   0x080001ac   0x00000000   Code   RO         1032    .ARM.Collect$$libinit$$00000023  c_w.l(libinit2.o)
    0x080001ac   0x080001ac   0x00000000   Code   RO         1034    .ARM.Collect$$libinit$$00000025  c_w.l(libinit2.o)
    0x080001ac   0x080001ac   0x00000000   Code   RO         1038    .ARM.Collect$$libinit$$0000002C  c_w.l(libinit2.o)
    0x080001ac   0x080001ac   0x00000000   Code   RO         1040    .ARM.Collect$$libinit$$0000002E  c_w.l(libinit2.o)
    0x080001ac   0x080001ac   0x00000000   Code   RO         1042    .ARM.Collect$$libinit$$00000030  c_w.l(libinit2.o)
    0x080001ac   0x080001ac   0x00000000   Code   RO         1044    .ARM.Collect$$libinit$$00000032  c_w.l(libinit2.o)
    0x080001ac   0x080001ac   0x00000002   Code   RO         1045    .ARM.Collect$$libinit$$00000033  c_w.l(libinit2.o)
    0x080001ae   0x080001ae   0x00000002   Code   RO         1065    .ARM.Collect$$libshutdown$$00000000  c_w.l(libshutdown.o)
    0x080001b0   0x080001b0   0x00000000   Code   RO         1075    .ARM.Collect$$libshutdown$$00000002  c_w.l(libshutdown2.o)
    0x080001b0   0x080001b0   0x00000000   Code   RO         1077    .ARM.Collect$$libshutdown$$00000004  c_w.l(libshutdown2.o)
    0x080001b0   0x080001b0   0x00000000   Code   RO         1080    .ARM.Collect$$libshutdown$$00000007  c_w.l(libshutdown2.o)
    0x080001b0   0x080001b0   0x00000000   Code   RO         1083    .ARM.Collect$$libshutdown$$0000000A  c_w.l(libshutdown2.o)
    0x080001b0   0x080001b0   0x00000000   Code   RO         1085    .ARM.Collect$$libshutdown$$0000000C  c_w.l(libshutdown2.o)
    0x080001b0   0x080001b0   0x00000000   Code   RO         1088    .ARM.Collect$$libshutdown$$0000000F  c_w.l(libshutdown2.o)
    0x080001b0   0x080001b0   0x00000002   Code   RO         1089    .ARM.Collect$$libshutdown$$00000010  c_w.l(libshutdown2.o)
    0x080001b2   0x080001b2   0x00000000   Code   RO          895    .ARM.Collect$$rtentry$$00000000  c_w.l(__rtentry.o)
    0x080001b2   0x080001b2   0x00000000   Code   RO          953    .ARM.Collect$$rtentry$$00000002  c_w.l(__rtentry2.o)
    0x080001b2   0x080001b2   0x00000006   Code   RO          965    .ARM.Collect$$rtentry$$00000004  c_w.l(__rtentry4.o)
    0x080001b8   0x080001b8   0x00000000   Code   RO          955    .ARM.Collect$$rtentry$$00000009  c_w.l(__rtentry2.o)
    0x080001b8   0x080001b8   0x00000004   Code   RO          956    .ARM.Collect$$rtentry$$0000000A  c_w.l(__rtentry2.o)
    0x080001bc   0x080001bc   0x00000000   Code   RO          958    .ARM.Collect$$rtentry$$0000000C  c_w.l(__rtentry2.o)
    0x080001bc   0x080001bc   0x00000008   Code   RO          959    .ARM.Collect$$rtentry$$0000000D  c_w.l(__rtentry2.o)
    0x080001c4   0x080001c4   0x00000002   Code   RO          999    .ARM.Collect$$rtexit$$00000000  c_w.l(rtexit.o)
    0x080001c6   0x080001c6   0x00000000   Code   RO         1049    .ARM.Collect$$rtexit$$00000002  c_w.l(rtexit2.o)
    0x080001c6   0x080001c6   0x00000004   Code   RO         1050    .ARM.Collect$$rtexit$$00000003  c_w.l(rtexit2.o)
    0x080001ca   0x080001ca   0x00000006   Code   RO         1051    .ARM.Collect$$rtexit$$00000004  c_w.l(rtexit2.o)
    0x080001d0   0x080001d0   0x0000000c   Code   RO          546    .emb_text           sys.o
    0x080001dc   0x080001dc   0x0000001a   Code   RO            1    .text               stm32f10x_it.o
    0x080001f6   0x080001f6   0x00000002   PAD
    0x080001f8   0x080001f8   0x000001e0   Code   RO          104    .text               system_stm32f10x.o
    0x080003d8   0x080003d8   0x000000e8   Code   RO          122    .text               minibalance.o
    0x080004c0   0x080004c0   0x00000040   Code   RO          212    .text               startup_stm32f10x_md.o
    0x08000500   0x08000500   0x000000dc   Code   RO          216    .text               misc.o
    0x080005dc   0x080005dc   0x0000044e   Code   RO          254    .text               stm32f10x_adc.o
    0x08000a2a   0x08000a2a   0x00000002   PAD
    0x08000a2c   0x08000a2c   0x000000c4   Code   RO          266    .text               stm32f10x_bkp.o
    0x08000af0   0x08000af0   0x0000035c   Code   RO          386    .text               stm32f10x_gpio.o
    0x08000e4c   0x08000e4c   0x000000cc   Code   RO          422    .text               stm32f10x_pwr.o
    0x08000f18   0x08000f18   0x000003a4   Code   RO          434    .text               stm32f10x_rcc.o
    0x080012bc   0x080012bc   0x00000e1a   Code   RO          484    .text               stm32f10x_tim.o
    0x080020d6   0x080020d6   0x00000002   PAD
    0x080020d8   0x080020d8   0x00000408   Code   RO          496    .text               stm32f10x_usart.o
    0x080024e0   0x080024e0   0x000000d4   Code   RO          520    .text               delay.o
    0x080025b4   0x080025b4   0x000002bc   Code   RO          547    .text               sys.o
    0x08002870   0x08002870   0x000000a4   Code   RO          562    .text               usart.o
    0x08002914   0x08002914   0x00000060   Code   RO          581    .text               led.o
    0x08002974   0x08002974   0x00000228   Code   RO          594    .text               key.o
    0x08002b9c   0x08002b9c   0x0000044e   Code   RO          607    .text               oled.o
    0x08002fea   0x08002fea   0x00000002   PAD
    0x08002fec   0x08002fec   0x00000118   Code   RO          626    .text               adc.o
    0x08003104   0x08003104   0x0000005a   Code   RO          638    .text               timer.o
    0x0800315e   0x0800315e   0x00000002   PAD
    0x08003160   0x08003160   0x00000178   Code   RO          650    .text               motor.o
    0x080032d8   0x080032d8   0x000000b4   Code   RO          662    .text               usart3.o
    0x0800338c   0x0800338c   0x00000364   Code   RO          680    .text               stmflash.o
    0x080036f0   0x080036f0   0x00000418   Code   RO          695    .text               pstwo.o
    0x08003b08   0x08003b08   0x00001258   Code   RO          714    .text               control.o
    0x08004d60   0x08004d60   0x000006f0   Code   RO          732    .text               show.o
    0x08005450   0x08005450   0x00000154   Code   RO          747    .text               datascope_dp.o
    0x080055a4   0x080055a4   0x00000002   Code   RO          767    .text               c_w.l(use_no_semi_2.o)
    0x080055a6   0x080055a6   0x00000002   PAD
    0x080055a8   0x080055a8   0x00000018   Code   RO          771    .text               c_w.l(noretval__2printf.o)
    0x080055c0   0x080055c0   0x00000068   Code   RO          773    .text               c_w.l(__printf.o)
    0x08005628   0x08005628   0x00000078   Code   RO          775    .text               c_w.l(_printf_dec.o)
    0x080056a0   0x080056a0   0x00000006   Code   RO          799    .text               c_w.l(heapauxi.o)
    0x080056a6   0x080056a6   0x00000002   Code   RO          893    .text               c_w.l(use_no_semi.o)
    0x080056a8   0x080056a8   0x00000016   Code   RO          896    .text               c_w.l(_rserrno.o)
    0x080056be   0x080056be   0x000000b2   Code   RO          898    .text               c_w.l(_printf_intcommon.o)
    0x08005770   0x08005770   0x00000024   Code   RO          900    .text               c_w.l(_printf_char_file.o)
    0x08005794   0x08005794   0x00000008   Code   RO          970    .text               c_w.l(rt_errno_addr_intlibspace.o)
    0x0800579c   0x0800579c   0x00000030   Code   RO          972    .text               c_w.l(_printf_char_common.o)
    0x080057cc   0x080057cc   0x00000008   Code   RO          974    .text               c_w.l(ferror.o)
    0x080057d4   0x080057d4   0x00000008   Code   RO          982    .text               c_w.l(libspace.o)
    0x080057dc   0x080057dc   0x0000004a   Code   RO          985    .text               c_w.l(sys_stackheap_outer.o)
    0x08005826   0x08005826   0x00000012   Code   RO          989    .text               c_w.l(exit.o)
    0x08005838   0x08005838   0x00000028   Code   RO          937    i.__ARM_fpclassify  m_ws.l(fpclassify.o)
    0x08005860   0x08005860   0x00000388   Code   RO          941    i.__ieee754_rem_pio2  m_ws.l(rred.o)
    0x08005be8   0x08005be8   0x000000fc   Code   RO          920    i.__kernel_cos      m_ws.l(cos_i.o)
    0x08005ce4   0x08005ce4   0x000000aa   Code   RO          939    i.__kernel_poly     m_ws.l(poly.o)
    0x08005d8e   0x08005d8e   0x00000002   PAD
    0x08005d90   0x08005d90   0x000000ec   Code   RO          946    i.__kernel_sin      m_ws.l(sin_i.o)
    0x08005e7c   0x08005e7c   0x00000006   Code   RO          924    i.__mathlib_dbl_infnan  m_ws.l(dunder.o)
    0x08005e82   0x08005e82   0x0000000c   Code   RO          926    i.__mathlib_dbl_invalid  m_ws.l(dunder.o)
    0x08005e8e   0x08005e8e   0x00000002   PAD
    0x08005e90   0x08005e90   0x00000010   Code   RO          929    i.__mathlib_dbl_underflow  m_ws.l(dunder.o)
    0x08005ea0   0x08005ea0   0x00000270   Code   RO          860    i.asin              m_ws.l(asin.o)
    0x08006110   0x08006110   0x0000009c   Code   RO          870    i.cos               m_ws.l(cos.o)
    0x080061ac   0x080061ac   0x000000a0   Code   RO          878    i.sin               m_ws.l(sin.o)
    0x0800624c   0x0800624c   0x0000004c   Code   RO          886    i.sqrt              m_ws.l(sqrt.o)
    0x08006298   0x08006298   0x00000062   Code   RO          803    x$fpl$d2f           fz_ws.l(d2f.o)
    0x080062fa   0x080062fa   0x00000002   PAD
    0x080062fc   0x080062fc   0x00000150   Code   RO          805    x$fpl$dadd          fz_ws.l(daddsub_clz.o)
    0x0800644c   0x0800644c   0x00000010   Code   RO          978    x$fpl$dcheck1       fz_ws.l(dcheck1.o)
    0x0800645c   0x0800645c   0x000002b0   Code   RO          812    x$fpl$ddiv          fz_ws.l(ddiv.o)
    0x0800670c   0x0800670c   0x0000005e   Code   RO          815    x$fpl$dfix          fz_ws.l(dfix.o)
    0x0800676a   0x0800676a   0x0000002e   Code   RO          820    x$fpl$dflt          fz_ws.l(dflt_clz.o)
    0x08006798   0x08006798   0x00000026   Code   RO          819    x$fpl$dfltu         fz_ws.l(dflt_clz.o)
    0x080067be   0x080067be   0x00000002   PAD
    0x080067c0   0x080067c0   0x00000154   Code   RO          825    x$fpl$dmul          fz_ws.l(dmul.o)
    0x08006914   0x08006914   0x0000009c   Code   RO          905    x$fpl$dnaninf       fz_ws.l(dnaninf.o)
    0x080069b0   0x080069b0   0x0000000c   Code   RO          907    x$fpl$dretinf       fz_ws.l(dretinf.o)
    0x080069bc   0x080069bc   0x00000016   Code   RO          806    x$fpl$drsb          fz_ws.l(daddsub_clz.o)
    0x080069d2   0x080069d2   0x00000002   PAD
    0x080069d4   0x080069d4   0x000001cc   Code   RO          909    x$fpl$dsqrt         fz_ws.l(dsqrt_noumaal.o)
    0x08006ba0   0x08006ba0   0x000001d4   Code   RO          807    x$fpl$dsub          fz_ws.l(daddsub_clz.o)
    0x08006d74   0x08006d74   0x00000056   Code   RO          827    x$fpl$f2d           fz_ws.l(f2d.o)
    0x08006dca   0x08006dca   0x00000002   PAD
    0x08006dcc   0x08006dcc   0x000000c4   Code   RO          829    x$fpl$fadd          fz_ws.l(faddsub_clz.o)
    0x08006e90   0x08006e90   0x00000018   Code   RO          911    x$fpl$fcmpinf       fz_ws.l(fcmpi.o)
    0x08006ea8   0x08006ea8   0x00000184   Code   RO          836    x$fpl$fdiv          fz_ws.l(fdiv.o)
    0x0800702c   0x0800702c   0x00000036   Code   RO          839    x$fpl$ffix          fz_ws.l(ffix.o)
    0x08007062   0x08007062   0x00000002   PAD
    0x08007064   0x08007064   0x0000003e   Code   RO          843    x$fpl$ffixu         fz_ws.l(ffixu.o)
    0x080070a2   0x080070a2   0x00000002   PAD
    0x080070a4   0x080070a4   0x00000030   Code   RO          848    x$fpl$fflt          fz_ws.l(fflt_clz.o)
    0x080070d4   0x080070d4   0x00000026   Code   RO          847    x$fpl$ffltu         fz_ws.l(fflt_clz.o)
    0x080070fa   0x080070fa   0x00000002   PAD
    0x080070fc   0x080070fc   0x00000068   Code   RO          853    x$fpl$fleqf         fz_ws.l(fleqf.o)
    0x08007164   0x08007164   0x00000102   Code   RO          855    x$fpl$fmul          fz_ws.l(fmul.o)
    0x08007266   0x08007266   0x0000008c   Code   RO          913    x$fpl$fnaninf       fz_ws.l(fnaninf.o)
    0x080072f2   0x080072f2   0x0000000a   Code   RO          915    x$fpl$fretinf       fz_ws.l(fretinf.o)
    0x080072fc   0x080072fc   0x00000062   Code   RO          857    x$fpl$frleqf        fz_ws.l(frleqf.o)
    0x0800735e   0x0800735e   0x00000014   Code   RO          830    x$fpl$frsb          fz_ws.l(faddsub_clz.o)
    0x08007372   0x08007372   0x00000002   PAD
    0x08007374   0x08007374   0x000000ea   Code   RO          831    x$fpl$fsub          fz_ws.l(faddsub_clz.o)
    0x0800745e   0x0800745e   0x00000064   Code   RO          997    x$fpl$retnan        fz_ws.l(retnan.o)
    0x080074c2   0x080074c2   0x0000005c   Code   RO          917    x$fpl$scalbn        fz_ws.l(scalbn.o)
    0x0800751e   0x0800751e   0x00000030   Code   RO         1046    x$fpl$trapveneer    fz_ws.l(trapv.o)
    0x0800754e   0x0800754e   0x00000000   Code   RO          919    x$fpl$usenofp       fz_ws.l(usenofp.o)
    0x0800754e   0x0800754e   0x00000a64   Data   RO          609    .constdata          oled.o
    0x08007fb2   0x08007fb2   0x00000006   PAD
    0x08007fb8   0x08007fb8   0x00000050   Data   RO          861    .constdata          m_ws.l(asin.o)
    0x08008008   0x08008008   0x00000030   Data   RO          921    .constdata          m_ws.l(cos_i.o)
    0x08008038   0x08008038   0x000000c8   Data   RO          943    .constdata          m_ws.l(rred.o)
    0x08008100   0x08008100   0x00000028   Data   RO          947    .constdata          m_ws.l(sin_i.o)
    0x08008128   0x08008128   0x00000020   Data   RO         1121    Region$$Table       anon$$obj.o


    Execution Region RW_IRAM1 (Exec base: 0x20000000, Load base: 0x08008148, Size: 0x00001078, Max: 0x00005000, ABSOLUTE, COMPRESSED[0x0000007c])

    Exec Addr    Load Addr    Size         Type   Attr      Idx    E Section Name        Object

    0x20000000   COMPRESSED   0x00000014   Data   RW          105    .data               system_stm32f10x.o
    0x20000014   COMPRESSED   0x000000c0   Data   RW          124    .data               minibalance.o
    0x200000d4   COMPRESSED   0x00000014   Data   RW          435    .data               stm32f10x_rcc.o
    0x200000e8   COMPRESSED   0x00000004   Data   RW          521    .data               delay.o
    0x200000ec   COMPRESSED   0x00000004   Data   RW          563    .data               usart.o
    0x200000f0   COMPRESSED   0x00000004   Data   RW          582    .data               led.o
    0x200000f4   COMPRESSED   0x0000000e   Data   RW          595    .data               key.o
    0x20000102   COMPRESSED   0x00000024   Data   RW          697    .data               pstwo.o
    0x20000126   COMPRESSED   0x00000002   PAD
    0x20000128   COMPRESSED   0x00000088   Data   RW          715    .data               control.o
    0x200001b0   COMPRESSED   0x00000009   Data   RW          733    .data               show.o
    0x200001b9   COMPRESSED   0x00000003   PAD
    0x200001bc        -       0x00000028   Zero   RW          123    .bss                minibalance.o
    0x200001e4        -       0x00000400   Zero   RW          608    .bss                oled.o
    0x200005e4        -       0x00000400   Zero   RW          681    .bss                stmflash.o
    0x200009e4        -       0x00000009   Zero   RW          696    .bss                pstwo.o
    0x200009ed        -       0x0000002a   Zero   RW          748    .bss                datascope_dp.o
    0x20000a17   COMPRESSED   0x00000001   PAD
    0x20000a18        -       0x00000060   Zero   RW          983    .bss                c_w.l(libspace.o)
    0x20000a78        -       0x00000200   Zero   RW          210    HEAP                startup_stm32f10x_md.o
    0x20000c78        -       0x00000400   Zero   RW          209    STACK               startup_stm32f10x_md.o


==============================================================================

Image component sizes


      Code (inc. data)   RO Data    RW Data    ZI Data      Debug   Object Name

       280         24          0          0          0       1028   adc.o
      4696        504          0        136          0       6574   control.o
         0          0          0          0          0         32   core_cm3.o
       340         30          0          0         42       2062   datascope_dp.o
       212         18          0          4          0       1023   delay.o
       552         48          0         14          0       1659   key.o
        96         16          0          4          0        721   led.o
       232         38          0        192         40       2907   minibalance.o
       220         22          0          0          0     214185   misc.o
       376         20          0          0          0       1006   motor.o
      1102         34       2660          0       1024       4675   oled.o
      1048         44          0         36          9       3755   pstwo.o
      1776        230          0          9          0       1638   show.o
        64         26        236          0       1536        808   startup_stm32f10x_md.o
      1102         26          0          0          0      11025   stm32f10x_adc.o
       196          8          0          0          0       3480   stm32f10x_bkp.o
       860         38          0          0          0       5717   stm32f10x_gpio.o
        26          0          0          0          0     250830   stm32f10x_it.o
       204         14          0          0          0       1947   stm32f10x_pwr.o
       932         36          0         20          0       8884   stm32f10x_rcc.o
      3610         88          0          0          0      22824   stm32f10x_tim.o
      1032         22          0          0          0       8440   stm32f10x_usart.o
       868         66          0          0       1024       4314   stmflash.o
       712         44          0          0          0       2807   sys.o
       480         38          0         20          0       1715   system_stm32f10x.o
        90          0          0          0          0        672   timer.o
       164         10          0          4          0       2766   usart.o
       180          8          0          0          0        859   usart3.o

    ----------------------------------------------------------------------
     21460       1452       2934        444       3676     568353   Object Totals
         0          0         32          0          0          0   (incl. Generated)
        10          0          6          5          1          0   (incl. Padding)

    ----------------------------------------------------------------------

      Code (inc. data)   RO Data    RW Data    ZI Data      Debug   Library Member Name

        90          0          0          0          0          0   __dczerorl2.o
         8          0          0          0          0         68   __main.o
       104          0          0          0          0         84   __printf.o
         0          0          0          0          0          0   __rtentry.o
        12          0          0          0          0          0   __rtentry2.o
         6          0          0          0          0          0   __rtentry4.o
        52          8          0          0          0          0   __scatter.o
        28          0          0          0          0          0   __scatter_zi.o
        48          6          0          0          0         96   _printf_char_common.o
        36          4          0          0          0         80   _printf_char_file.o
         6          0          0          0          0          0   _printf_d.o
       120         16          0          0          0         92   _printf_dec.o
       178          0          0          0          0         88   _printf_intcommon.o
         0          0          0          0          0          0   _printf_percent.o
         4          0          0          0          0          0   _printf_percent_end.o
        22          0          0          0          0        100   _rserrno.o
        18          0          0          0          0         80   exit.o
         8          0          0          0          0         68   ferror.o
         6          0          0          0          0        152   heapauxi.o
         2          0          0          0          0          0   libinit.o
         2          0          0          0          0          0   libinit2.o
         2          0          0          0          0          0   libshutdown.o
         2          0          0          0          0          0   libshutdown2.o
         8          4          0          0         96         68   libspace.o
        24          4          0          0          0         84   noretval__2printf.o
         8          4          0          0          0         68   rt_errno_addr_intlibspace.o
         2          0          0          0          0          0   rtexit.o
        10          0          0          0          0          0   rtexit2.o
        74          0          0          0          0         80   sys_stackheap_outer.o
         2          0          0          0          0         68   use_no_semi.o
         2          0          0          0          0         68   use_no_semi_2.o
        98          4          0          0          0         92   d2f.o
       826         16          0          0          0        348   daddsub_clz.o
        16          4          0          0          0         68   dcheck1.o
       688        140          0          0          0        208   ddiv.o
        94          4          0          0          0         92   dfix.o
        84          0          0          0          0        136   dflt_clz.o
       340         12          0          0          0        104   dmul.o
       156          4          0          0          0         92   dnaninf.o
        12          0          0          0          0         68   dretinf.o
       460         56          0          0          0        120   dsqrt_noumaal.o
        86          4          0          0          0         84   f2d.o
       450          8          0          0          0        236   faddsub_clz.o
        24          0          0          0          0         68   fcmpi.o
       388         76          0          0          0         96   fdiv.o
        54          4          0          0          0         84   ffix.o
        62          4          0          0          0         84   ffixu.o
        86          0          0          0          0        136   fflt_clz.o
       104          4          0          0          0         84   fleqf.o
       258          4          0          0          0         84   fmul.o
       140          4          0          0          0         84   fnaninf.o
        10          0          0          0          0         68   fretinf.o
        98          0          0          0          0         68   frleqf.o
       100          0          0          0          0         68   retnan.o
        92          0          0          0          0         68   scalbn.o
        48          0          0          0          0         68   trapv.o
         0          0          0          0          0          0   usenofp.o
       624         52         80          0          0        168   asin.o
       156          8          0          0          0        104   cos.o
       252         22         48          0          0        124   cos_i.o
        34          6          0          0          0        204   dunder.o
        40          0          0          0          0         68   fpclassify.o
       170          0          0          0          0         96   poly.o
       904         76        200          0          0        140   rred.o
       160         10          0          0          0        108   sin.o
       236         12         40          0          0        128   sin_i.o
        76          0          0          0          0         84   sqrt.o

    ----------------------------------------------------------------------
      8334        580        368          0         96       5276   Library Totals
        24          0          0          0          0          0   (incl. Padding)

    ----------------------------------------------------------------------

      Code (inc. data)   RO Data    RW Data    ZI Data      Debug   Library Name

       884         46          0          0         96       1344   c_w.l
      4774        348          0          0          0       2708   fz_ws.l
      2652        186        368          0          0       1224   m_ws.l

    ----------------------------------------------------------------------
      8334        580        368          0         96       5276   Library Totals

    ----------------------------------------------------------------------

==============================================================================


      Code (inc. data)   RO Data    RW Data    ZI Data      Debug   

     29794       2032       3302        444       3772     568165   Grand Totals
     29794       2032       3302        124       3772     568165   ELF Image Totals (compressed)
     29794       2032       3302        124          0          0   ROM Totals

==============================================================================

    Total RO  Size (Code + RO Data)                33096 (  32.32kB)
    Total RW  Size (RW Data + ZI Data)              4216 (   4.12kB)
    Total ROM Size (Code + RO Data + RW Data)      33220 (  32.44kB)

==============================================================================

