Component: ARM Compiler 5.06 update 6 (build 750) Tool: armlink [4d35ed]

==============================================================================

Section Cross References

    startup_stm32f103xb.o(RESET) refers to startup_stm32f103xb.o(STACK) for __initial_sp
    startup_stm32f103xb.o(RESET) refers to startup_stm32f103xb.o(.text) for Reset_Handler
    startup_stm32f103xb.o(RESET) refers to stm32f1xx_it.o(i.NMI_Handler) for NMI_Handler
    startup_stm32f103xb.o(RESET) refers to stm32f1xx_it.o(i.HardFault_Handler) for HardFault_Handler
    startup_stm32f103xb.o(RESET) refers to stm32f1xx_it.o(i.MemManage_Handler) for MemManage_Handler
    startup_stm32f103xb.o(RESET) refers to stm32f1xx_it.o(i.BusFault_Handler) for BusFault_Handler
    startup_stm32f103xb.o(RESET) refers to stm32f1xx_it.o(i.UsageFault_Handler) for UsageFault_Handler
    startup_stm32f103xb.o(RESET) refers to stm32f1xx_it.o(i.SVC_Handler) for SVC_Handler
    startup_stm32f103xb.o(RESET) refers to stm32f1xx_it.o(i.DebugMon_Handler) for DebugMon_Handler
    startup_stm32f103xb.o(RESET) refers to stm32f1xx_it.o(i.PendSV_Handler) for PendSV_Handler
    startup_stm32f103xb.o(RESET) refers to stm32f1xx_it.o(i.SysTick_Handler) for SysTick_Handler
    startup_stm32f103xb.o(RESET) refers to stm32f1xx_it.o(i.EXTI4_IRQHandler) for EXTI4_IRQHandler
    startup_stm32f103xb.o(RESET) refers to stm32f1xx_it.o(i.USART1_IRQHandler) for USART1_IRQHandler
    startup_stm32f103xb.o(.text) refers to system_stm32f1xx.o(i.SystemInit) for SystemInit
    startup_stm32f103xb.o(.text) refers to entry.o(.ARM.Collect$$$$00000000) for __main
    datacal.o(i.IMU_Update_Task) refers to ffltui.o(.text) for __aeabi_ui2f
    datacal.o(i.IMU_Update_Task) refers to fmul.o(.text) for __aeabi_fmul
    datacal.o(i.IMU_Update_Task) refers to imu.o(i.IMU_update) for IMU_update
    datacal.o(i.IMU_Update_Task) refers to imu.o(.data) for imu_state
    datacal.o(i.IMU_Update_Task) refers to imu.o(.data) for imu_data
    datacal.o(i.IMU_Update_Task) refers to sensor_basic.o(.bss) for sensor
    datacal.o(i.Sensor_Get) refers to icm20602.o(i.Drv_Icm20602_Read) for Drv_Icm20602_Read
    filter.o(i.LPF_1) refers to fadd.o(.text) for __aeabi_fsub
    filter.o(i.LPF_1) refers to fmul.o(.text) for __aeabi_fmul
    filter.o(i.LPF_1) refers to fdiv.o(.text) for __aeabi_fdiv
    filter.o(i.LPF_1_db) refers to dadd.o(.text) for __aeabi_dsub
    filter.o(i.LPF_1_db) refers to fmul.o(.text) for __aeabi_fmul
    filter.o(i.LPF_1_db) refers to fdiv.o(.text) for __aeabi_fdiv
    filter.o(i.LPF_1_db) refers to fadd.o(.text) for __aeabi_fadd
    filter.o(i.LPF_1_db) refers to f2d.o(.text) for __aeabi_f2d
    filter.o(i.LPF_1_db) refers to dmul.o(.text) for __aeabi_dmul
    filter.o(i.Moving_Average) refers to ffltui.o(.text) for __aeabi_ui2f
    filter.o(i.Moving_Average) refers to fadd.o(.text) for __aeabi_fsub
    filter.o(i.Moving_Average) refers to fdiv.o(.text) for __aeabi_fdiv
    filter.o(i.Moving_Average) refers to fmul.o(.text) for __aeabi_fmul
    filter.o(i.fir_arrange_filter) refers to cfrcmple.o(.text) for __aeabi_cfrcmple
    filter.o(i.fix_inte_filter) refers to fadd.o(.text) for __aeabi_fadd
    filter.o(i.fix_inte_filter) refers to fmul.o(.text) for __aeabi_fmul
    filter.o(i.fix_inte_filter) refers to cfrcmple.o(.text) for __aeabi_cfrcmple
    filter.o(i.inte_fix_filter) refers to cfrcmple.o(.text) for __aeabi_cfrcmple
    filter.o(i.inte_fix_filter) refers to fadd.o(.text) for __aeabi_fadd
    filter.o(i.inte_fix_filter) refers to fmul.o(.text) for __aeabi_fmul
    filter.o(i.limit_filter) refers to fadd.o(.text) for __aeabi_fsub
    filter.o(i.limit_filter) refers to fmul.o(.text) for __aeabi_fmul
    filter.o(i.limit_filter) refers to fdiv.o(.text) for __aeabi_fdiv
    filter.o(i.limit_filter) refers to cfrcmple.o(.text) for __aeabi_cfrcmple
    filter.o(i.limit_filter_2) refers to fadd.o(.text) for __aeabi_fsub
    filter.o(i.limit_filter_2) refers to fmul.o(.text) for __aeabi_fmul
    filter.o(i.limit_filter_2) refers to fdiv.o(.text) for __aeabi_fdiv
    filter.o(i.limit_filter_2) refers to cfrcmple.o(.text) for __aeabi_cfrcmple
    filter.o(i.limit_filter_3) refers to fadd.o(.text) for __aeabi_fsub
    filter.o(i.limit_filter_3) refers to fmul.o(.text) for __aeabi_fmul
    filter.o(i.limit_filter_3) refers to fdiv.o(.text) for __aeabi_fdiv
    filter.o(i.limit_filter_3) refers to cfrcmple.o(.text) for __aeabi_cfrcmple
    filter.o(i.my_hpf_limited) refers to fadd.o(.text) for __aeabi_fsub
    filter.o(i.my_hpf_limited) refers to fmul.o(.text) for __aeabi_fmul
    filter.o(i.my_hpf_limited) refers to fdiv.o(.text) for __aeabi_fdiv
    filter.o(i.my_hpf_limited) refers to cfrcmple.o(.text) for __aeabi_cfrcmple
    filter.o(i.simple_3d_trans) refers to fmul.o(.text) for __aeabi_fmul
    filter.o(i.simple_3d_trans) refers to fadd.o(.text) for __aeabi_fadd
    filter.o(i.simple_3d_trans) refers to math.o(i.my_sqrt) for my_sqrt
[...]
    cdcmple.o(.text) refers (Special) to iusefp.o(.text) for __I$use$fp
    cdrcmple.o(.text) refers (Special) to iusefp.o(.text) for __I$use$fp
    d2f.o(.text) refers (Special) to iusefp.o(.text) for __I$use$fp
    d2f.o(.text) refers to fepilogue.o(.text) for _float_round
    cfcmple.o(.text) refers (Special) to iusefp.o(.text) for __I$use$fp
    cfrcmple.o(.text) refers (Special) to iusefp.o(.text) for __I$use$fp
    entry2.o(.ARM.Collect$$$$00000001) refers to entry2.o(.ARM.Collect$$$$00002712) for __lit__00000000
    entry2.o(.ARM.Collect$$$$00002712) refers to startup_stm32f103xb.o(STACK) for __initial_sp
    entry2.o(__vectab_stack_and_reset_area) refers to startup_stm32f103xb.o(STACK) for __initial_sp
    entry2.o(__vectab_stack_and_reset_area) refers to entry.o(.ARM.Collect$$$$00000000) for __main
    entry5.o(.ARM.Collect$$$$00000004) refers to init.o(.text) for __scatterload
    entry9a.o(.ARM.Collect$$$$0000000B) refers to main.o(i.main) for main
    entry9b.o(.ARM.Collect$$$$0000000C) refers to main.o(i.main) for main
    depilogue.o(.text) refers to llshl.o(.text) for __aeabi_llsl
    depilogue.o(.text) refers to llushr.o(.text) for __aeabi_llsr
    init.o(.text) refers to entry5.o(.ARM.Collect$$$$00000004) for __main_after_scatterload


==============================================================================

Removing Unused input sections from the image.

    Removing startup_stm32f103xb.o(HEAP), (512 bytes).
    Removing data.o(.rev16_text), (4 bytes).
    Removing data.o(.revsh_text), (4 bytes).
    Removing data.o(.rrx_text), (6 bytes).
    Removing datacal.o(.rev16_text), (4 bytes).
    Removing datacal.o(.revsh_text), (4 bytes).
    Removing datacal.o(.rrx_text), (6 bytes).
    Removing filter.o(.rev16_text), (4 bytes).
    Removing filter.o(.revsh_text), (4 bytes).
    Removing filter.o(.rrx_text), (6 bytes).
    Removing filter.o(i.LPF_1), (84 bytes).
    Removing filter.o(i.LPF_1_db), (108 bytes).
    Removing filter.o(i.Moving_Average), (120 bytes).
    Removing filter.o(i.fir_arrange_filter), (126 bytes).
    Removing filter.o(i.fix_inte_filter), (92 bytes).
    Removing filter.o(i.inte_fix_filter), (92 bytes).
    Removing filter.o(i.limit_filter), (128 bytes).
    Removing filter.o(i.limit_filter_2), (132 bytes).
    Removing filter.o(i.limit_filter_3), (132 bytes).
    Removing filter.o(i.my_hpf_limited), (132 bytes).
    Removing filter.o(i.simple_3d_trans), (216 bytes).
    Removing filter.o(i.steepest_descend), (306 bytes).
    Removing filter.o(i.step_filter), (74 bytes).
    Removing filter.o(i.vec_3dh_transition), (4 bytes).
    Removing filter.o(i.vec_3dh_transition_matrix), (2 bytes).
    Removing filter.o(.data), (12 bytes).
    Removing imu.o(.rev16_text), (4 bytes).
    Removing imu.o(.revsh_text), (4 bytes).
    Removing imu.o(.rrx_text), (6 bytes).
    Removing imu.o(i.a2w_3d_trans), (76 bytes).
    Removing imu.o(i.h2w_2d_trans), (66 bytes).
    Removing imu.o(.bss), (12 bytes).
    Removing math.o(.rev16_text), (4 bytes).
    Removing math.o(.revsh_text), (4 bytes).
    Removing math.o(.rrx_text), (6 bytes).
    Removing math.o(i.To_180_degrees_db), (84 bytes).
    Removing math.o(i.fifo), (32 bytes).
    Removing math.o(i.length_limit), (110 bytes).
    Removing math.o(i.mx_sin), (160 bytes).
    Removing math.o(i.my_HPF), (312 bytes).
    Removing math.o(i.my_atan), (10 bytes).
    Removing math.o(i.my_cos), (100 bytes).
    Removing math.o(i.my_deadzone), (54 bytes).
    Removing math.o(i.my_deadzone_2), (48 bytes).
    Removing math.o(i.my_sin), (84 bytes).
    Removing math.o(i.rot_vec_2), (88 bytes).
    Removing math.o(i.vec_2_cross_product), (34 bytes).
    Removing math.o(i.vec_2_dot_product), (34 bytes).
    Removing math.o(i.vec_3_cross_product_err_sinx), (92 bytes).
    Removing math.o(i.vec_3_dot_product), (52 bytes).
    Removing scheduler.o(.rev16_text), (4 bytes).
    Removing scheduler.o(.revsh_text), (4 bytes).
    Removing scheduler.o(.rrx_text), (6 bytes).
    Removing scheduler.o(i.GetSysRunTimeMs), (12 bytes).
    Removing sensor_basic.o(.rev16_text), (4 bytes).
    Removing sensor_basic.o(.revsh_text), (4 bytes).
    Removing sensor_basic.o(.rrx_text), (6 bytes).
    Removing sensor_basic.o(.data), (36 bytes).
    Removing sensor_basic.o(.data), (2 bytes).
    Removing sys.o(.rev16_text), (4 bytes).
    Removing sys.o(.revsh_text), (4 bytes).
    Removing sys.o(.rrx_text), (6 bytes).
    Removing sys.o(i.delay_ms), (24 bytes).
    Removing sys.o(i.delay_us), (6 bytes).
    Removing dt.o(.rev16_text), (4 bytes).
    Removing dt.o(.revsh_text), (4 bytes).
    Removing dt.o(.rrx_text), (6 bytes).
    Removing drv_spi.o(.rev16_text), (4 bytes).
    Removing drv_spi.o(.revsh_text), (4 bytes).
    Removing drv_spi.o(.rrx_text), (6 bytes).
    Removing drv_spi.o(i.Drv_Spi0Transmit), (26 bytes).
    Removing icm20602.o(.rev16_text), (4 bytes).
    Removing icm20602.o(.revsh_text), (4 bytes).
    Removing icm20602.o(.rrx_text), (6 bytes).
    Removing icm20602.o(i.icm20602_INT_Config), (4 bytes).
    Removing icm20602.o(.data), (14 bytes).
    Removing main.o(.rev16_text), (4 bytes).
    Removing main.o(.revsh_text), (4 bytes).
    Removing main.o(.rrx_text), (6 bytes).
    Removing main.o(i._Error_Handler), (2 bytes).
    Removing main.o(i.fputc), (24 bytes).
    Removing stm32f1xx_it.o(.rev16_text), (4 bytes).
    Removing stm32f1xx_it.o(.revsh_text), (4 bytes).
    Removing stm32f1xx_it.o(.rrx_text), (6 bytes).
    Removing stm32f1xx_hal_msp.o(.rev16_text), (4 bytes).
    Removing stm32f1xx_hal_msp.o(.revsh_text), (4 bytes).
    Removing stm32f1xx_hal_msp.o(.rrx_text), (6 bytes).
    Removing stm32f1xx_hal_msp.o(i.HAL_SPI_MspDeInit), (44 bytes).
    Removing stm32f1xx_hal_msp.o(i.HAL_UART_MspDeInit), (56 bytes).
    Removing stm32f1xx_hal_gpio_ex.o(.rev16_text), (4 bytes).
    Removing stm32f1xx_hal_gpio_ex.o(.revsh_text), (4 bytes).
    Removing stm32f1xx_hal_gpio_ex.o(.rrx_text), (6 bytes).
    Removing stm32f1xx_hal_gpio_ex.o(i.HAL_GPIOEx_ConfigEventout), (20 bytes).
    Removing stm32f1xx_hal_gpio_ex.o(i.HAL_GPIOEx_DisableEventout), (16 bytes).
    Removing stm32f1xx_hal_gpio_ex.o(i.HAL_GPIOEx_EnableEventout), (16 bytes).
    Removing stm32f1xx_hal_spi.o(.rev16_text), (4 bytes).
    Removing stm32f1xx_hal_spi.o(.revsh_text), (4 bytes).
    Removing stm32f1xx_hal_spi.o(.rrx_text), (6 bytes).
    Removing stm32f1xx_hal_spi.o(i.HAL_SPI_Abort), (188 bytes).
    Removing stm32f1xx_hal_spi.o(i.HAL_SPI_AbortCpltCallback), (2 bytes).
    Removing stm32f1xx_hal_spi.o(i.HAL_SPI_Abort_IT), (228 bytes).
    Removing stm32f1xx_hal_spi.o(i.HAL_SPI_DMAPause), (38 bytes).
    Removing stm32f1xx_hal_spi.o(i.HAL_SPI_DMAResume), (38 bytes).
    Removing stm32f1xx_hal_spi.o(i.HAL_SPI_DMAStop), (40 bytes).
    Removing stm32f1xx_hal_spi.o(i.HAL_SPI_DeInit), (46 bytes).
    Removing stm32f1xx_hal_spi.o(i.HAL_SPI_ErrorCallback), (2 bytes).
    Removing stm32f1xx_hal_spi.o(i.HAL_SPI_GetError), (4 bytes).
    Removing stm32f1xx_hal_spi.o(i.HAL_SPI_GetState), (6 bytes).
    Removing stm32f1xx_hal_spi.o(i.HAL_SPI_IRQHandler), (196 bytes).
    Removing stm32f1xx_hal_spi.o(i.HAL_SPI_Init), (128 bytes).
    Removing stm32f1xx_hal_spi.o(i.HAL_SPI_MspDeInit), (2 bytes).
    Removing stm32f1xx_hal_spi.o(i.HAL_SPI_MspInit), (2 bytes).
    Removing stm32f1xx_hal_spi.o(i.HAL_SPI_Receive), (336 bytes).
    Removing stm32f1xx_hal_spi.o(i.HAL_SPI_Receive_DMA), (212 bytes).
    Removing stm32f1xx_hal_spi.o(i.HAL_SPI_Receive_IT), (164 bytes).
    Removing stm32f1xx_hal_spi.o(i.HAL_SPI_RxCpltCallback), (2 bytes).
    Removing stm32f1xx_hal_spi.o(i.HAL_SPI_RxHalfCpltCallback), (2 bytes).
    Removing stm32f1xx_hal_spi.o(i.HAL_SPI_Transmit), (360 bytes).
    Removing stm32f1xx_hal_spi.o(i.HAL_SPI_TransmitReceive_DMA), (264 bytes).
    Removing stm32f1xx_hal_spi.o(i.HAL_SPI_TransmitReceive_IT), (164 bytes).
    Removing stm32f1xx_hal_spi.o(i.HAL_SPI_Transmit_DMA), (184 bytes).
    Removing stm32f1xx_hal_spi.o(i.HAL_SPI_Transmit_IT), (152 bytes).
    Removing stm32f1xx_hal_spi.o(i.HAL_SPI_TxCpltCallback), (2 bytes).
    Removing stm32f1xx_hal_spi.o(i.HAL_SPI_TxHalfCpltCallback), (2 bytes).
    Removing stm32f1xx_hal_spi.o(i.HAL_SPI_TxRxCpltCallback), (2 bytes).
    Removing stm32f1xx_hal_spi.o(i.HAL_SPI_TxRxHalfCpltCallback), (2 bytes).
    Removing stm32f1xx_hal_spi.o(i.SPI_2linesRxISR_16BIT), (48 bytes).
    Removing stm32f1xx_hal_spi.o(i.SPI_2linesRxISR_8BIT), (46 bytes).
    Removing stm32f1xx_hal_spi.o(i.SPI_2linesTxISR_16BIT), (48 bytes).
    Removing stm32f1xx_hal_spi.o(i.SPI_2linesTxISR_8BIT), (46 bytes).
    Removing stm32f1xx_hal_spi.o(i.SPI_AbortRx_ISR), (80 bytes).
    Removing stm32f1xx_hal_spi.o(i.SPI_AbortTx_ISR), (22 bytes).
    Removing stm32f1xx_hal_spi.o(i.SPI_CloseRxTx_ISR), (144 bytes).
    Removing stm32f1xx_hal_spi.o(i.SPI_CloseRx_ISR), (78 bytes).
    Removing stm32f1xx_hal_spi.o(i.SPI_CloseTx_ISR), (124 bytes).
    Removing stm32f1xx_hal_spi.o(i.SPI_DMAAbortOnError), (16 bytes).
    Removing stm32f1xx_hal_spi.o(i.SPI_DMAError), (34 bytes).
    Removing stm32f1xx_hal_spi.o(i.SPI_DMAHalfReceiveCplt), (10 bytes).
    Removing stm32f1xx_hal_spi.o(i.SPI_DMAHalfTransmitCplt), (10 bytes).
    Removing stm32f1xx_hal_spi.o(i.SPI_DMAHalfTransmitReceiveCplt), (10 bytes).
    Removing stm32f1xx_hal_spi.o(i.SPI_DMAReceiveCplt), (82 bytes).
    Removing stm32f1xx_hal_spi.o(i.SPI_DMARxAbortCallback), (66 bytes).
    Removing stm32f1xx_hal_spi.o(i.SPI_DMATransmitCplt), (90 bytes).
    Removing stm32f1xx_hal_spi.o(i.SPI_DMATransmitReceiveCplt), (80 bytes).
    Removing stm32f1xx_hal_spi.o(i.SPI_DMATxAbortCallback), (96 bytes).
    Removing stm32f1xx_hal_spi.o(i.SPI_ISCRCErrorValid), (4 bytes).
    Removing stm32f1xx_hal_spi.o(i.SPI_RxISR_16BIT), (32 bytes).
    Removing stm32f1xx_hal_spi.o(i.SPI_RxISR_8BIT), (30 bytes).
    Removing stm32f1xx_hal_spi.o(i.SPI_TxISR_16BIT), (32 bytes).
    Removing stm32f1xx_hal_spi.o(i.SPI_TxISR_8BIT), (30 bytes).
    Removing stm32f1xx_hal_spi_ex.o(.rev16_text), (4 bytes).
    Removing stm32f1xx_hal_spi_ex.o(.revsh_text), (4 bytes).
    Removing stm32f1xx_hal_spi_ex.o(.rrx_text), (6 bytes).
    Removing stm32f1xx_hal_tim.o(.rev16_text), (4 bytes).
    Removing stm32f1xx_hal_tim.o(.revsh_text), (4 bytes).
    Removing stm32f1xx_hal_tim.o(.rrx_text), (6 bytes).
    Removing stm32f1xx_hal_tim_ex.o(.rev16_text), (4 bytes).
    Removing stm32f1xx_hal_tim_ex.o(.revsh_text), (4 bytes).
    Removing stm32f1xx_hal_tim_ex.o(.rrx_text), (6 bytes).
    Removing stm32f1xx_hal_uart.o(.rev16_text), (4 bytes).
    Removing stm32f1xx_hal_uart.o(.revsh_text), (4 bytes).
    Removing stm32f1xx_hal_uart.o(.rrx_text), (6 bytes).
    Removing stm32f1xx_hal_uart.o(i.HAL_HalfDuplex_EnableReceiver), (50 bytes).
    Removing stm32f1xx_hal_uart.o(i.HAL_HalfDuplex_EnableTransmitter), (50 bytes).
    Removing stm32f1xx_hal_uart.o(i.HAL_HalfDuplex_Init), (108 bytes).
    Removing stm32f1xx_hal_uart.o(i.HAL_LIN_Init), (122 bytes).
    Removing stm32f1xx_hal_uart.o(i.HAL_LIN_SendBreak), (46 bytes).
    Removing stm32f1xx_hal_uart.o(i.HAL_MultiProcessor_EnterMuteMode), (46 bytes).
    Removing stm32f1xx_hal_uart.o(i.HAL_MultiProcessor_ExitMuteMode), (46 bytes).
    Removing stm32f1xx_hal_uart.o(i.HAL_MultiProcessor_Init), (130 bytes).
    Removing stm32f1xx_hal_uart.o(i.HAL_UART_Abort), (104 bytes).
    Removing stm32f1xx_hal_uart.o(i.HAL_UART_AbortCpltCallback), (2 bytes).
    Removing stm32f1xx_hal_uart.o(i.HAL_UART_AbortReceive), (68 bytes).
    Removing stm32f1xx_hal_uart.o(i.HAL_UART_AbortReceiveCpltCallback), (2 bytes).
    Removing stm32f1xx_hal_uart.o(i.HAL_UART_AbortReceive_IT), (92 bytes).
    Removing stm32f1xx_hal_uart.o(i.HAL_UART_AbortTransmit), (58 bytes).
    Removing stm32f1xx_hal_uart.o(i.HAL_UART_AbortTransmitCpltCallback), (2 bytes).
    Removing stm32f1xx_hal_uart.o(i.HAL_UART_AbortTransmit_IT), (84 bytes).
    Removing stm32f1xx_hal_uart.o(i.HAL_UART_Abort_IT), (172 bytes).
    Removing stm32f1xx_hal_uart.o(i.HAL_UART_DMAPause), (102 bytes).
    Removing stm32f1xx_hal_uart.o(i.HAL_UART_DMAResume), (94 bytes).
    Removing stm32f1xx_hal_uart.o(i.HAL_UART_DMAStop), (88 bytes).
    Removing stm32f1xx_hal_uart.o(i.HAL_UART_DeInit), (40 bytes).
    Removing stm32f1xx_hal_uart.o(i.HAL_UART_GetError), (4 bytes).
    Removing stm32f1xx_hal_uart.o(i.HAL_UART_GetState), (10 bytes).
    Removing stm32f1xx_hal_uart.o(i.HAL_UART_MspDeInit), (2 bytes).
    Removing stm32f1xx_hal_uart.o(i.HAL_UART_MspInit), (2 bytes).
    Removing stm32f1xx_hal_uart.o(i.HAL_UART_Receive), (184 bytes).
    Removing stm32f1xx_hal_uart.o(i.HAL_UART_Receive_DMA), (152 bytes).
    Removing stm32f1xx_hal_uart.o(i.HAL_UART_Receive_IT), (82 bytes).
    Removing stm32f1xx_hal_uart.o(i.HAL_UART_RxHalfCpltCallback), (2 bytes).
    Removing stm32f1xx_hal_uart.o(i.HAL_UART_Transmit_DMA), (128 bytes).
    Removing stm32f1xx_hal_uart.o(i.HAL_UART_Transmit_IT), (62 bytes).
    Removing stm32f1xx_hal_uart.o(i.HAL_UART_TxHalfCpltCallback), (2 bytes).
    Removing stm32f1xx_hal_uart.o(i.UART_DMAError), (74 bytes).
    Removing stm32f1xx_hal_uart.o(i.UART_DMAReceiveCplt), (60 bytes).
    Removing stm32f1xx_hal_uart.o(i.UART_DMARxAbortCallback), (42 bytes).
    Removing stm32f1xx_hal_uart.o(i.UART_DMARxHalfCplt), (10 bytes).
    Removing stm32f1xx_hal_uart.o(i.UART_DMARxOnlyAbortCallback), (20 bytes).
    Removing stm32f1xx_hal_uart.o(i.UART_DMATransmitCplt), (46 bytes).
    Removing stm32f1xx_hal_uart.o(i.UART_DMATxAbortCallback), (42 bytes).
    Removing stm32f1xx_hal_uart.o(i.UART_DMATxHalfCplt), (10 bytes).
    Removing stm32f1xx_hal_uart.o(i.UART_DMATxOnlyAbortCallback), (20 bytes).
    Removing stm32f1xx_hal_uart.o(i.UART_EndTxTransfer), (18 bytes).
    Removing stm32f1xx_hal.o(.rev16_text), (4 bytes).
    Removing stm32f1xx_hal.o(.revsh_text), (4 bytes).
    Removing stm32f1xx_hal.o(.rrx_text), (6 bytes).
    Removing stm32f1xx_hal.o(i.HAL_DBGMCU_DisableDBGSleepMode), (16 bytes).
    Removing stm32f1xx_hal.o(i.HAL_DBGMCU_DisableDBGStandbyMode), (16 bytes).
    Removing stm32f1xx_hal.o(i.HAL_DBGMCU_DisableDBGStopMode), (16 bytes).
    Removing stm32f1xx_hal.o(i.HAL_DBGMCU_EnableDBGSleepMode), (16 bytes).
    Removing stm32f1xx_hal.o(i.HAL_DBGMCU_EnableDBGStandbyMode), (16 bytes).
    Removing stm32f1xx_hal.o(i.HAL_DBGMCU_EnableDBGStopMode), (16 bytes).
    Removing stm32f1xx_hal.o(i.HAL_DeInit), (32 bytes).
    Removing stm32f1xx_hal.o(i.HAL_GetDEVID), (16 bytes).
    Removing stm32f1xx_hal.o(i.HAL_GetHalVersion), (8 bytes).
    Removing stm32f1xx_hal.o(i.HAL_GetREVID), (12 bytes).
    Removing stm32f1xx_hal.o(i.HAL_GetTickFreq), (12 bytes).
    Removing stm32f1xx_hal.o(i.HAL_GetTickPrio), (12 bytes).
    Removing stm32f1xx_hal.o(i.HAL_GetUID), (28 bytes).
    Removing stm32f1xx_hal.o(i.HAL_MspDeInit), (2 bytes).
    Removing stm32f1xx_hal.o(i.HAL_MspInit), (2 bytes).
    Removing stm32f1xx_hal.o(i.HAL_ResumeTick), (14 bytes).
    Removing stm32f1xx_hal.o(i.HAL_SetTickFreq), (28 bytes).
    Removing stm32f1xx_hal.o(i.HAL_SuspendTick), (14 bytes).
    Removing stm32f1xx_hal_rcc.o(.rev16_text), (4 bytes).
    Removing stm32f1xx_hal_rcc.o(.revsh_text), (4 bytes).
    Removing stm32f1xx_hal_rcc.o(.rrx_text), (6 bytes).
    Removing stm32f1xx_hal_rcc.o(i.HAL_RCC_CSSCallback), (2 bytes).
    Removing stm32f1xx_hal_rcc.o(i.HAL_RCC_DeInit), (216 bytes).
    Removing stm32f1xx_hal_rcc.o(i.HAL_RCC_DisableCSS), (12 bytes).
    Removing stm32f1xx_hal_rcc.o(i.HAL_RCC_EnableCSS), (12 bytes).
    Removing stm32f1xx_hal_rcc.o(i.HAL_RCC_GetClockConfig), (64 bytes).
    Removing stm32f1xx_hal_rcc.o(i.HAL_RCC_GetOscConfig), (144 bytes).
    Removing stm32f1xx_hal_rcc.o(i.HAL_RCC_MCOConfig), (72 bytes).
    Removing stm32f1xx_hal_rcc.o(i.HAL_RCC_NMI_IRQHandler), (24 bytes).
    Removing stm32f1xx_hal_rcc_ex.o(.rev16_text), (4 bytes).
    Removing stm32f1xx_hal_rcc_ex.o(.revsh_text), (4 bytes).
    Removing stm32f1xx_hal_rcc_ex.o(.rrx_text), (6 bytes).
    Removing stm32f1xx_hal_rcc_ex.o(i.HAL_RCCEx_GetPeriphCLKConfig), (44 bytes).
    Removing stm32f1xx_hal_rcc_ex.o(i.HAL_RCCEx_GetPeriphCLKFreq), (200 bytes).
    Removing stm32f1xx_hal_rcc_ex.o(i.HAL_RCCEx_PeriphCLKConfig), (236 bytes).
    Removing stm32f1xx_hal_gpio.o(.rev16_text), (4 bytes).
    Removing stm32f1xx_hal_gpio.o(.revsh_text), (4 bytes).
    Removing stm32f1xx_hal_gpio.o(.rrx_text), (6 bytes).
    Removing stm32f1xx_hal_gpio.o(i.HAL_GPIO_DeInit), (228 bytes).
    Removing stm32f1xx_hal_gpio.o(i.HAL_GPIO_EXTI_Callback), (2 bytes).
    Removing stm32f1xx_hal_gpio.o(i.HAL_GPIO_LockPin), (34 bytes).
    Removing stm32f1xx_hal_gpio.o(i.HAL_GPIO_ReadPin), (10 bytes).
    Removing stm32f1xx_hal_gpio.o(i.HAL_GPIO_TogglePin), (8 bytes).
    Removing stm32f1xx_hal_dma.o(.rev16_text), (4 bytes).
    Removing stm32f1xx_hal_dma.o(.revsh_text), (4 bytes).
    Removing stm32f1xx_hal_dma.o(.rrx_text), (6 bytes).
    Removing stm32f1xx_hal_dma.o(i.DMA_SetConfig), (42 bytes).
    Removing stm32f1xx_hal_dma.o(i.HAL_DMA_Abort), (48 bytes).
    Removing stm32f1xx_hal_dma.o(i.HAL_DMA_DeInit), (84 bytes).
    Removing stm32f1xx_hal_dma.o(i.HAL_DMA_GetError), (4 bytes).
    Removing stm32f1xx_hal_dma.o(i.HAL_DMA_GetState), (6 bytes).
    Removing stm32f1xx_hal_dma.o(i.HAL_DMA_IRQHandler), (340 bytes).
    Removing stm32f1xx_hal_dma.o(i.HAL_DMA_Init), (100 bytes).
    Removing stm32f1xx_hal_dma.o(i.HAL_DMA_PollForTransfer), (532 bytes).
    Removing stm32f1xx_hal_dma.o(i.HAL_DMA_RegisterCallback), (74 bytes).
    Removing stm32f1xx_hal_dma.o(i.HAL_DMA_Start), (80 bytes).
    Removing stm32f1xx_hal_dma.o(i.HAL_DMA_Start_IT), (112 bytes).
    Removing stm32f1xx_hal_dma.o(i.HAL_DMA_UnRegisterCallback), (82 bytes).
    Removing stm32f1xx_hal_cortex.o(.rev16_text), (4 bytes).
    Removing stm32f1xx_hal_cortex.o(.revsh_text), (4 bytes).
    Removing stm32f1xx_hal_cortex.o(.rrx_text), (6 bytes).
    Removing stm32f1xx_hal_cortex.o(i.HAL_NVIC_ClearPendingIRQ), (22 bytes).
    Removing stm32f1xx_hal_cortex.o(i.HAL_NVIC_DisableIRQ), (22 bytes).
    Removing stm32f1xx_hal_cortex.o(i.HAL_NVIC_GetActive), (32 bytes).
    Removing stm32f1xx_hal_cortex.o(i.HAL_NVIC_GetPendingIRQ), (32 bytes).
    Removing stm32f1xx_hal_cortex.o(i.HAL_NVIC_GetPriority), (82 bytes).
    Removing stm32f1xx_hal_cortex.o(i.HAL_NVIC_GetPriorityGrouping), (16 bytes).
    Removing stm32f1xx_hal_cortex.o(i.HAL_NVIC_SetPendingIRQ), (22 bytes).
    Removing stm32f1xx_hal_cortex.o(i.HAL_NVIC_SystemReset), (36 bytes).
    Removing stm32f1xx_hal_cortex.o(i.HAL_SYSTICK_Callback), (2 bytes).
    Removing stm32f1xx_hal_pwr.o(.rev16_text), (4 bytes).
    Removing stm32f1xx_hal_pwr.o(.revsh_text), (4 bytes).
    Removing stm32f1xx_hal_pwr.o(.rrx_text), (6 bytes).
    Removing stm32f1xx_hal_pwr.o(i.HAL_PWR_ConfigPVD), (124 bytes).
    Removing stm32f1xx_hal_pwr.o(i.HAL_PWR_DeInit), (24 bytes).
    Removing stm32f1xx_hal_pwr.o(i.HAL_PWR_DisableBkUpAccess), (12 bytes).
    Removing stm32f1xx_hal_pwr.o(i.HAL_PWR_DisablePVD), (12 bytes).
    Removing stm32f1xx_hal_pwr.o(i.HAL_PWR_DisableSEVOnPend), (16 bytes).
    Removing stm32f1xx_hal_pwr.o(i.HAL_PWR_DisableSleepOnExit), (16 bytes).
    Removing stm32f1xx_hal_pwr.o(i.HAL_PWR_DisableWakeUpPin), (28 bytes).
    Removing stm32f1xx_hal_pwr.o(i.HAL_PWR_EnableBkUpAccess), (12 bytes).
    Removing stm32f1xx_hal_pwr.o(i.HAL_PWR_EnablePVD), (12 bytes).
    Removing stm32f1xx_hal_pwr.o(i.HAL_PWR_EnableSEVOnPend), (16 bytes).
    Removing stm32f1xx_hal_pwr.o(i.HAL_PWR_EnableSleepOnExit), (16 bytes).
    Removing stm32f1xx_hal_pwr.o(i.HAL_PWR_EnableWakeUpPin), (28 bytes).
    Removing stm32f1xx_hal_pwr.o(i.HAL_PWR_EnterSLEEPMode), (32 bytes).
    Removing stm32f1xx_hal_pwr.o(i.HAL_PWR_EnterSTANDBYMode), (32 bytes).
    Removing stm32f1xx_hal_pwr.o(i.HAL_PWR_EnterSTOPMode), (68 bytes).
    Removing stm32f1xx_hal_pwr.o(i.HAL_PWR_PVDCallback), (2 bytes).
    Removing stm32f1xx_hal_pwr.o(i.HAL_PWR_PVD_IRQHandler), (28 bytes).
    Removing stm32f1xx_hal_pwr.o(i.PWR_OverloadWfe), (6 bytes).
    Removing stm32f1xx_hal_flash.o(.rev16_text), (4 bytes).
    Removing stm32f1xx_hal_flash.o(.revsh_text), (4 bytes).
    Removing stm32f1xx_hal_flash.o(.rrx_text), (6 bytes).
    Removing stm32f1xx_hal_flash.o(i.FLASH_Program_HalfWord), (28 bytes).
    Removing stm32f1xx_hal_flash.o(i.FLASH_SetErrorCode), (92 bytes).
    Removing stm32f1xx_hal_flash.o(i.FLASH_WaitForLastOperation), (84 bytes).
    Removing stm32f1xx_hal_flash.o(i.HAL_FLASH_EndOfOperationCallback), (2 bytes).
    Removing stm32f1xx_hal_flash.o(i.HAL_FLASH_GetError), (12 bytes).
    Removing stm32f1xx_hal_flash.o(i.HAL_FLASH_IRQHandler), (264 bytes).
    Removing stm32f1xx_hal_flash.o(i.HAL_FLASH_Lock), (20 bytes).
    Removing stm32f1xx_hal_flash.o(i.HAL_FLASH_OB_Launch), (4 bytes).
    Removing stm32f1xx_hal_flash.o(i.HAL_FLASH_OB_Lock), (20 bytes).
    Removing stm32f1xx_hal_flash.o(i.HAL_FLASH_OB_Unlock), (36 bytes).
    Removing stm32f1xx_hal_flash.o(i.HAL_FLASH_OperationErrorCallback), (2 bytes).
    Removing stm32f1xx_hal_flash.o(i.HAL_FLASH_Program), (128 bytes).
    Removing stm32f1xx_hal_flash.o(i.HAL_FLASH_Program_IT), (100 bytes).
    Removing stm32f1xx_hal_flash.o(i.HAL_FLASH_Unlock), (40 bytes).
    Removing stm32f1xx_hal_flash.o(.bss), (32 bytes).
    Removing stm32f1xx_hal_flash_ex.o(.rev16_text), (4 bytes).
    Removing stm32f1xx_hal_flash_ex.o(.revsh_text), (4 bytes).
    Removing stm32f1xx_hal_flash_ex.o(.rrx_text), (6 bytes).
    Removing stm32f1xx_hal_flash_ex.o(i.FLASH_MassErase), (36 bytes).
    Removing stm32f1xx_hal_flash_ex.o(i.FLASH_OB_DisableWRP), (176 bytes).
    Removing stm32f1xx_hal_flash_ex.o(i.FLASH_OB_EnableWRP), (176 bytes).
    Removing stm32f1xx_hal_flash_ex.o(i.FLASH_OB_GetRDP), (24 bytes).
    Removing stm32f1xx_hal_flash_ex.o(i.FLASH_OB_RDP_LevelConfig), (100 bytes).
    Removing stm32f1xx_hal_flash_ex.o(i.FLASH_PageErase), (36 bytes).
    Removing stm32f1xx_hal_flash_ex.o(i.HAL_FLASHEx_Erase), (168 bytes).
    Removing stm32f1xx_hal_flash_ex.o(i.HAL_FLASHEx_Erase_IT), (84 bytes).
    Removing stm32f1xx_hal_flash_ex.o(i.HAL_FLASHEx_OBErase), (84 bytes).
    Removing stm32f1xx_hal_flash_ex.o(i.HAL_FLASHEx_OBGetConfig), (36 bytes).
    Removing stm32f1xx_hal_flash_ex.o(i.HAL_FLASHEx_OBGetUserData), (32 bytes).
    Removing stm32f1xx_hal_flash_ex.o(i.HAL_FLASHEx_OBProgram), (200 bytes).
    Removing system_stm32f1xx.o(.rev16_text), (4 bytes).
    Removing system_stm32f1xx.o(.revsh_text), (4 bytes).
    Removing system_stm32f1xx.o(.rrx_text), (6 bytes).
    Removing system_stm32f1xx.o(i.SystemCoreClockUpdate), (104 bytes).
    Removing dadd.o(.text), (334 bytes).
    Removing dmul.o(.text), (228 bytes).
    Removing dflti.o(.text), (34 bytes).
    Removing f2d.o(.text), (38 bytes).
    Removing cdcmple.o(.text), (48 bytes).
    Removing cdrcmple.o(.text), (48 bytes).
    Removing d2f.o(.text), (56 bytes).
    Removing depilogue.o(.text), (186 bytes).

343 unused section(s) (total 17876 bytes) removed from the image.

==============================================================================

Image Symbol Table

    Local Symbols

    Symbol Name                              Value     Ov Type        Size  Object(Section)

    ..//Src/system_stm32f1xx.c               0x00000000   Number         0  system_stm32f1xx.o ABSOLUTE
    ../Drivers/STM32F1xx_HAL_Driver/Src/stm32f1xx_hal.c 0x00000000   Number         0  stm32f1xx_hal.o ABSOLUTE
    ../Drivers/STM32F1xx_HAL_Driver/Src/stm32f1xx_hal_cortex.c 0x00000000   Number         0  stm32f1xx_hal_cortex.o ABSOLUTE
    ../Drivers/STM32F1xx_HAL_Driver/Src/stm32f1xx_hal_dma.c 0x00000000   Number         0  stm32f1xx_hal_dma.o ABSOLUTE
    ../Drivers/STM32F1xx_HAL_Driver/Src/stm32f1xx_hal_flash.c 0x00000000   Number         0  stm32f1xx_hal_flash.o ABSOLUTE
    ../Drivers/STM32F1xx_HAL_Driver/Src/stm32f1xx_hal_flash_ex.c 0x00000000   Number         0  stm32f1xx_hal_flash_ex.o ABSOLUTE
    ../Drivers/STM32F1xx_HAL_Driver/Src/stm32f1xx_hal_gpio.c 0x00000000   Number         0  stm32f1xx_hal_gpio.o ABSOLUTE
    ../Drivers/STM32F1xx_HAL_Driver/Src/stm32f1xx_hal_gpio_ex.c 0x00000000   Number         0  stm32f1xx_hal_gpio_ex.o ABSOLUTE
    ../Drivers/STM32F1xx_HAL_Driver/Src/stm32f1xx_hal_pwr.c 0x00000000   Number         0  stm32f1xx_hal_pwr.o ABSOLUTE
    ../Drivers/STM32F1xx_HAL_Driver/Src/stm32f1xx_hal_rcc.c 0x00000000   Number         0  stm32f1xx_hal_rcc.o ABSOLUTE
    ../Drivers/STM32F1xx_HAL_Driver/Src/stm32f1xx_hal_rcc_ex.c 0x00000000   Number         0  stm32f1xx_hal_rcc_ex.o ABSOLUTE
    ../Drivers/STM32F1xx_HAL_Driver/Src/stm32f1xx_hal_spi.c 0x00000000   Number         0  stm32f1xx_hal_spi.o ABSOLUTE
    ../Drivers/STM32F1xx_HAL_Driver/Src/stm32f1xx_hal_spi_ex.c 0x00000000   Number         0  stm32f1xx_hal_spi_ex.o ABSOLUTE
    ../Drivers/STM32F1xx_HAL_Driver/Src/stm32f1xx_hal_tim.c 0x00000000   Number         0  stm32f1xx_hal_tim.o ABSOLUTE
    ../Drivers/STM32F1xx_HAL_Driver/Src/stm32f1xx_hal_tim_ex.c 0x00000000   Number         0  stm32f1xx_hal_tim_ex.o ABSOLUTE
    ../Drivers/STM32F1xx_HAL_Driver/Src/stm32f1xx_hal_uart.c 0x00000000   Number         0  stm32f1xx_hal_uart.o ABSOLUTE
    ../Src/main.c                            0x00000000   Number         0  main.o ABSOLUTE
    ../Src/stm32f1xx_hal_msp.c               0x00000000   Number         0  stm32f1xx_hal_msp.o ABSOLUTE
    ../Src/stm32f1xx_it.c                    0x00000000   Number         0  stm32f1xx_it.o ABSOLUTE
    ../clib/../cmprslib/zerorunl2.c          0x00000000   Number         0  __dczerorl2.o ABSOLUTE
    ../clib/microlib/init/entry.s            0x00000000   Number         0  entry.o ABSOLUTE
    ../clib/microlib/init/entry.s            0x00000000   Number         0  entry5.o ABSOLUTE
    ../clib/microlib/init/entry.s            0x00000000   Number         0  entry10b.o ABSOLUTE
    ../clib/microlib/init/entry.s            0x00000000   Number         0  entry2.o ABSOLUTE
    ../clib/microlib/init/entry.s            0x00000000   Number         0  entry11b.o ABSOLUTE
    ../clib/microlib/init/entry.s            0x00000000   Number         0  entry11a.o ABSOLUTE
    ../clib/microlib/init/entry.s            0x00000000   Number         0  entry10a.o ABSOLUTE
    ../clib/microlib/init/entry.s            0x00000000   Number         0  entry9b.o ABSOLUTE
    ../clib/microlib/init/entry.s            0x00000000   Number         0  entry9a.o ABSOLUTE
    ../clib/microlib/init/entry.s            0x00000000   Number         0  entry8b.o ABSOLUTE
    ../clib/microlib/init/entry.s            0x00000000   Number         0  entry8a.o ABSOLUTE
    ../clib/microlib/init/entry.s            0x00000000   Number         0  entry7b.o ABSOLUTE
    ../clib/microlib/init/entry.s            0x00000000   Number         0  entry7a.o ABSOLUTE
    ../clib/microlib/longlong.c              0x00000000   Number         0  llshl.o ABSOLUTE
    ../clib/microlib/longlong.c              0x00000000   Number         0  llushr.o ABSOLUTE
    ../clib/microlib/longlong.c              0x00000000   Number         0  llsshr.o ABSOLUTE
    ../clib/microlib/stubs.s                 0x00000000   Number         0  iusefp.o ABSOLUTE
    ../fplib/microlib/d2f.c                  0x00000000   Number         0  d2f.o ABSOLUTE
    ../fplib/microlib/f2d.c                  0x00000000   Number         0  f2d.o ABSOLUTE
    ../fplib/microlib/fpadd.c                0x00000000   Number         0  dadd.o ABSOLUTE
    ../fplib/microlib/fpadd.c                0x00000000   Number         0  fadd.o ABSOLUTE
    ../fplib/microlib/fpdiv.c                0x00000000   Number         0  fdiv.o ABSOLUTE
    ../fplib/microlib/fpepilogue.c           0x00000000   Number         0  depilogue.o ABSOLUTE
    ../fplib/microlib/fpepilogue.c           0x00000000   Number         0  fepilogue.o ABSOLUTE
    ../fplib/microlib/fpfix.c                0x00000000   Number         0  ffixi.o ABSOLUTE
    ../fplib/microlib/fpflt.c                0x00000000   Number         0  ffltui.o ABSOLUTE
    ../fplib/microlib/fpflt.c                0x00000000   Number         0  dflti.o ABSOLUTE
    ../fplib/microlib/fpflt.c                0x00000000   Number         0  fflti.o ABSOLUTE
    ../fplib/microlib/fpmul.c                0x00000000   Number         0  dmul.o ABSOLUTE
    ../fplib/microlib/fpmul.c                0x00000000   Number         0  fmul.o ABSOLUTE
    ../fplib/microlib/fpscalb.c              0x00000000   Number         0  fscalb.o ABSOLUTE
    ..\Drivers\STM32F1xx_HAL_Driver\Src\stm32f1xx_hal.c 0x00000000   Number         0  stm32f1xx_hal.o ABSOLUTE
    ..\Drivers\STM32F1xx_HAL_Driver\Src\stm32f1xx_hal_cortex.c 0x00000000   Number         0  stm32f1xx_hal_cortex.o ABSOLUTE
    ..\Drivers\STM32F1xx_HAL_Driver\Src\stm32f1xx_hal_dma.c 0x00000000   Number         0  stm32f1xx_hal_dma.o ABSOLUTE
    ..\Drivers\STM32F1xx_HAL_Driver\Src\stm32f1xx_hal_flash.c 0x00000000   Number         0  stm32f1xx_hal_flash.o ABSOLUTE
    ..\Drivers\STM32F1xx_HAL_Driver\Src\stm32f1xx_hal_flash_ex.c 0x00000000   Number         0  stm32f1xx_hal_flash_ex.o ABSOLUTE
    ..\Drivers\STM32F1xx_HAL_Driver\Src\stm32f1xx_hal_gpio.c 0x00000000   Number         0  stm32f1xx_hal_gpio.o ABSOLUTE
    ..\Drivers\STM32F1xx_HAL_Driver\Src\stm32f1xx_hal_gpio_ex.c 0x00000000   Number         0  stm32f1xx_hal_gpio_ex.o ABSOLUTE
    ..\Drivers\STM32F1xx_HAL_Driver\Src\stm32f1xx_hal_pwr.c 0x00000000   Number         0  stm32f1xx_hal_pwr.o ABSOLUTE
    ..\Drivers\STM32F1xx_HAL_Driver\Src\stm32f1xx_hal_rcc.c 0x00000000   Number         0  stm32f1xx_hal_rcc.o ABSOLUTE
    ..\Drivers\STM32F1xx_HAL_Driver\Src\stm32f1xx_hal_rcc_ex.c 0x00000000   Number         0  stm32f1xx_hal_rcc_ex.o ABSOLUTE
    ..\Drivers\STM32F1xx_HAL_Driver\Src\stm32f1xx_hal_spi.c 0x00000000   Number         0  stm32f1xx_hal_spi.o ABSOLUTE
    ..\Drivers\STM32F1xx_HAL_Driver\Src\stm32f1xx_hal_spi_ex.c 0x00000000   Number         0  stm32f1xx_hal_spi_ex.o ABSOLUTE
    ..\Drivers\STM32F1xx_HAL_Driver\Src\stm32f1xx_hal_tim.c 0x00000000   Number         0  stm32f1xx_hal_tim.o ABSOLUTE
    ..\Drivers\STM32F1xx_HAL_Driver\Src\stm32f1xx_hal_tim_ex.c 0x00000000   Number         0  stm32f1xx_hal_tim_ex.o ABSOLUTE
    ..\Drivers\STM32F1xx_HAL_Driver\Src\stm32f1xx_hal_uart.c 0x00000000   Number         0  stm32f1xx_hal_uart.o ABSOLUTE
    ..\SensorDriver\Drv_Spi.c                0x00000000   Number         0  drv_spi.o ABSOLUTE
    ..\SensorDriver\icm20602.c               0x00000000   Number         0  icm20602.o ABSOLUTE
    ..\Src\general\DataCal.c                 0x00000000   Number         0  datacal.o ABSOLUTE
    ..\Src\general\Filter.c                  0x00000000   Number         0  filter.o ABSOLUTE
    ..\Src\general\Imu.c                     0x00000000   Number         0  imu.o ABSOLUTE
    ..\Src\general\Math.c                    0x00000000   Number         0  math.o ABSOLUTE
    ..\Src\general\Scheduler.c               0x00000000   Number         0  scheduler.o ABSOLUTE
    ..\Src\general\Sensor_Basic.c            0x00000000   Number         0  sensor_basic.o ABSOLUTE
    ..\Src\general\data.c                    0x00000000   Number         0  data.o ABSOLUTE
    ..\Src\general\dt.c                      0x00000000   Number         0  dt.o ABSOLUTE
    ..\Src\general\sys.c                     0x00000000   Number         0  sys.o ABSOLUTE
    ..\Src\main.c                            0x00000000   Number         0  main.o ABSOLUTE
    ..\Src\stm32f1xx_hal_msp.c               0x00000000   Number         0  stm32f1xx_hal_msp.o ABSOLUTE
    ..\Src\stm32f1xx_it.c                    0x00000000   Number         0  stm32f1xx_it.o ABSOLUTE
    ..\\SensorDriver\\Drv_Spi.c              0x00000000   Number         0  drv_spi.o ABSOLUTE
    ..\\SensorDriver\\icm20602.c             0x00000000   Number         0  icm20602.o ABSOLUTE
    ..\\Src\\general\\DataCal.c              0x00000000   Number         0  datacal.o ABSOLUTE
    ..\\Src\\general\\Filter.c               0x00000000   Number         0  filter.o ABSOLUTE
    ..\\Src\\general\\Imu.c                  0x00000000   Number         0  imu.o ABSOLUTE
    ..\\Src\\general\\Math.c                 0x00000000   Number         0  math.o ABSOLUTE
    ..\\Src\\general\\Scheduler.c            0x00000000   Number         0  scheduler.o ABSOLUTE
    ..\\Src\\general\\Sensor_Basic.c         0x00000000   Number         0  sensor_basic.o ABSOLUTE
    ..\\Src\\general\\data.c                 0x00000000   Number         0  data.o ABSOLUTE
    ..\\Src\\general\\dt.c                   0x00000000   Number         0  dt.o ABSOLUTE
    ..\\Src\\general\\sys.c                  0x00000000   Number         0  sys.o ABSOLUTE
    ..\\Src\system_stm32f1xx.c               0x00000000   Number         0  system_stm32f1xx.o ABSOLUTE
    cdcmple.s                                0x00000000   Number         0  cdcmple.o ABSOLUTE
    cdrcmple.s                               0x00000000   Number         0  cdrcmple.o ABSOLUTE
    cfcmple.s                                0x00000000   Number         0  cfcmple.o ABSOLUTE
    cfrcmple.s                               0x00000000   Number         0  cfrcmple.o ABSOLUTE
    dc.s                                     0x00000000   Number         0  dc.o ABSOLUTE
    handlers.s                               0x00000000   Number         0  handlers.o ABSOLUTE
    init.s                                   0x00000000   Number         0  init.o ABSOLUTE
    startup_stm32f103xb.s                    0x00000000   Number         0  startup_stm32f103xb.o ABSOLUTE
    RESET                                    0x08000000   Section      236  startup_stm32f103xb.o(RESET)
    .ARM.Collect$$$$00000000                 0x080000ec   Section        0  entry.o(.ARM.Collect$$$$00000000)
    .ARM.Collect$$$$00000001                 0x080000ec   Section        4  entry2.o(.ARM.Collect$$$$00000001)
    .ARM.Collect$$$$00000004                 0x080000f0   Section        4  entry5.o(.ARM.Collect$$$$00000004)
    .ARM.Collect$$$$00000008                 0x080000f4   Section        0  entry7b.o(.ARM.Collect$$$$00000008)
    .ARM.Collect$$$$0000000A                 0x080000f4   Section        0  entry8b.o(.ARM.Collect$$$$0000000A)
    .ARM.Collect$$$$0000000B                 0x080000f4   Section        8  entry9a.o(.ARM.Collect$$$$0000000B)
    .ARM.Collect$$$$0000000D                 0x080000fc   Section        0  entry10a.o(.ARM.Collect$$$$0000000D)
    .ARM.Collect$$$$0000000F                 0x080000fc   Section        0  entry11a.o(.ARM.Collect$$$$0000000F)
    .ARM.Collect$$$$00002712                 0x080000fc   Section        4  entry2.o(.ARM.Collect$$$$00002712)
    __lit__00000000                          0x080000fc   Data           4  entry2.o(.ARM.Collect$$$$00002712)
    .text                                    0x08000100   Section       36  startup_stm32f103xb.o(.text)
    .text                                    0x08000124   Section        0  fadd.o(.text)
    .text                                    0x080001d4   Section        0  fmul.o(.text)
    .text                                    0x08000238   Section        0  fdiv.o(.text)
    .text                                    0x080002b4   Section        0  fscalb.o(.text)
    .text                                    0x080002cc   Section        0  fflti.o(.text)
    .text                                    0x080002de   Section        0  ffltui.o(.text)
    .text                                    0x080002e8   Section        0  ffixi.o(.text)
    .text                                    0x0800031c   Section       20  cfcmple.o(.text)
    .text                                    0x08000330   Section       20  cfrcmple.o(.text)
    .text                                    0x08000344   Section        0  fepilogue.o(.text)
    .text                                    0x08000344   Section        0  iusefp.o(.text)
    .text                                    0x080003b4   Section       36  init.o(.text)
    .text                                    0x080003d8   Section        0  __dczerorl2.o(.text)
    i.BusFault_Handler                       0x0800042e   Section        0  stm32f1xx_it.o(i.BusFault_Handler)
    i.Center_Pos_Set                         0x08000430   Section        0  sensor_basic.o(i.Center_Pos_Set)
    i.DataTrans                              0x08000440   Section        0  dt.o(i.DataTrans)
    i.DebugMon_Handler                       0x080004e0   Section        0  stm32f1xx_it.o(i.DebugMon_Handler)
    i.Drv_Icm20602Init                       0x080004e4   Section        0  icm20602.o(i.Drv_Icm20602Init)
    i.Drv_Icm20602_Read                      0x080005d0   Section        0  icm20602.o(i.Drv_Icm20602_Read)
    i.Drv_Spi0Receive                        0x080005e8   Section        0  drv_spi.o(i.Drv_Spi0Receive)
    i.Drv_Spi0SingleWirteAndRead             0x08000604   Section        0  drv_spi.o(i.Drv_Spi0SingleWirteAndRead)
    i.EXTI4_IRQHandler                       0x08000624   Section        0  stm32f1xx_it.o(i.EXTI4_IRQHandler)
    i.GetSysRunTimeUs                        0x0800062c   Section        0  scheduler.o(i.GetSysRunTimeUs)
    i.HAL_DMA_Abort_IT                       0x08000658   Section        0  stm32f1xx_hal_dma.o(i.HAL_DMA_Abort_IT)
    i.HAL_Delay                              0x080006f0   Section        0  stm32f1xx_hal.o(i.HAL_Delay)
    i.HAL_GPIO_EXTI_Callback                 0x08000714   Section        0  icm20602.o(i.HAL_GPIO_EXTI_Callback)
    i.HAL_GPIO_EXTI_IRQHandler               0x08000720   Section        0  stm32f1xx_hal_gpio.o(i.HAL_GPIO_EXTI_IRQHandler)
    i.HAL_GPIO_Init                          0x08000738   Section        0  stm32f1xx_hal_gpio.o(i.HAL_GPIO_Init)
    i.HAL_GPIO_WritePin                      0x080008f4   Section        0  stm32f1xx_hal_gpio.o(i.HAL_GPIO_WritePin)
    i.HAL_GetTick                            0x08000900   Section        0  stm32f1xx_hal.o(i.HAL_GetTick)
    i.HAL_IncTick                            0x0800090c   Section        0  stm32f1xx_hal.o(i.HAL_IncTick)
    i.HAL_Init                               0x0800091c   Section        0  stm32f1xx_hal.o(i.HAL_Init)
    i.HAL_InitTick                           0x08000940   Section        0  stm32f1xx_hal.o(i.HAL_InitTick)
    i.HAL_MspInit                            0x08000980   Section        0  stm32f1xx_hal_msp.o(i.HAL_MspInit)
    i.HAL_NVIC_EnableIRQ                     0x08000a10   Section        0  stm32f1xx_hal_cortex.o(i.HAL_NVIC_EnableIRQ)
    i.HAL_NVIC_SetPriority                   0x08000a28   Section        0  stm32f1xx_hal_cortex.o(i.HAL_NVIC_SetPriority)
    i.HAL_NVIC_SetPriorityGrouping           0x08000a68   Section        0  stm32f1xx_hal_cortex.o(i.HAL_NVIC_SetPriorityGrouping)
    i.HAL_RCC_ClockConfig                    0x08000a8c   Section        0  stm32f1xx_hal_rcc.o(i.HAL_RCC_ClockConfig)
    i.HAL_RCC_GetHCLKFreq                    0x08000be0   Section        0  stm32f1xx_hal_rcc.o(i.HAL_RCC_GetHCLKFreq)
    i.HAL_RCC_GetPCLK1Freq                   0x08000bec   Section        0  stm32f1xx_hal_rcc.o(i.HAL_RCC_GetPCLK1Freq)
    i.HAL_RCC_GetPCLK2Freq                   0x08000c0c   Section        0  stm32f1xx_hal_rcc.o(i.HAL_RCC_GetPCLK2Freq)
    i.HAL_RCC_GetSysClockFreq                0x08000c2c   Section        0  stm32f1xx_hal_rcc.o(i.HAL_RCC_GetSysClockFreq)
    i.HAL_RCC_OscConfig                      0x08000c98   Section        0  stm32f1xx_hal_rcc.o(i.HAL_RCC_OscConfig)
    i.HAL_SPI_Init                           0x08000f9c   Section        0  stm32f1xx_hal_spi_ex.o(i.HAL_SPI_Init)
    i.HAL_SPI_MspInit                        0x08001020   Section        0  stm32f1xx_hal_msp.o(i.HAL_SPI_MspInit)
    i.HAL_SPI_TransmitReceive                0x0800107c   Section        0  stm32f1xx_hal_spi.o(i.HAL_SPI_TransmitReceive)
    i.HAL_SYSTICK_CLKSourceConfig            0x08001254   Section        0  stm32f1xx_hal_cortex.o(i.HAL_SYSTICK_CLKSourceConfig)
    i.HAL_SYSTICK_Callback                   0x0800126c   Section        0  scheduler.o(i.HAL_SYSTICK_Callback)
    i.HAL_SYSTICK_Config                     0x08001284   Section        0  stm32f1xx_hal_cortex.o(i.HAL_SYSTICK_Config)
    i.HAL_SYSTICK_IRQHandler                 0x080012ac   Section        0  stm32f1xx_hal_cortex.o(i.HAL_SYSTICK_IRQHandler)
    i.HAL_UART_ErrorCallback                 0x080012b4   Section        0  stm32f1xx_hal_uart.o(i.HAL_UART_ErrorCallback)
    i.HAL_UART_IRQHandler                    0x080012b8   Section        0  stm32f1xx_hal_uart.o(i.HAL_UART_IRQHandler)
    i.HAL_UART_Init                          0x080013c8   Section        0  stm32f1xx_hal_uart.o(i.HAL_UART_Init)
    i.HAL_UART_MspInit                       0x0800142c   Section        0  stm32f1xx_hal_msp.o(i.HAL_UART_MspInit)
    i.HAL_UART_RxCpltCallback                0x08001494   Section        0  stm32f1xx_hal_uart.o(i.HAL_UART_RxCpltCallback)
    i.HAL_UART_Transmit                      0x08001496   Section        0  stm32f1xx_hal_uart.o(i.HAL_UART_Transmit)
    i.HAL_UART_TxCpltCallback                0x08001550   Section        0  stm32f1xx_hal_uart.o(i.HAL_UART_TxCpltCallback)
    i.HardFault_Handler                      0x08001552   Section        0  stm32f1xx_it.o(i.HardFault_Handler)
    i.ICM_Get_Data                           0x08001554   Section        0  icm20602.o(i.ICM_Get_Data)
    i.IMU_Update_Task                        0x080015bc   Section        0  datacal.o(i.IMU_Update_Task)
    i.IMU_update                             0x08001604   Section        0  imu.o(i.IMU_update)
    i.INT_1ms_Task                           0x08001bd4   Section        0  scheduler.o(i.INT_1ms_Task)
    i.Loop_Task_1                            0x08001be4   Section        0  scheduler.o(i.Loop_Task_1)
    Loop_Task_1                              0x08001be5   Thumb Code     2  scheduler.o(i.Loop_Task_1)
    i.Loop_Task_2                            0x08001be6   Section        0  scheduler.o(i.Loop_Task_2)
    Loop_Task_2                              0x08001be7   Thumb Code     4  scheduler.o(i.Loop_Task_2)
    i.Loop_Task_5                            0x08001bea   Section        0  scheduler.o(i.Loop_Task_5)
    Loop_Task_5                              0x08001beb   Thumb Code     2  scheduler.o(i.Loop_Task_5)
    i.Loop_Task_8                            0x08001bec   Section        0  scheduler.o(i.Loop_Task_8)
    Loop_Task_8                              0x08001bed   Thumb Code    36  scheduler.o(i.Loop_Task_8)
    i.Loop_Task_9                            0x08001c18   Section        0  scheduler.o(i.Loop_Task_9)
    Loop_Task_9                              0x08001c19   Thumb Code     2  scheduler.o(i.Loop_Task_9)
    i.MPU6050_Data_Offset                    0x08001c1c   Section        0  sensor_basic.o(i.MPU6050_Data_Offset)
    i.MX_GPIO_Init                           0x08001d40   Section        0  main.o(i.MX_GPIO_Init)
    MX_GPIO_Init                             0x08001d41   Thumb Code   184  main.o(i.MX_GPIO_Init)
    i.MX_SPI2_Init                           0x08001e0c   Section        0  main.o(i.MX_SPI2_Init)
    MX_SPI2_Init                             0x08001e0d   Thumb Code    56  main.o(i.MX_SPI2_Init)
    i.Main_Task                              0x08001e4c   Section        0  scheduler.o(i.Main_Task)
    i.MemManage_Handler                      0x08001ebc   Section        0  stm32f1xx_it.o(i.MemManage_Handler)
    i.NMI_Handler                            0x08001ebe   Section        0  stm32f1xx_it.o(i.NMI_Handler)
    i.NVIC_SetPriority                       0x08001ec0   Section        0  stm32f1xx_hal_cortex.o(i.NVIC_SetPriority)
    NVIC_SetPriority                         0x08001ec1   Thumb Code    32  stm32f1xx_hal_cortex.o(i.NVIC_SetPriority)
    i.PendSV_Handler                         0x08001ee0   Section        0  stm32f1xx_it.o(i.PendSV_Handler)
    i.SPI_CheckFlag_BSY                      0x08001ee2   Section        0  stm32f1xx_hal_spi.o(i.SPI_CheckFlag_BSY)
    SPI_CheckFlag_BSY                        0x08001ee3   Thumb Code    32  stm32f1xx_hal_spi.o(i.SPI_CheckFlag_BSY)
    i.SPI_WaitFlagStateUntilTimeout          0x08001f02   Section        0  stm32f1xx_hal_spi.o(i.SPI_WaitFlagStateUntilTimeout)
    SPI_WaitFlagStateUntilTimeout            0x08001f03   Thumb Code   150  stm32f1xx_hal_spi.o(i.SPI_WaitFlagStateUntilTimeout)
    i.SVC_Handler                            0x08001f98   Section        0  stm32f1xx_it.o(i.SVC_Handler)
    i.Sensor_Basic_Init                      0x08001f9c   Section        0  sensor_basic.o(i.Sensor_Basic_Init)
    i.Sensor_Data_Prepare                    0x08001fb4   Section        0  sensor_basic.o(i.Sensor_Data_Prepare)
    i.Sensor_Get                             0x08002248   Section        0  datacal.o(i.Sensor_Get)
    i.SysTick_Handler                        0x0800224c   Section        0  stm32f1xx_it.o(i.SysTick_Handler)
    i.SystemClock_Config                     0x0800225a   Section        0  main.o(i.SystemClock_Config)
    i.SystemInit                             0x080022c4   Section        0  system_stm32f1xx.o(i.SystemInit)
    i.UART_DMAAbortOnError                   0x0800230c   Section        0  stm32f1xx_hal_uart.o(i.UART_DMAAbortOnError)
    UART_DMAAbortOnError                     0x0800230d   Thumb Code    16  stm32f1xx_hal_uart.o(i.UART_DMAAbortOnError)
    i.UART_EndRxTransfer                     0x0800231c   Section        0  stm32f1xx_hal_uart.o(i.UART_EndRxTransfer)
    UART_EndRxTransfer                       0x0800231d   Thumb Code    28  stm32f1xx_hal_uart.o(i.UART_EndRxTransfer)
    i.UART_Receive_IT                        0x08002338   Section        0  stm32f1xx_hal_uart.o(i.UART_Receive_IT)
    UART_Receive_IT                          0x08002339   Thumb Code   150  stm32f1xx_hal_uart.o(i.UART_Receive_IT)
    i.UART_SetConfig                         0x080023d0   Section        0  stm32f1xx_hal_uart.o(i.UART_SetConfig)
    UART_SetConfig                           0x080023d1   Thumb Code   364  stm32f1xx_hal_uart.o(i.UART_SetConfig)
    i.UART_Transmit_IT                       0x08002540   Section        0  stm32f1xx_hal_uart.o(i.UART_Transmit_IT)
    UART_Transmit_IT                         0x08002541   Thumb Code    98  stm32f1xx_hal_uart.o(i.UART_Transmit_IT)
    i.UART_WaitOnFlagUntilTimeout            0x080025a2   Section        0  stm32f1xx_hal_uart.o(i.UART_WaitOnFlagUntilTimeout)
    UART_WaitOnFlagUntilTimeout              0x080025a3   Thumb Code   100  stm32f1xx_hal_uart.o(i.UART_WaitOnFlagUntilTimeout)
    i.USART1_IRQHandler                      0x08002608   Section        0  stm32f1xx_it.o(i.USART1_IRQHandler)
    i.UsageFault_Handler                     0x08002614   Section        0  stm32f1xx_it.o(i.UsageFault_Handler)
    i.__scatterload_copy                     0x08002616   Section       14  handlers.o(i.__scatterload_copy)
    i.__scatterload_null                     0x08002624   Section        2  handlers.o(i.__scatterload_null)
    i.__scatterload_zeroinit                 0x08002626   Section       14  handlers.o(i.__scatterload_zeroinit)
    i.calculate_RPY                          0x08002634   Section        0  imu.o(i.calculate_RPY)
    i.fast_atan2                             0x080026c4   Section        0  math.o(i.fast_atan2)
    i.icm20602_enable                        0x080027b8   Section        0  icm20602.o(i.icm20602_enable)
    i.icm20602_readbuf                       0x080027cc   Section        0  icm20602.o(i.icm20602_readbuf)
    i.icm20602_setIntEnabled                 0x08002808   Section        0  icm20602.o(i.icm20602_setIntEnabled)
    i.icm20602_writeBit                      0x08002840   Section        0  icm20602.o(i.icm20602_writeBit)
    i.icm20602_writebyte                     0x08002874   Section        0  icm20602.o(i.icm20602_writebyte)
    i.main                                   0x0800289c   Section        0  main.o(i.main)
    i.motionless_check                       0x080028ec   Section        0  sensor_basic.o(i.motionless_check)
    i.mpu_auto_az                            0x08002990   Section        0  sensor_basic.o(i.mpu_auto_az)
    i.my_abs                                 0x08002a20   Section        0  math.o(i.my_abs)
    i.my_sqrt                                0x08002a2c   Section        0  math.o(i.my_sqrt)
    i.my_sqrt_reciprocal                     0x08002a40   Section        0  math.o(i.my_sqrt_reciprocal)
    i.w2h_2d_trans                           0x08002a98   Section        0  imu.o(i.w2h_2d_trans)
    .constdata                               0x08002adc   Section     1028  math.o(.constdata)
    .constdata                               0x08002ee0   Section       16  system_stm32f1xx.o(.constdata)
    .constdata                               0x08002ef0   Section        8  system_stm32f1xx.o(.constdata)
    .data                                    0x20000000   Section        3  data.o(.data)
    .data                                    0x20000004   Section      288  imu.o(.data)
    reset_cnt                                0x20000004   Data           2  imu.o(.data)
    kp_use                                   0x20000008   Data           4  imu.o(.data)
    ki_use                                   0x2000000c   Data           4  imu.o(.data)
    q0q1                                     0x20000010   Data           4  imu.o(.data)
    q0q2                                     0x20000014   Data           4  imu.o(.data)
    q1q1                                     0x20000018   Data           4  imu.o(.data)
    q1q3                                     0x2000001c   Data           4  imu.o(.data)
    q2q2                                     0x20000020   Data           4  imu.o(.data)
    q2q3                                     0x20000024   Data           4  imu.o(.data)
    q3q3                                     0x20000028   Data           4  imu.o(.data)
    q1q2                                     0x2000002c   Data           4  imu.o(.data)
    q0q3                                     0x20000030   Data           4  imu.o(.data)
    imu_reset_val                            0x20000034   Data           4  imu.o(.data)
    t_temp                                   0x20000038   Data           4  imu.o(.data)
    .data                                    0x20000124   Section       24  imu.o(.data)
    .data                                    0x20000140   Section       76  scheduler.o(.data)
    lt0_run_flag                             0x20000140   Data           1  scheduler.o(.data)
    cnt                                      0x20000144   Data           4  scheduler.o(.data)
    SysRunTimeMs                             0x20000148   Data           8  scheduler.o(.data)
    sched_tasks                              0x20000150   Data          60  scheduler.o(.data)
    .data                                    0x2000018c   Section       36  sensor_basic.o(.data)
    off_cnt                                  0x2000018c   Data           1  sensor_basic.o(.data)
    .data                                    0x200001b0   Section        1  icm20602.o(.data)
    .data                                    0x200001b4   Section       12  stm32f1xx_hal.o(.data)
    .data                                    0x200001c0   Section        4  system_stm32f1xx.o(.data)
    .bss                                     0x200001c4   Section       64  data.o(.bss)
    .bss                                     0x20000204   Section       60  imu.o(.bss)
    vec_err                                  0x20000228   Data          12  imu.o(.bss)
    vec_err_i                                0x20000234   Data          12  imu.o(.bss)
    .bss                                     0x20000240   Section      348  sensor_basic.o(.bss)
    gyr_f                                    0x2000033c   Data          48  sensor_basic.o(.bss)
    acc_f                                    0x2000036c   Data          48  sensor_basic.o(.bss)
    .bss                                     0x2000039c   Section      100  dt.o(.bss)
    .bss                                     0x20000400   Section       14  icm20602.o(.bss)
    .bss                                     0x20000410   Section      152  main.o(.bss)
    STACK                                    0x200004a8   Section     1024  startup_stm32f103xb.o(STACK)

    Global Symbols

    Symbol Name                              Value     Ov Type        Size  Object(Section)

    BuildAttributes$$THM_ISAv4$P$D$K$B$S$PE$A:L22UL41UL21$X:L11$S22US41US21$IEEE1$IW$USESV6$~STKCKD$USESV7$~SHL$OTIME$ROPI$EBA8$MICROLIB$REQ8$PRES8$EABIv2 0x00000000   Number         0  anon$$obj.o ABSOLUTE
    __ARM_use_no_argv                        0x00000000   Number         0  main.o ABSOLUTE
    __cpp_initialize__aeabi_                  - Undefined Weak Reference
    __cxa_finalize                            - Undefined Weak Reference
    _clock_init                               - Undefined Weak Reference
    _microlib_exit                            - Undefined Weak Reference
    __Vectors_Size                           0x000000ec   Number         0  startup_stm32f103xb.o ABSOLUTE
    __Vectors                                0x08000000   Data           4  startup_stm32f103xb.o(RESET)
    __Vectors_End                            0x080000ec   Data           0  startup_stm32f103xb.o(RESET)
    __main                                   0x080000ed   Thumb Code     0  entry.o(.ARM.Collect$$$$00000000)
    _main_stk                                0x080000ed   Thumb Code     0  entry2.o(.ARM.Collect$$$$00000001)
    _main_scatterload                        0x080000f1   Thumb Code     0  entry5.o(.ARM.Collect$$$$00000004)
    __main_after_scatterload                 0x080000f5   Thumb Code     0  entry5.o(.ARM.Collect$$$$00000004)
    _main_clock                              0x080000f5   Thumb Code     0  entry7b.o(.ARM.Collect$$$$00000008)
    _main_cpp_init                           0x080000f5   Thumb Code     0  entry8b.o(.ARM.Collect$$$$0000000A)
    _main_init                               0x080000f5   Thumb Code     0  entry9a.o(.ARM.Collect$$$$0000000B)
    __rt_final_cpp                           0x080000fd   Thumb Code     0  entry10a.o(.ARM.Collect$$$$0000000D)
    __rt_final_exit                          0x080000fd   Thumb Code     0  entry11a.o(.ARM.Collect$$$$0000000F)
    Reset_Handler                            0x08000101   Thumb Code     8  startup_stm32f103xb.o(.text)
    ADC1_2_IRQHandler                        0x0800011b   Thumb Code     0  startup_stm32f103xb.o(.text)
    CAN1_RX1_IRQHandler                      0x0800011b   Thumb Code     0  startup_stm32f103xb.o(.text)
    CAN1_SCE_IRQHandler                      0x0800011b   Thumb Code     0  startup_stm32f103xb.o(.text)
    DMA1_Channel1_IRQHandler                 0x0800011b   Thumb Code     0  startup_stm32f103xb.o(.text)
    DMA1_Channel2_IRQHandler                 0x0800011b   Thumb Code     0  startup_stm32f103xb.o(.text)
    DMA1_Channel3_IRQHandler                 0x0800011b   Thumb Code     0  startup_stm32f103xb.o(.text)
    DMA1_Channel4_IRQHandler                 0x0800011b   Thumb Code     0  startup_stm32f103xb.o(.text)
    DMA1_Channel5_IRQHandler                 0x0800011b   Thumb Code     0  startup_stm32f103xb.o(.text)
    DMA1_Channel6_IRQHandler                 0x0800011b   Thumb Code     0  startup_stm32f103xb.o(.text)
    DMA1_Channel7_IRQHandler                 0x0800011b   Thumb Code     0  startup_stm32f103xb.o(.text)
    EXTI0_IRQHandler                         0x0800011b   Thumb Code     0  startup_stm32f103xb.o(.text)
    EXTI15_10_IRQHandler                     0x0800011b   Thumb Code     0  startup_stm32f103xb.o(.text)
    EXTI1_IRQHandler                         0x0800011b   Thumb Code     0  startup_stm32f103xb.o(.text)
    EXTI2_IRQHandler                         0x0800011b   Thumb Code     0  startup_stm32f103xb.o(.text)
    EXTI3_IRQHandler                         0x0800011b   Thumb Code     0  startup_stm32f103xb.o(.text)
    EXTI9_5_IRQHandler                       0x0800011b   Thumb Code     0  startup_stm32f103xb.o(.text)
    FLASH_IRQHandler                         0x0800011b   Thumb Code     0  startup_stm32f103xb.o(.text)
    I2C1_ER_IRQHandler                       0x0800011b   Thumb Code     0  startup_stm32f103xb.o(.text)
    I2C1_EV_IRQHandler                       0x0800011b   Thumb Code     0  startup_stm32f103xb.o(.text)
    I2C2_ER_IRQHandler                       0x0800011b   Thumb Code     0  startup_stm32f103xb.o(.text)
    I2C2_EV_IRQHandler                       0x0800011b   Thumb Code     0  startup_stm32f103xb.o(.text)
    PVD_IRQHandler                           0x0800011b   Thumb Code     0  startup_stm32f103xb.o(.text)
    RCC_IRQHandler                           0x0800011b   Thumb Code     0  startup_stm32f103xb.o(.text)
    RTC_Alarm_IRQHandler                     0x0800011b   Thumb Code     0  startup_stm32f103xb.o(.text)
    RTC_IRQHandler                           0x0800011b   Thumb Code     0  startup_stm32f103xb.o(.text)
    SPI1_IRQHandler                          0x0800011b   Thumb Code     0  startup_stm32f103xb.o(.text)
    SPI2_IRQHandler                          0x0800011b   Thumb Code     0  startup_stm32f103xb.o(.text)
    TAMPER_IRQHandler                        0x0800011b   Thumb Code     0  startup_stm32f103xb.o(.text)
    TIM1_BRK_IRQHandler                      0x0800011b   Thumb Code     0  startup_stm32f103xb.o(.text)
    TIM1_CC_IRQHandler                       0x0800011b   Thumb Code     0  startup_stm32f103xb.o(.text)
    TIM1_TRG_COM_IRQHandler                  0x0800011b   Thumb Code     0  startup_stm32f103xb.o(.text)
    TIM1_UP_IRQHandler                       0x0800011b   Thumb Code     0  startup_stm32f103xb.o(.text)
    TIM2_IRQHandler                          0x0800011b   Thumb Code     0  startup_stm32f103xb.o(.text)
    TIM3_IRQHandler                          0x0800011b   Thumb Code     0  startup_stm32f103xb.o(.text)
    TIM4_IRQHandler                          0x0800011b   Thumb Code     0  startup_stm32f103xb.o(.text)
    USART2_IRQHandler                        0x0800011b   Thumb Code     0  startup_stm32f103xb.o(.text)
    USART3_IRQHandler                        0x0800011b   Thumb Code     0  startup_stm32f103xb.o(.text)
    USBWakeUp_IRQHandler                     0x0800011b   Thumb Code     0  startup_stm32f103xb.o(.text)
    USB_HP_CAN1_TX_IRQHandler                0x0800011b   Thumb Code     0  startup_stm32f103xb.o(.text)
    USB_LP_CAN1_RX0_IRQHandler               0x0800011b   Thumb Code     0  startup_stm32f103xb.o(.text)
    WWDG_IRQHandler                          0x0800011b   Thumb Code     0  startup_stm32f103xb.o(.text)
    __aeabi_fadd                             0x08000125   Thumb Code   164  fadd.o(.text)
    __aeabi_fsub                             0x080001c9   Thumb Code     6  fadd.o(.text)
    __aeabi_frsub                            0x080001cf   Thumb Code     6  fadd.o(.text)
    __aeabi_fmul                             0x080001d5   Thumb Code   100  fmul.o(.text)
    __aeabi_fdiv                             0x08000239   Thumb Code   124  fdiv.o(.text)
    __ARM_scalbnf                            0x080002b5   Thumb Code    24  fscalb.o(.text)
    scalbnf                                  0x080002b5   Thumb Code     0  fscalb.o(.text)
    __aeabi_i2f                              0x080002cd   Thumb Code    18  fflti.o(.text)
    __aeabi_ui2f                             0x080002df   Thumb Code    10  ffltui.o(.text)
    __aeabi_f2iz                             0x080002e9   Thumb Code    50  ffixi.o(.text)
    __aeabi_cfcmpeq                          0x0800031d   Thumb Code     0  cfcmple.o(.text)
    __aeabi_cfcmple                          0x0800031d   Thumb Code    20  cfcmple.o(.text)
    __aeabi_cfrcmple                         0x08000331   Thumb Code    20  cfrcmple.o(.text)
    __I$use$fp                               0x08000345   Thumb Code     0  iusefp.o(.text)
    _float_round                             0x08000345   Thumb Code    18  fepilogue.o(.text)
    _float_epilogue                          0x08000357   Thumb Code    92  fepilogue.o(.text)
    __scatterload                            0x080003b5   Thumb Code    28  init.o(.text)
    __scatterload_rt2                        0x080003b5   Thumb Code     0  init.o(.text)
    __decompress                             0x080003d9   Thumb Code     0  __dczerorl2.o(.text)
    __decompress1                            0x080003d9   Thumb Code    86  __dczerorl2.o(.text)
    BusFault_Handler                         0x0800042f   Thumb Code     2  stm32f1xx_it.o(i.BusFault_Handler)
    Center_Pos_Set                           0x08000431   Thumb Code    12  sensor_basic.o(i.Center_Pos_Set)
    DataTrans                                0x08000441   Thumb Code   144  dt.o(i.DataTrans)
    DebugMon_Handler                         0x080004e1   Thumb Code     2  stm32f1xx_it.o(i.DebugMon_Handler)
    Drv_Icm20602Init                         0x080004e5   Thumb Code   232  icm20602.o(i.Drv_Icm20602Init)
    Drv_Icm20602_Read                        0x080005d1   Thumb Code    20  icm20602.o(i.Drv_Icm20602_Read)
    Drv_Spi0Receive                          0x080005e9   Thumb Code    28  drv_spi.o(i.Drv_Spi0Receive)
    Drv_Spi0SingleWirteAndRead               0x08000605   Thumb Code    26  drv_spi.o(i.Drv_Spi0SingleWirteAndRead)
    EXTI4_IRQHandler                         0x08000625   Thumb Code     6  stm32f1xx_it.o(i.EXTI4_IRQHandler)
    GetSysRunTimeUs                          0x0800062d   Thumb Code    38  scheduler.o(i.GetSysRunTimeUs)
    HAL_DMA_Abort_IT                         0x08000659   Thumb Code   148  stm32f1xx_hal_dma.o(i.HAL_DMA_Abort_IT)
    HAL_Delay                                0x080006f1   Thumb Code    32  stm32f1xx_hal.o(i.HAL_Delay)
    HAL_GPIO_EXTI_Callback                   0x08000715   Thumb Code    10  icm20602.o(i.HAL_GPIO_EXTI_Callback)
    HAL_GPIO_EXTI_IRQHandler                 0x08000721   Thumb Code    18  stm32f1xx_hal_gpio.o(i.HAL_GPIO_EXTI_IRQHandler)
    HAL_GPIO_Init                            0x08000739   Thumb Code   408  stm32f1xx_hal_gpio.o(i.HAL_GPIO_Init)
    HAL_GPIO_WritePin                        0x080008f5   Thumb Code    10  stm32f1xx_hal_gpio.o(i.HAL_GPIO_WritePin)
    HAL_GetTick                              0x08000901   Thumb Code     6  stm32f1xx_hal.o(i.HAL_GetTick)
    HAL_IncTick                              0x0800090d   Thumb Code    12  stm32f1xx_hal.o(i.HAL_IncTick)
    HAL_Init                                 0x0800091d   Thumb Code    32  stm32f1xx_hal.o(i.HAL_Init)
    HAL_InitTick                             0x08000941   Thumb Code    54  stm32f1xx_hal.o(i.HAL_InitTick)
    HAL_MspInit                              0x08000981   Thumb Code   134  stm32f1xx_hal_msp.o(i.HAL_MspInit)
    HAL_NVIC_EnableIRQ                       0x08000a11   Thumb Code    22  stm32f1xx_hal_cortex.o(i.HAL_NVIC_EnableIRQ)
    HAL_NVIC_SetPriority                     0x08000a29   Thumb Code    60  stm32f1xx_hal_cortex.o(i.HAL_NVIC_SetPriority)
    HAL_NVIC_SetPriorityGrouping             0x08000a69   Thumb Code    26  stm32f1xx_hal_cortex.o(i.HAL_NVIC_SetPriorityGrouping)
    HAL_RCC_ClockConfig                      0x08000a8d   Thumb Code   322  stm32f1xx_hal_rcc.o(i.HAL_RCC_ClockConfig)
    HAL_RCC_GetHCLKFreq                      0x08000be1   Thumb Code     6  stm32f1xx_hal_rcc.o(i.HAL_RCC_GetHCLKFreq)
    HAL_RCC_GetPCLK1Freq                     0x08000bed   Thumb Code    20  stm32f1xx_hal_rcc.o(i.HAL_RCC_GetPCLK1Freq)
    HAL_RCC_GetPCLK2Freq                     0x08000c0d   Thumb Code    20  stm32f1xx_hal_rcc.o(i.HAL_RCC_GetPCLK2Freq)
    HAL_RCC_GetSysClockFreq                  0x08000c2d   Thumb Code    74  stm32f1xx_hal_rcc.o(i.HAL_RCC_GetSysClockFreq)
    HAL_RCC_OscConfig                        0x08000c99   Thumb Code   750  stm32f1xx_hal_rcc.o(i.HAL_RCC_OscConfig)
    HAL_SPI_Init                             0x08000f9d   Thumb Code   130  stm32f1xx_hal_spi_ex.o(i.HAL_SPI_Init)
    HAL_SPI_MspInit                          0x08001021   Thumb Code    78  stm32f1xx_hal_msp.o(i.HAL_SPI_MspInit)
    HAL_SPI_TransmitReceive                  0x0800107d   Thumb Code   472  stm32f1xx_hal_spi.o(i.HAL_SPI_TransmitReceive)
    HAL_SYSTICK_CLKSourceConfig              0x08001255   Thumb Code    24  stm32f1xx_hal_cortex.o(i.HAL_SYSTICK_CLKSourceConfig)
    HAL_SYSTICK_Callback                     0x0800126d   Thumb Code    18  scheduler.o(i.HAL_SYSTICK_Callback)
    HAL_SYSTICK_Config                       0x08001285   Thumb Code    40  stm32f1xx_hal_cortex.o(i.HAL_SYSTICK_Config)
    HAL_SYSTICK_IRQHandler                   0x080012ad   Thumb Code     8  stm32f1xx_hal_cortex.o(i.HAL_SYSTICK_IRQHandler)
    HAL_UART_ErrorCallback                   0x080012b5   Thumb Code     2  stm32f1xx_hal_uart.o(i.HAL_UART_ErrorCallback)
    HAL_UART_IRQHandler                      0x080012b9   Thumb Code   266  stm32f1xx_hal_uart.o(i.HAL_UART_IRQHandler)
    HAL_UART_Init                            0x080013c9   Thumb Code    98  stm32f1xx_hal_uart.o(i.HAL_UART_Init)
    HAL_UART_MspInit                         0x0800142d   Thumb Code    92  stm32f1xx_hal_msp.o(i.HAL_UART_MspInit)
    HAL_UART_RxCpltCallback                  0x08001495   Thumb Code     2  stm32f1xx_hal_uart.o(i.HAL_UART_RxCpltCallback)
    HAL_UART_Transmit                        0x08001497   Thumb Code   186  stm32f1xx_hal_uart.o(i.HAL_UART_Transmit)
    HAL_UART_TxCpltCallback                  0x08001551   Thumb Code     2  stm32f1xx_hal_uart.o(i.HAL_UART_TxCpltCallback)
    HardFault_Handler                        0x08001553   Thumb Code     2  stm32f1xx_it.o(i.HardFault_Handler)
    ICM_Get_Data                             0x08001555   Thumb Code    88  icm20602.o(i.ICM_Get_Data)
    IMU_Update_Task                          0x080015bd   Thumb Code    44  datacal.o(i.IMU_Update_Task)
    IMU_update                               0x08001605   Thumb Code  1480  imu.o(i.IMU_update)
    INT_1ms_Task                             0x08001bd5   Thumb Code    10  scheduler.o(i.INT_1ms_Task)
    MPU6050_Data_Offset                      0x08001c1d   Thumb Code   276  sensor_basic.o(i.MPU6050_Data_Offset)
    Main_Task                                0x08001e4d   Thumb Code   100  scheduler.o(i.Main_Task)
    MemManage_Handler                        0x08001ebd   Thumb Code     2  stm32f1xx_it.o(i.MemManage_Handler)
    NMI_Handler                              0x08001ebf   Thumb Code     2  stm32f1xx_it.o(i.NMI_Handler)
    PendSV_Handler                           0x08001ee1   Thumb Code     2  stm32f1xx_it.o(i.PendSV_Handler)
    SVC_Handler                              0x08001f99   Thumb Code     2  stm32f1xx_it.o(i.SVC_Handler)
    Sensor_Basic_Init                        0x08001f9d   Thumb Code    18  sensor_basic.o(i.Sensor_Basic_Init)
    Sensor_Data_Prepare                      0x08001fb5   Thumb Code   634  sensor_basic.o(i.Sensor_Data_Prepare)
    Sensor_Get                               0x08002249   Thumb Code     4  datacal.o(i.Sensor_Get)
    SysTick_Handler                          0x0800224d   Thumb Code    14  stm32f1xx_it.o(i.SysTick_Handler)
    SystemClock_Config                       0x0800225b   Thumb Code   104  main.o(i.SystemClock_Config)
    SystemInit                               0x080022c5   Thumb Code    56  system_stm32f1xx.o(i.SystemInit)
    USART1_IRQHandler                        0x08002609   Thumb Code     6  stm32f1xx_it.o(i.USART1_IRQHandler)
    UsageFault_Handler                       0x08002615   Thumb Code     2  stm32f1xx_it.o(i.UsageFault_Handler)
    __scatterload_copy                       0x08002617   Thumb Code    14  handlers.o(i.__scatterload_copy)
    __scatterload_null                       0x08002625   Thumb Code     2  handlers.o(i.__scatterload_null)
    __scatterload_zeroinit                   0x08002627   Thumb Code    14  handlers.o(i.__scatterload_zeroinit)
    calculate_RPY                            0x08002635   Thumb Code   124  imu.o(i.calculate_RPY)
    fast_atan2                               0x080026c5   Thumb Code   218  math.o(i.fast_atan2)
    icm20602_enable                          0x080027b9   Thumb Code    16  icm20602.o(i.icm20602_enable)
    icm20602_readbuf                         0x080027cd   Thumb Code    54  icm20602.o(i.icm20602_readbuf)
    icm20602_setIntEnabled                   0x08002809   Thumb Code    56  icm20602.o(i.icm20602_setIntEnabled)
    icm20602_writeBit                        0x08002841   Thumb Code    52  icm20602.o(i.icm20602_writeBit)
    icm20602_writebyte                       0x08002875   Thumb Code    38  icm20602.o(i.icm20602_writebyte)
    main                                     0x0800289d   Thumb Code    70  main.o(i.main)
    motionless_check                         0x080028ed   Thumb Code   142  sensor_basic.o(i.motionless_check)
    mpu_auto_az                              0x08002991   Thumb Code   134  sensor_basic.o(i.mpu_auto_az)
    my_abs                                   0x08002a21   Thumb Code    12  math.o(i.my_abs)
    my_sqrt                                  0x08002a2d   Thumb Code    18  math.o(i.my_sqrt)
    my_sqrt_reciprocal                       0x08002a41   Thumb Code    82  math.o(i.my_sqrt_reciprocal)
    w2h_2d_trans                             0x08002a99   Thumb Code    66  imu.o(i.w2h_2d_trans)
    fast_atan_table                          0x08002adc   Data        1028  math.o(.constdata)
    AHBPrescTable                            0x08002ee0   Data          16  system_stm32f1xx.o(.constdata)
    APBPrescTable                            0x08002ef0   Data           8  system_stm32f1xx.o(.constdata)
    Region$$Table$$Base                      0x08002ef8   Number         0  anon$$obj.o(Region$$Table)
    Region$$Table$$Limit                     0x08002f18   Number         0  anon$$obj.o(Region$$Table)
    flag                                     0x20000000   Data           3  data.o(.data)
    imu_data                                 0x2000003c   Data         232  imu.o(.data)
    imu_state                                0x20000124   Data          24  imu.o(.data)
    acc_sum_cnt                              0x2000018e   Data           2  sensor_basic.o(.data)
    gyro_sum_cnt                             0x20000190   Data           2  sensor_basic.o(.data)
    acc_z_auto_cnt                           0x20000192   Data           2  sensor_basic.o(.data)
    g_old                                    0x20000194   Data           6  sensor_basic.o(.data)
    acc_z_auto                               0x2000019a   Data           8  sensor_basic.o(.data)
    g_d_sum                                  0x200001a4   Data          12  sensor_basic.o(.data)
    ICM_ID                                   0x200001b0   Data           1  icm20602.o(.data)
    uwTickFreq                               0x200001b4   Data           1  stm32f1xx_hal.o(.data)
    uwTickPrio                               0x200001b8   Data           4  stm32f1xx_hal.o(.data)
    uwTick                                   0x200001bc   Data           4  stm32f1xx_hal.o(.data)
    SystemCoreClock                          0x200001c0   Data           4  system_stm32f1xx.o(.data)
    save                                     0x200001c4   Data          64  data.o(.bss)
    att_matrix                               0x20000204   Data          36  imu.o(.bss)
    sum_temp                                 0x20000240   Data          28  sensor_basic.o(.bss)
    center_pos                               0x2000025c   Data          60  sensor_basic.o(.bss)
    sensor                                   0x20000298   Data          80  sensor_basic.o(.bss)
    sensor_val                               0x200002e8   Data          24  sensor_basic.o(.bss)
    sensor_val_rot                           0x20000300   Data          24  sensor_basic.o(.bss)
    sensor_val_ref                           0x20000318   Data          24  sensor_basic.o(.bss)
    acc_auto_sum_temp                        0x20000330   Data          12  sensor_basic.o(.bss)
    data_to_send                             0x2000039c   Data         100  dt.o(.bss)
    mpu_buffer                               0x20000400   Data          14  icm20602.o(.bss)
    hspi2                                    0x20000410   Data          88  main.o(.bss)
    huart1                                   0x20000468   Data          64  main.o(.bss)
    __initial_sp                             0x200008a8   Data           0  startup_stm32f103xb.o(STACK)



==============================================================================

Memory Map of the image

  Image Entry point : 0x080000ed

  Load Region LR_IROM1 (Base: 0x08000000, Size: 0x000030dc, Max: 0x00010000, ABSOLUTE, COMPRESSED[0x00002f58])

    Execution Region ER_IROM1 (Exec base: 0x08000000, Load base: 0x08000000, Size: 0x00002f18, Max: 0x00010000, ABSOLUTE)

    Exec Addr    Load Addr    Size         Type   Attr      Idx    E Section Name        Object

    0x08000000   0x08000000   0x000000ec   Data   RO            3    RESET               startup_stm32f103xb.o
    0x080000ec   0x080000ec   0x00000000   Code   RO         2670  * .ARM.Collect$$$$00000000  mc_w.l(entry.o)
    0x080000ec   0x080000ec   0x00000004   Code   RO         2707    .ARM.Collect$$$$00000001  mc_w.l(entry2.o)
    0x080000f0   0x080000f0   0x00000004   Code   RO         2710    .ARM.Collect$$$$00000004  mc_w.l(entry5.o)
    0x080000f4   0x080000f4   0x00000000   Code   RO         2712    .ARM.Collect$$$$00000008  mc_w.l(entry7b.o)
    0x080000f4   0x080000f4   0x00000000   Code   RO         2714    .ARM.Collect$$$$0000000A  mc_w.l(entry8b.o)
    0x080000f4   0x080000f4   0x00000008   Code   RO         2715    .ARM.Collect$$$$0000000B  mc_w.l(entry9a.o)
    0x080000fc   0x080000fc   0x00000000   Code   RO         2717    .ARM.Collect$$$$0000000D  mc_w.l(entry10a.o)
    0x080000fc   0x080000fc   0x00000000   Code   RO         2719    .ARM.Collect$$$$0000000F  mc_w.l(entry11a.o)
    0x080000fc   0x080000fc   0x00000004   Code   RO         2708    .ARM.Collect$$$$00002712  mc_w.l(entry2.o)
    0x08000100   0x08000100   0x00000024   Code   RO            4    .text               startup_stm32f103xb.o
    0x08000124   0x08000124   0x000000b0   Code   RO         2675    .text               mf_w.l(fadd.o)
    0x080001d4   0x080001d4   0x00000064   Code   RO         2677    .text               mf_w.l(fmul.o)
    0x08000238   0x08000238   0x0000007c   Code   RO         2679    .text               mf_w.l(fdiv.o)
    0x080002b4   0x080002b4   0x00000018   Code   RO         2681    .text               mf_w.l(fscalb.o)
    0x080002cc   0x080002cc   0x00000012   Code   RO         2687    .text               mf_w.l(fflti.o)
    0x080002de   0x080002de   0x0000000a   Code   RO         2689    .text               mf_w.l(ffltui.o)
    0x080002e8   0x080002e8   0x00000032   Code   RO         2693    .text               mf_w.l(ffixi.o)
    0x0800031a   0x0800031a   0x00000002   PAD
    0x0800031c   0x0800031c   0x00000014   Code   RO         2703    .text               mf_w.l(cfcmple.o)
    0x08000330   0x08000330   0x00000014   Code   RO         2705    .text               mf_w.l(cfrcmple.o)
    0x08000344   0x08000344   0x00000000   Code   RO         2725    .text               mc_w.l(iusefp.o)
    0x08000344   0x08000344   0x0000006e   Code   RO         2726    .text               mf_w.l(fepilogue.o)
    0x080003b2   0x080003b2   0x00000002   PAD
    0x080003b4   0x080003b4   0x00000024   Code   RO         2730    .text               mc_w.l(init.o)
    0x080003d8   0x080003d8   0x00000056   Code   RO         2740    .text               mc_w.l(__dczerorl2.o)
    0x0800042e   0x0800042e   0x00000002   Code   RO          866    i.BusFault_Handler  stm32f1xx_it.o
    0x08000430   0x08000430   0x00000010   Code   RO          562    i.Center_Pos_Set    sensor_basic.o
    0x08000440   0x08000440   0x000000a0   Code   RO          656    i.DataTrans         dt.o
    0x080004e0   0x080004e0   0x00000002   Code   RO          867    i.DebugMon_Handler  stm32f1xx_it.o
    0x080004e2   0x080004e2   0x00000002   PAD
    0x080004e4   0x080004e4   0x000000ec   Code   RO          723    i.Drv_Icm20602Init  icm20602.o
    0x080005d0   0x080005d0   0x00000018   Code   RO          724    i.Drv_Icm20602_Read  icm20602.o
    0x080005e8   0x080005e8   0x0000001c   Code   RO          683    i.Drv_Spi0Receive   drv_spi.o
    0x08000604   0x08000604   0x00000020   Code   RO          684    i.Drv_Spi0SingleWirteAndRead  drv_spi.o
    0x08000624   0x08000624   0x00000006   Code   RO          868    i.EXTI4_IRQHandler  stm32f1xx_it.o
    0x0800062a   0x0800062a   0x00000002   PAD
    0x0800062c   0x0800062c   0x0000002c   Code   RO          477    i.GetSysRunTimeUs   scheduler.o
    0x08000658   0x08000658   0x00000098   Code   RO         2112    i.HAL_DMA_Abort_IT  stm32f1xx_hal_dma.o
    0x080006f0   0x080006f0   0x00000024   Code   RO         1754    i.HAL_Delay         stm32f1xx_hal.o
    0x08000714   0x08000714   0x0000000a   Code   RO          725    i.HAL_GPIO_EXTI_Callback  icm20602.o
    0x0800071e   0x0800071e   0x00000002   PAD
    0x08000720   0x08000720   0x00000018   Code   RO         2046    i.HAL_GPIO_EXTI_IRQHandler  stm32f1xx_hal_gpio.o
    0x08000738   0x08000738   0x000001bc   Code   RO         2047    i.HAL_GPIO_Init     stm32f1xx_hal_gpio.o
    0x080008f4   0x080008f4   0x0000000a   Code   RO         2051    i.HAL_GPIO_WritePin  stm32f1xx_hal_gpio.o
    0x080008fe   0x080008fe   0x00000002   PAD
    0x08000900   0x08000900   0x0000000c   Code   RO         1758    i.HAL_GetTick       stm32f1xx_hal.o
    0x0800090c   0x0800090c   0x00000010   Code   RO         1762    i.HAL_IncTick       stm32f1xx_hal.o
    0x0800091c   0x0800091c   0x00000024   Code   RO         1763    i.HAL_Init          stm32f1xx_hal.o
    0x08000940   0x08000940   0x00000040   Code   RO         1764    i.HAL_InitTick      stm32f1xx_hal.o
    0x08000980   0x08000980   0x00000090   Code   RO          954    i.HAL_MspInit       stm32f1xx_hal_msp.o
    0x08000a10   0x08000a10   0x00000016   Code   RO         2207    i.HAL_NVIC_EnableIRQ  stm32f1xx_hal_cortex.o
    0x08000a26   0x08000a26   0x00000002   PAD
    0x08000a28   0x08000a28   0x00000040   Code   RO         2213    i.HAL_NVIC_SetPriority  stm32f1xx_hal_cortex.o
    0x08000a68   0x08000a68   0x00000024   Code   RO         2214    i.HAL_NVIC_SetPriorityGrouping  stm32f1xx_hal_cortex.o
    0x08000a8c   0x08000a8c   0x00000154   Code   RO         1907    i.HAL_RCC_ClockConfig  stm32f1xx_hal_rcc.o
    0x08000be0   0x08000be0   0x0000000c   Code   RO         1912    i.HAL_RCC_GetHCLKFreq  stm32f1xx_hal_rcc.o
    0x08000bec   0x08000bec   0x00000020   Code   RO         1914    i.HAL_RCC_GetPCLK1Freq  stm32f1xx_hal_rcc.o
    0x08000c0c   0x08000c0c   0x00000020   Code   RO         1915    i.HAL_RCC_GetPCLK2Freq  stm32f1xx_hal_rcc.o
    0x08000c2c   0x08000c2c   0x0000006c   Code   RO         1916    i.HAL_RCC_GetSysClockFreq  stm32f1xx_hal_rcc.o
    0x08000c98   0x08000c98   0x00000304   Code   RO         1919    i.HAL_RCC_OscConfig  stm32f1xx_hal_rcc.o
    0x08000f9c   0x08000f9c   0x00000082   Code   RO         1361    i.HAL_SPI_Init      stm32f1xx_hal_spi_ex.o
    0x0800101e   0x0800101e   0x00000002   PAD
    0x08001020   0x08001020   0x0000005c   Code   RO          956    i.HAL_SPI_MspInit   stm32f1xx_hal_msp.o
    0x0800107c   0x0800107c   0x000001d8   Code   RO         1058    i.HAL_SPI_TransmitReceive  stm32f1xx_hal_spi.o
    0x08001254   0x08001254   0x00000018   Code   RO         2216    i.HAL_SYSTICK_CLKSourceConfig  stm32f1xx_hal_cortex.o
    0x0800126c   0x0800126c   0x00000018   Code   RO          478    i.HAL_SYSTICK_Callback  scheduler.o
    0x08001284   0x08001284   0x00000028   Code   RO         2218    i.HAL_SYSTICK_Config  stm32f1xx_hal_cortex.o
    0x080012ac   0x080012ac   0x00000008   Code   RO         2219    i.HAL_SYSTICK_IRQHandler  stm32f1xx_hal_cortex.o
    0x080012b4   0x080012b4   0x00000002   Code   RO         1442    i.HAL_UART_ErrorCallback  stm32f1xx_hal_uart.o
    0x080012b6   0x080012b6   0x00000002   PAD
    0x080012b8   0x080012b8   0x00000110   Code   RO         1445    i.HAL_UART_IRQHandler  stm32f1xx_hal_uart.o
    0x080013c8   0x080013c8   0x00000062   Code   RO         1446    i.HAL_UART_Init     stm32f1xx_hal_uart.o
    0x0800142a   0x0800142a   0x00000002   PAD
    0x0800142c   0x0800142c   0x00000068   Code   RO          958    i.HAL_UART_MspInit  stm32f1xx_hal_msp.o
    0x08001494   0x08001494   0x00000002   Code   RO         1452    i.HAL_UART_RxCpltCallback  stm32f1xx_hal_uart.o
    0x08001496   0x08001496   0x000000ba   Code   RO         1454    i.HAL_UART_Transmit  stm32f1xx_hal_uart.o
    0x08001550   0x08001550   0x00000002   Code   RO         1457    i.HAL_UART_TxCpltCallback  stm32f1xx_hal_uart.o
    0x08001552   0x08001552   0x00000002   Code   RO          869    i.HardFault_Handler  stm32f1xx_it.o
    0x08001554   0x08001554   0x00000068   Code   RO          726    i.ICM_Get_Data      icm20602.o
    0x080015bc   0x080015bc   0x00000048   Code   RO          120    i.IMU_Update_Task   datacal.o
    0x08001604   0x08001604   0x000005d0   Code   RO          285    i.IMU_update        imu.o
    0x08001bd4   0x08001bd4   0x00000010   Code   RO          479    i.INT_1ms_Task      scheduler.o
    0x08001be4   0x08001be4   0x00000002   Code   RO          480    i.Loop_Task_1       scheduler.o
    0x08001be6   0x08001be6   0x00000004   Code   RO          481    i.Loop_Task_2       scheduler.o
    0x08001bea   0x08001bea   0x00000002   Code   RO          482    i.Loop_Task_5       scheduler.o
    0x08001bec   0x08001bec   0x0000002c   Code   RO          483    i.Loop_Task_8       scheduler.o
    0x08001c18   0x08001c18   0x00000002   Code   RO          484    i.Loop_Task_9       scheduler.o
    0x08001c1a   0x08001c1a   0x00000002   PAD
    0x08001c1c   0x08001c1c   0x00000124   Code   RO          563    i.MPU6050_Data_Offset  sensor_basic.o
    0x08001d40   0x08001d40   0x000000cc   Code   RO          808    i.MX_GPIO_Init      main.o
    0x08001e0c   0x08001e0c   0x00000040   Code   RO          809    i.MX_SPI2_Init      main.o
    0x08001e4c   0x08001e4c   0x00000070   Code   RO          485    i.Main_Task         scheduler.o
    0x08001ebc   0x08001ebc   0x00000002   Code   RO          870    i.MemManage_Handler  stm32f1xx_it.o
    0x08001ebe   0x08001ebe   0x00000002   Code   RO          871    i.NMI_Handler       stm32f1xx_it.o
    0x08001ec0   0x08001ec0   0x00000020   Code   RO         2220    i.NVIC_SetPriority  stm32f1xx_hal_cortex.o
    0x08001ee0   0x08001ee0   0x00000002   Code   RO          872    i.PendSV_Handler    stm32f1xx_it.o
    0x08001ee2   0x08001ee2   0x00000020   Code   RO         1073    i.SPI_CheckFlag_BSY  stm32f1xx_hal_spi.o
    0x08001f02   0x08001f02   0x00000096   Code   RO         1092    i.SPI_WaitFlagStateUntilTimeout  stm32f1xx_hal_spi.o
    0x08001f98   0x08001f98   0x00000002   Code   RO          873    i.SVC_Handler       stm32f1xx_it.o
    0x08001f9a   0x08001f9a   0x00000002   PAD
    0x08001f9c   0x08001f9c   0x00000018   Code   RO          564    i.Sensor_Basic_Init  sensor_basic.o
    0x08001fb4   0x08001fb4   0x00000294   Code   RO          565    i.Sensor_Data_Prepare  sensor_basic.o
    0x08002248   0x08002248   0x00000004   Code   RO          121    i.Sensor_Get        datacal.o
    0x0800224c   0x0800224c   0x0000000e   Code   RO          874    i.SysTick_Handler   stm32f1xx_it.o
    0x0800225a   0x0800225a   0x00000068   Code   RO          810    i.SystemClock_Config  main.o
    0x080022c2   0x080022c2   0x00000002   PAD
    0x080022c4   0x080022c4   0x00000048   Code   RO         2636    i.SystemInit        system_stm32f1xx.o
    0x0800230c   0x0800230c   0x00000010   Code   RO         1459    i.UART_DMAAbortOnError  stm32f1xx_hal_uart.o
    0x0800231c   0x0800231c   0x0000001c   Code   RO         1469    i.UART_EndRxTransfer  stm32f1xx_hal_uart.o
    0x08002338   0x08002338   0x00000096   Code   RO         1471    i.UART_Receive_IT   stm32f1xx_hal_uart.o
    0x080023ce   0x080023ce   0x00000002   PAD
    0x080023d0   0x080023d0   0x00000170   Code   RO         1472    i.UART_SetConfig    stm32f1xx_hal_uart.o
    0x08002540   0x08002540   0x00000062   Code   RO         1473    i.UART_Transmit_IT  stm32f1xx_hal_uart.o
    0x080025a2   0x080025a2   0x00000064   Code   RO         1474    i.UART_WaitOnFlagUntilTimeout  stm32f1xx_hal_uart.o
    0x08002606   0x08002606   0x00000002   PAD
    0x08002608   0x08002608   0x0000000c   Code   RO          875    i.USART1_IRQHandler  stm32f1xx_it.o
    0x08002614   0x08002614   0x00000002   Code   RO          876    i.UsageFault_Handler  stm32f1xx_it.o
    0x08002616   0x08002616   0x0000000e   Code   RO         2734    i.__scatterload_copy  mc_w.l(handlers.o)
    0x08002624   0x08002624   0x00000002   Code   RO         2735    i.__scatterload_null  mc_w.l(handlers.o)
    0x08002626   0x08002626   0x0000000e   Code   RO         2736    i.__scatterload_zeroinit  mc_w.l(handlers.o)
    0x08002634   0x08002634   0x00000090   Code   RO          287    i.calculate_RPY     imu.o
    0x080026c4   0x080026c4   0x000000f4   Code   RO          343    i.fast_atan2        math.o
    0x080027b8   0x080027b8   0x00000014   Code   RO          728    i.icm20602_enable   icm20602.o
    0x080027cc   0x080027cc   0x0000003c   Code   RO          729    i.icm20602_readbuf  icm20602.o
    0x08002808   0x08002808   0x00000038   Code   RO          730    i.icm20602_setIntEnabled  icm20602.o
    0x08002840   0x08002840   0x00000034   Code   RO          731    i.icm20602_writeBit  icm20602.o
    0x08002874   0x08002874   0x00000026   Code   RO          732    i.icm20602_writebyte  icm20602.o
    0x0800289a   0x0800289a   0x00000002   PAD
    0x0800289c   0x0800289c   0x00000050   Code   RO          813    i.main              main.o
    0x080028ec   0x080028ec   0x000000a4   Code   RO          566    i.motionless_check  sensor_basic.o
    0x08002990   0x08002990   0x00000090   Code   RO          567    i.mpu_auto_az       sensor_basic.o
    0x08002a20   0x08002a20   0x0000000c   Code   RO          348    i.my_abs            math.o
    0x08002a2c   0x08002a2c   0x00000012   Code   RO          354    i.my_sqrt           math.o
    0x08002a3e   0x08002a3e   0x00000002   PAD
    0x08002a40   0x08002a40   0x00000058   Code   RO          355    i.my_sqrt_reciprocal  math.o
    0x08002a98   0x08002a98   0x00000042   Code   RO          289    i.w2h_2d_trans      imu.o
    0x08002ada   0x08002ada   0x00000002   PAD
    0x08002adc   0x08002adc   0x00000404   Data   RO          361    .constdata          math.o
    0x08002ee0   0x08002ee0   0x00000010   Data   RO         2637    .constdata          system_stm32f1xx.o
    0x08002ef0   0x08002ef0   0x00000008   Data   RO         2638    .constdata          system_stm32f1xx.o
    0x08002ef8   0x08002ef8   0x00000020   Data   RO         2732    Region$$Table       anon$$obj.o


    Execution Region RW_IRAM1 (Exec base: 0x20000000, Load base: 0x08002f18, Size: 0x000008a8, Max: 0x00005000, ABSOLUTE, COMPRESSED[0x00000040])

    Exec Addr    Load Addr    Size         Type   Attr      Idx    E Section Name        Object

    0x20000000   COMPRESSED   0x00000003   Data   RW           14    .data               data.o
    0x20000003   COMPRESSED   0x00000001   PAD
    0x20000004   COMPRESSED   0x00000120   Data   RW          292    .data               imu.o
    0x20000124   COMPRESSED   0x00000018   Data   RW          293    .data               imu.o
    0x2000013c   COMPRESSED   0x00000004   PAD
    0x20000140   COMPRESSED   0x0000004c   Data   RW          486    .data               scheduler.o
    0x2000018c   COMPRESSED   0x00000024   Data   RW          569    .data               sensor_basic.o
    0x200001b0   COMPRESSED   0x00000001   Data   RW          735    .data               icm20602.o
    0x200001b1   COMPRESSED   0x00000003   PAD
    0x200001b4   COMPRESSED   0x0000000c   Data   RW         1770    .data               stm32f1xx_hal.o
    0x200001c0   COMPRESSED   0x00000004   Data   RW         2639    .data               system_stm32f1xx.o
    0x200001c4        -       0x00000040   Zero   RW           13    .bss                data.o
    0x20000204        -       0x0000003c   Zero   RW          290    .bss                imu.o
    0x20000240        -       0x0000015c   Zero   RW          568    .bss                sensor_basic.o
    0x2000039c        -       0x00000064   Zero   RW          657    .bss                dt.o
    0x20000400        -       0x0000000e   Zero   RW          733    .bss                icm20602.o
    0x2000040e   COMPRESSED   0x00000002   PAD
    0x20000410        -       0x00000098   Zero   RW          814    .bss                main.o
    0x200004a8        -       0x00000400   Zero   RW            1    STACK               startup_stm32f103xb.o


==============================================================================

Image component sizes


      Code (inc. data)   RO Data    RW Data    ZI Data      Debug   Object Name

         0          0          0          3         64     413936   data.o
        76         28          0          0          0        955   datacal.o
        60          6          0          0          0       1523   drv_spi.o
       160         16          0          0        100       1315   dt.o
       600         34          0          1         14       6027   icm20602.o
      1698         52          0        312         60       5201   imu.o
       452         38          0          0        152       3260   main.o
       362         32       1028          0          0       3393   math.o
       250         38          0         76          0       5384   scheduler.o
      1300         84          0         36        348       6903   sensor_basic.o
        36          8        236          0       1024        812   startup_stm32f103xb.o
       164         28          0         12          0       3933   stm32f1xx_hal.o
       226         14          0          0          0      26994   stm32f1xx_hal_cortex.o
       152          4          0          0          0       1127   stm32f1xx_hal_dma.o
       478         42          0          0          0       3527   stm32f1xx_hal_gpio.o
       340         36          0          0          0       2267   stm32f1xx_hal_msp.o
      1296        104          0          0          0       5732   stm32f1xx_hal_rcc.o
       654          0          0          0          0       3662   stm32f1xx_hal_spi.o
       130          0          0          0          0       1091   stm32f1xx_hal_spi_ex.o
      1322         10          0          0          0       9231   stm32f1xx_hal_uart.o
        48          6          0          0          0       4817   stm32f1xx_it.o
        72         16         24          4          0       1199   system_stm32f1xx.o

    ----------------------------------------------------------------------
      9908        596       1320        452       1764     512289   Object Totals
         0          0         32          0          0          0   (incl. Generated)
        32          0          0          8          2          0   (incl. Padding)

    ----------------------------------------------------------------------

      Code (inc. data)   RO Data    RW Data    ZI Data      Debug   Library Member Name

        86          0          0          0          0          0   __dczerorl2.o
         0          0          0          0          0          0   entry.o
         0          0          0          0          0          0   entry10a.o
         0          0          0          0          0          0   entry11a.o
         8          4          0          0          0          0   entry2.o
         4          0          0          0          0          0   entry5.o
         0          0          0          0          0          0   entry7b.o
         0          0          0          0          0          0   entry8b.o
         8          4          0          0          0          0   entry9a.o
        30          0          0          0          0          0   handlers.o
        36          8          0          0          0         68   init.o
         0          0          0          0          0          0   iusefp.o
        20          0          0          0          0         68   cfcmple.o
        20          0          0          0          0         68   cfrcmple.o
       176          0          0          0          0        140   fadd.o
       124          0          0          0          0         88   fdiv.o
       110          0          0          0          0        168   fepilogue.o
        50          0          0          0          0         68   ffixi.o
        18          0          0          0          0         68   fflti.o
        10          0          0          0          0         68   ffltui.o
       100          0          0          0          0         76   fmul.o
        24          0          0          0          0         68   fscalb.o

    ----------------------------------------------------------------------
       828         16          0          0          0        948   Library Totals
         4          0          0          0          0          0   (incl. Padding)

    ----------------------------------------------------------------------

      Code (inc. data)   RO Data    RW Data    ZI Data      Debug   Library Name

       172         16          0          0          0         68   mc_w.l
       652          0          0          0          0        880   mf_w.l

    ----------------------------------------------------------------------
       828         16          0          0          0        948   Library Totals

    ----------------------------------------------------------------------

==============================================================================


      Code (inc. data)   RO Data    RW Data    ZI Data      Debug   

     10736        612       1320        452       1764     508425   Grand Totals
     10736        612       1320         64       1764     508425   ELF Image Totals (compressed)
     10736        612       1320         64          0          0   ROM Totals

==============================================================================

    Total RO  Size (Code + RO Data)                12056 (  11.77kB)
    Total RW  Size (RW Data + ZI Data)              2216 (   2.16kB)
    Total ROM Size (Code + RO Data + RW Data)      12120 (  11.84kB)

==============================================================================

